 nid_cvst_corner_detection_sfun

 Timestamp is 52faa9b3 (Wed Feb 12 05:52:35 2014)

 Preferred load address is 10000000

 Start         Length     Name                   Class
 0001:00000000 0002c834H .text                   CODE
 0002:00000000 00000244H .idata$5                DATA
 0002:00000244 00000004H .CRT$XCA                DATA
 0002:00000248 00000004H .CRT$XCZ                DATA
 0002:0000024c 00000004H .CRT$XIA                DATA
 0002:00000250 00000004H .CRT$XIAA               DATA
 0002:00000254 00000004H .CRT$XIC                DATA
 0002:00000258 00000004H .CRT$XIZ                DATA
 0002:00000260 000045a0H .rdata                  DATA
 0002:00004800 00000004H .rdata$sxdata           DATA
 0002:00004804 00000004H .rtc$IAA                DATA
 0002:00004808 00000004H .rtc$IZZ                DATA
 0002:0000480c 00000004H .rtc$TAA                DATA
 0002:00004810 00000004H .rtc$TZZ                DATA
 0002:00004818 00000064H .xdata$x                DATA
 0002:0000487c 0000008cH .idata$2                DATA
 0002:00004908 00000014H .idata$3                DATA
 0002:0000491c 00000244H .idata$4                DATA
 0002:00004b60 00000ab0H .idata$6                DATA
 0002:00005610 00000064H .edata                  DATA
 0003:00000000 00001490H .data                   DATA
 0003:000014a0 0151a0c8H .bss                    DATA

  Address         Publics by Value              Rva+Base       Lib:Object

 0000:00000000       __except_list              00000000     <absolute>
 0000:00000001       ___safe_se_handler_count   00000001     <absolute>
 0000:00009876       __fltused                  00009876     <absolute>
 0000:00009876       __ldused                   00009876     <absolute>
 0000:00000000       ___ImageBase               10000000     <linker-defined>
 0001:00000000       _sf_c2_nid_cvst_corner_detection_get_eml_resolved_functions_info 10001000 f   c2_nid_cvst_corner_detection.obj
 0001:00000050       _sf_c2_nid_cvst_corner_detection_get_check_sum 10001050 f   c2_nid_cvst_corner_detection.obj
 0001:000000b0       _sf_c2_nid_cvst_corner_detection_get_autoinheritance_info 100010b0 f   c2_nid_cvst_corner_detection.obj
 0001:000004d0       _sf_c2_nid_cvst_corner_detection_third_party_uses_info 100014d0 f   c2_nid_cvst_corner_detection.obj
 0001:000004f0       _sf_internal_get_sim_state_c2_nid_cvst_corner_detection 100014f0 f   c2_nid_cvst_corner_detection.obj
 0001:00000890       _sf_internal_set_sim_state_c2_nid_cvst_corner_detection 10001890 f   c2_nid_cvst_corner_detection.obj
 0001:00000e40       _c2_nid_cvst_corner_detection_method_dispatcher 10001e40 f   c2_nid_cvst_corner_detection.obj
 0001:00003690       _sf_process_check_sum_call 10004690 f   nid_cvst_corner_detection_sfun_registry.obj
 0001:000036c0       _sf_process_autoinheritance_call 100046c0 f   nid_cvst_corner_detection_sfun_registry.obj
 0001:00003800       _sf_process_get_third_party_uses_info_call 10004800 f   nid_cvst_corner_detection_sfun_registry.obj
 0001:00003940       _sf_process_get_eml_resolved_functions_info_call 10004940 f   nid_cvst_corner_detection_sfun_registry.obj
 0001:00003a60       _sf_mex_unlock_call        10004a60 f   nid_cvst_corner_detection_sfun_registry.obj
 0001:00003af0       _sf_machine_global_initializer_called 10004af0 f   nid_cvst_corner_detection_sfun_registry.obj
 0001:00003b10       _sf_machine_global_method_dispatcher 10004b10 f   nid_cvst_corner_detection_sfun_registry.obj
 0001:00003b50       _sf_machine_global_terminator 10004b50 f   nid_cvst_corner_detection_sfun_registry.obj
 0001:00003b90       _sf_register_machine_exported_symbols 10004b90 f   nid_cvst_corner_detection_sfun_registry.obj
 0001:00003bb0       _callCustomFcn             10004bb0 f   nid_cvst_corner_detection_sfun_registry.obj
 0001:00003bc0       _sf_machine_global_initializer 10004bc0 f   nid_cvst_corner_detection_sfun_registry.obj
 0001:00003c30       __ssSetStateAbsTol         10004c30 f   nid_cvst_corner_detection_sfun_registry.obj
 0001:00003cd0       __ssGetAbsTol              10004cd0 f   nid_cvst_corner_detection_sfun_registry.obj
 0001:00003d20       __ssSetInputPortMatrixDimensions 10004d20 f   nid_cvst_corner_detection_sfun_registry.obj
 0001:00003dd0       __ssSetOutputPortMatrixDimensions 10004dd0 f   nid_cvst_corner_detection_sfun_registry.obj
 0001:00003e80       __ssSetInputPortVectorDimension 10004e80 f   nid_cvst_corner_detection_sfun_registry.obj
 0001:00003f00       __ssSetOutputPortVectorDimension 10004f00 f   nid_cvst_corner_detection_sfun_registry.obj
 0001:00003f80       _ssIsRunTimeParamTunable   10004f80 f   nid_cvst_corner_detection_sfun_registry.obj
 0001:00003fe0       _ssGetSFuncBlockHandle     10004fe0 f   nid_cvst_corner_detection_sfun_registry.obj
 0001:00004030       __ssGetCurrentInputPortWidth 10005030 f   nid_cvst_corner_detection_sfun_registry.obj
 0001:00004100       __ssGetCurrentOutputPortWidth 10005100 f   nid_cvst_corner_detection_sfun_registry.obj
 0001:000041d0       __ssGetCallSystemNumFcnCallDestinations 100051d0 f   nid_cvst_corner_detection_sfun_registry.obj
 0001:00004230       _ssWarning                 10005230 f   nid_cvst_corner_detection_sfun_registry.obj
 0001:00004310       _ssGetIsZeroCrossControlDisabled 10005310 f   nid_cvst_corner_detection_sfun_registry.obj
 0001:00004370       _ssSetIsInputPortUsedForContZcSignal 10005370 f   nid_cvst_corner_detection_sfun_registry.obj
 0001:000043c0       _ssSetZcSignalIsZcElementDisc 100053c0 f   nid_cvst_corner_detection_sfun_registry.obj
 0001:00004440       _ssSetZcSignalName         10005440 f   nid_cvst_corner_detection_sfun_registry.obj
 0001:00004490       _ssSetZcSignalWidth        10005490 f   nid_cvst_corner_detection_sfun_registry.obj
 0001:000044e0       _ssSetZcSignalZcEventType  100054e0 f   nid_cvst_corner_detection_sfun_registry.obj
 0001:00004530       _ssSetZcSignalType         10005530 f   nid_cvst_corner_detection_sfun_registry.obj
 0001:00004580       _ssSetZcSignalZcTol        10005580 f   nid_cvst_corner_detection_sfun_registry.obj
 0001:000045d0       _ssSetZcSignalNeedsEventNotification 100055d0 f   nid_cvst_corner_detection_sfun_registry.obj
 0001:00004620       _ssCreateAndAddZcSignalInfo 10005620 f   nid_cvst_corner_detection_sfun_registry.obj
 0001:00004680       _ssCloneAndAddZcSignalInfo 10005680 f   nid_cvst_corner_detection_sfun_registry.obj
 0001:000046e0       _ssGetNumZcSignals         100056e0 f   nid_cvst_corner_detection_sfun_registry.obj
 0001:00004740       _ssGetZcSignalVector       10005740 f   nid_cvst_corner_detection_sfun_registry.obj
 0001:000047a0       _ssGetZcSignalZcEvents     100057a0 f   nid_cvst_corner_detection_sfun_registry.obj
 0001:00004800       _ssGetZcSignalName         10005800 f   nid_cvst_corner_detection_sfun_registry.obj
 0001:00004860       _ssGetZcSignalWidth        10005860 f   nid_cvst_corner_detection_sfun_registry.obj
 0001:000048c0       _ssGetZcSignalZcEventType  100058c0 f   nid_cvst_corner_detection_sfun_registry.obj
 0001:00004920       _ssGetZcSignalType         10005920 f   nid_cvst_corner_detection_sfun_registry.obj
 0001:00004980       _ssGetZcSignalZcTol        10005980 f   nid_cvst_corner_detection_sfun_registry.obj
 0001:000049e0       _ssGetZcSignalNeedsEventNotification 100059e0 f   nid_cvst_corner_detection_sfun_registry.obj
 0001:00004a40       _ssGetZcSignalIsZcElementDisc 10005a40 f   nid_cvst_corner_detection_sfun_registry.obj
 0001:00004ac0       _ssGetIsInputPortElementContinuous 10005ac0 f   nid_cvst_corner_detection_sfun_registry.obj
 0001:00004b40       __ssGetInputPortSignalPtrsFcn 10005b40 f   nid_cvst_corner_detection_sfun_registry.obj
 0001:00004d40       __ssGetInputPortSignalFcn  10005d40 f   nid_cvst_corner_detection_sfun_registry.obj
 0001:00004ed0       __ssSetInputPortDirectFeedThroughFcn 10005ed0 f   nid_cvst_corner_detection_sfun_registry.obj
 0001:00005000       __ssSetInputPortReusableFcn 10006000 f   nid_cvst_corner_detection_sfun_registry.obj
 0001:00005090       __ssSetOutputPortReusableFcn 10006090 f   nid_cvst_corner_detection_sfun_registry.obj
 0001:00005120       _ssGetDTypeIdFromMxArray   10006120 f   nid_cvst_corner_detection_sfun_registry.obj
 0001:00005210       _ssWriteRTWStr             10006210 f   nid_cvst_corner_detection_sfun_registry.obj
 0001:00005250       _ssWriteRTWMxVectParam     10006250 f   nid_cvst_corner_detection_sfun_registry.obj
 0001:00005290       _ssWriteRTWMx2dMatParam    10006290 f   nid_cvst_corner_detection_sfun_registry.obj
 0001:000052d0       _ssWriteRTWNameValuePair   100062d0 f   nid_cvst_corner_detection_sfun_registry.obj
 0001:00005640       _ssWriteRTWParameters      10006640 f   nid_cvst_corner_detection_sfun_registry.obj
 0001:000059e0       _ssWriteRTWParamSettings   100069e0 f   nid_cvst_corner_detection_sfun_registry.obj
 0001:00005e90       _ssWriteRTWWorkVect        10006e90 f   nid_cvst_corner_detection_sfun_registry.obj
 0001:00006220       _mexFunction               10007220 f   nid_cvst_corner_detection_sfun_registry.obj
 0001:000079a0       _ProcessMexSfunctionEveryCall 100089a0 f   nid_cvst_corner_detection_sfun_registry.obj
 0001:00007ab0       _nid_cvst_corner_detection_initializer 10008ab0 f   nid_cvst_corner_detection_sfun.obj
 0001:00007ac0       _nid_cvst_corner_detection_terminator 10008ac0 f   nid_cvst_corner_detection_sfun.obj
 0001:00007ad0       _sf_nid_cvst_corner_detection_method_dispatcher 10008ad0 f   nid_cvst_corner_detection_sfun.obj
 0001:00007b00       _sf_nid_cvst_corner_detection_process_check_sum_call 10008b00 f   nid_cvst_corner_detection_sfun.obj
 0001:00007eb0       _sf_nid_cvst_corner_detection_autoinheritance_info 10008eb0 f   nid_cvst_corner_detection_sfun.obj
 0001:00007fd0       _sf_nid_cvst_corner_detection_get_eml_resolved_functions_info 10008fd0 f   nid_cvst_corner_detection_sfun.obj
 0001:000080c0       _sf_nid_cvst_corner_detection_third_party_uses_info 100090c0 f   nid_cvst_corner_detection_sfun.obj
 0001:000081f0       _nid_cvst_corner_detection_debug_initialize 100091f0 f   nid_cvst_corner_detection_sfun.obj
 0001:00008250       _nid_cvst_corner_detection_register_exported_symbols 10009250 f   nid_cvst_corner_detection_sfun.obj
 0001:00008260       _load_nid_cvst_corner_detection_optimization_info 10009260 f   nid_cvst_corner_detection_sfun.obj
 0001:000082a0       _unload_nid_cvst_corner_detection_optimization_info 100092a0 f   nid_cvst_corner_detection_sfun.obj
 0001:00008370       _sf_mex_mx_is_numeric      10009370 f   sfc_mexmsvc80:sfc_mex.obj
 0001:000083b0       _strcmp_ignore_ws          100093b0 f   sfc_mexmsvc80:sfc_mex.obj
 0001:000084d0       _sf_mex_duplicatearraysafe 100094d0 f   sfc_mexmsvc80:sfc_mex.obj
 0001:000086b0       _sf_set_error_debugger_context_message_fcn 100096b0 f   sfc_mexmsvc80:sfc_mex.obj
 0001:000086d0       _sf_set_debugger_matlab_error_fcn 100096d0 f   sfc_mexmsvc80:sfc_mex.obj
 0001:00008700       _sf_set_error_prefix_string 10009700 f   sfc_mexmsvc80:sfc_mex.obj
 0001:00008730       _sf_get_error_prefix_string 10009730 f   sfc_mexmsvc80:sfc_mex.obj
 0001:00008740       _sf_mex_enter_parallel_region 10009740 f   sfc_mexmsvc80:sfc_mex.obj
 0001:00008750       _sf_mex_exit_parallel_region 10009750 f   sfc_mexmsvc80:sfc_mex.obj
 0001:00008760       _sf_get_current_jmp_buf_ptr 10009760 f   sfc_mexmsvc80:sfc_mex.obj
 0001:00008770       _sf_set_current_jmp_buf_ptr 10009770 f   sfc_mexmsvc80:sfc_mex.obj
 0001:00008780       _sf_mex_set_halt_simulation 10009780 f   sfc_mexmsvc80:sfc_mex.obj
 0001:00008790       _sf_mex_get_halt_simulation 10009790 f   sfc_mexmsvc80:sfc_mex.obj
 0001:000087a0       _sf_mex_clear_error_message 100097a0 f   sfc_mexmsvc80:sfc_mex.obj
 0001:000087c0       _sf_mex_get_error_message_for_read 100097c0 f   sfc_mexmsvc80:sfc_mex.obj
 0001:000087d0       _sf_mex_get_error_message_buffer_length 100097d0 f   sfc_mexmsvc80:sfc_mex.obj
 0001:000088a0       _sf_mex_warning_message    100098a0 f   sfc_mexmsvc80:sfc_mex.obj
 0001:000088f0       _sf_mex_v_errbuf_createf   100098f0 f   sfc_mexmsvc80:sfc_mex.obj
 0001:00008910       _sf_mex_errbuf_createf     10009910 f   sfc_mexmsvc80:sfc_mex.obj
 0001:00008930       _sf_mex_v_errbuf_catf      10009930 f   sfc_mexmsvc80:sfc_mex.obj
 0001:00008970       _sf_mex_errbuf_catf        10009970 f   sfc_mexmsvc80:sfc_mex.obj
 0001:000089b0       _sf_mex_errbuf_copy        100099b0 f   sfc_mexmsvc80:sfc_mex.obj
 0001:000089d0       _sf_mex_errbuf_clear       100099d0 f   sfc_mexmsvc80:sfc_mex.obj
 0001:000089e0       _sf_mex_errbuf_isempty     100099e0 f   sfc_mexmsvc80:sfc_mex.obj
 0001:00008a70       _sf_mex_set_error_status   10009a70 f   sfc_mexmsvc80:sfc_mex.obj
 0001:00008aa0       _sf_mex_error_direct_call  10009aa0 f   sfc_mexmsvc80:sfc_mex.obj
 0001:00008ac0       _sf_mex_error_message_no_long_jump 10009ac0 f   sfc_mexmsvc80:sfc_mex.obj
 0001:00008af0       _sf_mex_long_jump_on_error 10009af0 f   sfc_mexmsvc80:sfc_mex.obj
 0001:00008b20       _sf_mex_call_matlab        10009b20 f   sfc_mexmsvc80:sfc_mex.obj
 0001:00008bf0       _sf_mex_check_builtin      10009bf0 f   sfc_mexmsvc80:sfc_mex.obj
 0001:00008c50       _sf_mex_check_builtin_vs   10009c50 f   sfc_mexmsvc80:sfc_mex.obj
 0001:00008cb0       _sf_mex_check_enum         10009cb0 f   sfc_mexmsvc80:sfc_mex.obj
 0001:00008d00       _sf_mex_create_enum        10009d00 f   sfc_mexmsvc80:sfc_mex.obj
 0001:00008d50       _sf_mex_get_enum_element   10009d50 f   sfc_mexmsvc80:sfc_mex.obj
 0001:00008d60       _sf_mex_createcellarray    10009d60 f   sfc_mexmsvc80:sfc_mex.obj
 0001:00008d80       _sf_mex_setcell            10009d80 f   sfc_mexmsvc80:sfc_mex.obj
 0001:00008d90       _sf_mex_getcell            10009d90 f   sfc_mexmsvc80:sfc_mex.obj
 0001:00008da0       _sf_mex_dup                10009da0 f   sfc_mexmsvc80:sfc_mex.obj
 0001:00008dd0       _sf_mex_assign             10009dd0 f   sfc_mexmsvc80:sfc_mex.obj
 0001:00008e20       _sf_mex_destroy            10009e20 f   sfc_mexmsvc80:sfc_mex.obj
 0001:00008e40       _mx_array_has_fi_type      10009e40 f   sfc_mexmsvc80:sfc_mex.obj
 0001:00008e70       _sf_mex_convert_from_fi    10009e70 f   sfc_mexmsvc80:sfc_mex.obj
 0001:00008f50       _sf_mex_convert_to_double  10009f50 f   sfc_mexmsvc80:sfc_mex.obj
 0001:00008f90       _sf_mex_import_fi_vs       10009f90 f   sfc_mexmsvc80:sfc_mex.obj
 0001:000090f0       _sf_matrix_matrix_index_ok 1000a0f0 f   sfc_mexmsvc80:sfc_mex.obj
 0001:00009160       _sf_vector_vector_index_ok 1000a160 f   sfc_mexmsvc80:sfc_mex.obj
 0001:00009190       _ssGetCurrentInputPortDimensions_wrapper 1000a190 f   sfc_mexmsvc80:sfc_mex.obj
 0001:000091b0       _ssGetCurrentOutputPortDimensions_wrapper 1000a1b0 f   sfc_mexmsvc80:sfc_mex.obj
 0001:000091d0       _sf_mex_emlrt_context_is_debug_mode 1000a1d0 f   sfc_mexmsvc80:sfc_mex.obj
 0001:000091e0       _sf_mex_emlrt_context_set_debug_mode 1000a1e0 f   sfc_mexmsvc80:sfc_mex.obj
 0001:000091f0       _sf_mex_emlrtNameCapturePostProcessR2012a 1000a1f0 f   sfc_mexmsvc80:sfc_mex.obj
 0001:00009250       _sf_clear_error_manager_info 1000a250 f   sfc_mexmsvc80:sfc_mex.obj
 0001:000092a0       _sf_mex_stop_simulation_abruptly_wo_error 1000a2a0 f   sfc_mexmsvc80:sfc_mex.obj
 0001:000092d0       _sf_mex_error_message      1000a2d0 f   sfc_mexmsvc80:sfc_mex.obj
 0001:00009320       _sf_react_to_error_in_matlab_call 1000a320 f   sfc_mexmsvc80:sfc_mex.obj
 0001:00009350       _sf_mex_addfield           1000a350 f   sfc_mexmsvc80:sfc_mex.obj
 0001:000093d0       _sf_mex_getfield           1000a3d0 f   sfc_mexmsvc80:sfc_mex.obj
 0001:00009650       _sf_mex_check_class        1000a650 f   sfc_mexmsvc80:sfc_mex.obj
 0001:000096d0       _sf_mex_is_real            1000a6d0 f   sfc_mexmsvc80:sfc_mex.obj
 0001:000098e0       _sf_mex_decode_encoded_mx_struct_array 1000a8e0 f   sfc_mexmsvc80:sfc_mex.obj
 0001:00009a80       _sf_mex_lw_bounds_check    1000aa80 f   sfc_mexmsvc80:sfc_mex.obj
 0001:00009ab0       _sf_mex_lw_size_eq_check_1d 1000aab0 f   sfc_mexmsvc80:sfc_mex.obj
 0001:00009ad0       _sf_mex_lw_size_eq_check_nd 1000aad0 f   sfc_mexmsvc80:sfc_mex.obj
 0001:00009bb0       _sf_mex_lw_dim_size_eq_check 1000abb0 f   sfc_mexmsvc80:sfc_mex.obj
 0001:00009be0       _sf_mex_lw_dim_size_geq_check 1000abe0 f   sfc_mexmsvc80:sfc_mex.obj
 0001:00009c10       _sf_mex_lw_sub_assign_size_check_nd 1000ac10 f   sfc_mexmsvc80:sfc_mex.obj
 0001:00009d40       _sf_mex_lw_runtime_error_msgid 1000ad40 f   sfc_mexmsvc80:sfc_mex.obj
 0001:00009df0       _sf_mex_lw_matrix_matrix_index_check 1000adf0 f   sfc_mexmsvc80:sfc_mex.obj
 0001:00009e20       _sf_mex_lw_vector_vector_index_check 1000ae20 f   sfc_mexmsvc80:sfc_mex.obj
 0001:00009e60       _sf_mex_lw_for_loop_vector_check 1000ae60 f   sfc_mexmsvc80:sfc_mex.obj
 0001:00009ec0       _sf_mex_lw_non_negative_check 1000aec0 f   sfc_mexmsvc80:sfc_mex.obj
 0001:00009ef0       _sf_mex_overflow_error     1000aef0 f   sfc_mexmsvc80:sfc_mex.obj
 0001:00009f00       _sf_mex_dividebyzero_error 1000af00 f   sfc_mexmsvc80:sfc_mex.obj
 0001:00009f10       _sf_mex_unsafe_enum_error  1000af10 f   sfc_mexmsvc80:sfc_mex.obj
 0001:00009f20       _sf_emlrtErrHandler        1000af20 f   sfc_mexmsvc80:sfc_mex.obj
 0001:00009fe0       _sf_mex_size_one_check     1000afe0 f   sfc_mexmsvc80:sfc_mex.obj
 0001:0000a000       _sf_mex_printf             1000b000 f   sfc_mexmsvc80:sfc_mex.obj
 0001:0000a0e0       _sf_mex_check_size         1000b0e0 f   sfc_mexmsvc80:sfc_mex.obj
 0001:0000a360       _sf_mex_check_struct       1000b360 f   sfc_mexmsvc80:sfc_mex.obj
 0001:0000a5b0       _sf_mex_check_struct_vs    1000b5b0 f   sfc_mexmsvc80:sfc_mex.obj
 0001:0000a5f0       _sf_mex_check_fi           1000b5f0 f   sfc_mexmsvc80:sfc_mex.obj
 0001:0000a6c0       _sf_mex_check_fi_vs        1000b6c0 f   sfc_mexmsvc80:sfc_mex.obj
 0001:0000a710       _sf_echo_expression        1000b710 f   sfc_mexmsvc80:sfc_mex.obj
 0001:0000a760       _sf_assertion_failed       1000b760 f   sfc_mexmsvc80:sfc_mex.obj
 0001:0000a9f0       _sf_mex_evalin             1000b9f0 f   sfc_mexmsvc80:sfc_mex.obj
 0001:0000ac50       _sf_mex_export             1000bc50 f   sfc_mexmsvc80:sfc_mex.obj
 0001:0000ad00       _sf_mex_get_ml_var_no_error 1000bd00 f   sfc_mexmsvc80:sfc_mex.obj
 0001:0000ae60       _sf_mex_get_ml_var         1000be60 f   sfc_mexmsvc80:sfc_mex.obj
 0001:0000b330       _ml_set_element_value_in_array 1000c330 f   sfc_mexmsvc80:sfc_mex.obj
 0001:0000c460       _sf_mex_call_impl          1000d460 f   sfc_mexmsvc80:sfc_mex.obj
 0001:0000c800       _sf_mex_call_debug         1000d800 f   sfc_mexmsvc80:sfc_mex.obj
 0001:0000c820       _sf_mex_call               1000d820 f   sfc_mexmsvc80:sfc_mex.obj
 0001:0000cf30       _sf_mex_createstruct       1000df30 f   sfc_mexmsvc80:sfc_mex.obj
 0001:0000cfd0       _sf_mex_createstructarray  1000dfd0 f   sfc_mexmsvc80:sfc_mex.obj
 0001:0000d030       _sf_mex_get_mx_datatype_from_sf_datatype 1000e030 f   sfc_mexmsvc80:sfc_mex.obj
 0001:0000d2c0       _sf_mex_ml_var_sub         1000e2c0 f   sfc_mexmsvc80:sfc_mex.obj
 0001:0000d430       _sf_mex_ml_var_subsasgn    1000e430 f   sfc_mexmsvc80:sfc_mex.obj
 0001:0000d740       _sf_mex_sub                1000e740 f   sfc_mexmsvc80:sfc_mex.obj
 0001:0000d8e0       _sf_mex_subsasgn           1000e8e0 f   sfc_mexmsvc80:sfc_mex.obj
 0001:0000dcd0       _sf_mex_create             1000ecd0 f   sfc_mexmsvc80:sfc_mex.obj
 0001:0000e5c0       _sf_mex_import_named       1000f5c0 f   sfc_mexmsvc80:sfc_mex.obj
 0001:0000e610       _sf_mex_import             1000f610 f   sfc_mexmsvc80:sfc_mex.obj
 0001:0000e650       _sf_mex_import_vs          1000f650 f   sfc_mexmsvc80:sfc_mex.obj
 0001:0000e6e0       _sf_mex_lower_fixpt_mx_array 1000f6e0 f   sfc_mexmsvc80:sfc_mex.obj
 0001:0000e8b0       _sf_send_message_wrapper   1000f8b0 f   sfc_mexmsvc80:sfc_sf.obj
 0001:0000e8e0       _sf_receive_message_wrapper 1000f8e0 f   sfc_mexmsvc80:sfc_sf.obj
 0001:0000e920       _sf_check_out_message_wrapper 1000f920 f   sfc_mexmsvc80:sfc_sf.obj
 0001:0000e960       _sf_check_in_message_wrapper 1000f960 f   sfc_mexmsvc80:sfc_sf.obj
 0001:0000e9a0       _sf_no_message_wrapper     1000f9a0 f   sfc_mexmsvc80:sfc_sf.obj
 0001:0000ec10       _sim_mode_is_rtw_gen       1000fc10 f   sfc_mexmsvc80:sfc_sf.obj
 0001:0000ec50       _sim_mode_is_external      1000fc50 f   sfc_mexmsvc80:sfc_sf.obj
 0001:0000ec70       _sim_mode_is_modelref_sim  1000fc70 f   sfc_mexmsvc80:sfc_sf.obj
 0001:0000eca0       _mdlInitializeSizes        1000fca0 f   sfc_mexmsvc80:sfc_sf.obj
 0001:0000ecc0       _mdlInitializeSampleTimes  1000fcc0 f   sfc_mexmsvc80:sfc_sf.obj
 0001:0000ed00       _mdlZeroCrossings          1000fd00 f   sfc_mexmsvc80:sfc_sf.obj
 0001:0000edb0       _mdlDerivatives            1000fdb0 f   sfc_mexmsvc80:sfc_sf.obj
 0001:0000ee50       _mdl_initialize_conditions_processing 1000fe50 f   sfc_mexmsvc80:sfc_sf.obj
 0001:0000ee80       _mdlInitializeConditions   1000fe80 f   sfc_mexmsvc80:sfc_sf.obj
 0001:0000ef20       _mdlGetSimState            1000ff20 f   sfc_mexmsvc80:sfc_sf.obj
 0001:0000ef40       _mdlSetSimState            1000ff40 f   sfc_mexmsvc80:sfc_sf.obj
 0001:0000ef60       _mdl_ext_mode_exec_processing 1000ff60 f   sfc_mexmsvc80:sfc_sf.obj
 0001:0000ef80       _mdlExtModeExec            1000ff80 f   sfc_mexmsvc80:sfc_sf.obj
 0001:0000f110       _mdlTerminate              10010110 f   sfc_mexmsvc80:sfc_sf.obj
 0001:0000f170       _mdlRTW                    10010170 f   sfc_mexmsvc80:sfc_sf.obj
 0001:0000f1a0       _mdlSetWorkWidths          100101a0 f   sfc_mexmsvc80:sfc_sf.obj
 0001:0000f1c0       _mdlProcessParameters      100101c0 f   sfc_mexmsvc80:sfc_sf.obj
 0001:0000f1e0       _mdl_start_processing      100101e0 f   sfc_mexmsvc80:sfc_sf.obj
 0001:0000f230       _mdlStart                  10010230 f   sfc_mexmsvc80:sfc_sf.obj
 0001:0000f2e0       _mdlEnable                 100102e0 f   sfc_mexmsvc80:sfc_sf.obj
 0001:0000f390       _mdlDisable                10010390 f   sfc_mexmsvc80:sfc_sf.obj
 0001:0000f420       _sf_get_chart_instance_ptr 10010420 f   sfc_mexmsvc80:sfc_sf.obj
 0001:0000f440       _sf_load_rtw_optimization_info 10010440 f   sfc_mexmsvc80:sfc_sf.obj
 0001:0000f4e0       _sf_update_buildInfo       100104e0 f   sfc_mexmsvc80:sfc_sf.obj
 0001:0000f5a0       _sf_rtw_info_uint_prop     100105a0 f   sfc_mexmsvc80:sfc_sf.obj
 0001:0000f6c0       _sf_is_chart_inlinable     100106c0 f   sfc_mexmsvc80:sfc_sf.obj
 0001:0000f6f0       _sf_mark_output_events_with_multiple_callers 100106f0 f   sfc_mexmsvc80:sfc_sf.obj
 0001:0000f850       _sf_mark_chart_reusable_outputs 10010850 f   sfc_mexmsvc80:sfc_sf.obj
 0001:0000f9b0       _sf_mark_chart_expressionable_inputs 100109b0 f   sfc_mexmsvc80:sfc_sf.obj
 0001:0000fb10       _sf_get_subchart_simstruct 10010b10 f   sfc_mexmsvc80:sfc_sf.obj
 0001:0000fb50       _sf_get_fixpt_data_type_id 10010b50 f   sfc_mexmsvc80:sfc_sf.obj
 0001:0000fb90       _sf_get_enum_data_type_id  10010b90 f   sfc_mexmsvc80:sfc_sf.obj
 0001:0000fbd0       _sf_get_param_data_type_id 10010bd0 f   sfc_mexmsvc80:sfc_sf.obj
 0001:0000fc00       _sf_mex_listen_for_ctrl_c_force 10010c00 f   sfc_mexmsvc80:sfc_sf.obj
 0001:0000fd00       _sf_mex_draw_now           10010d00 f   sfc_mexmsvc80:sfc_sf.obj
 0001:0000fd40       _sf_mex_set_debugger_sim_status_listener_fcn 10010d40 f   sfc_mexmsvc80:sfc_sf.obj
 0001:0000fd50       _sf_mex_listen_for_ctrl_c  10010d50 f   sfc_mexmsvc80:sfc_sf.obj
 0001:0000fde0       _sf_mex_get_sfun_param     10010de0 f   sfc_mexmsvc80:sfc_sf.obj
 0001:0000fe30       _sf_get_runtime_param_data 10010e30 f   sfc_mexmsvc80:sfc_sf.obj
 0001:0000fe70       _sf_call_output_fcn_call   10010e70 f   sfc_mexmsvc80:sfc_sf.obj
 0001:0000ff90       _sf_call_output_fcn_enable 10010f90 f   sfc_mexmsvc80:sfc_sf.obj
 0001:00010010       _sf_call_output_fcn_disable 10011010 f   sfc_mexmsvc80:sfc_sf.obj
 0001:00010090       _sf_clear_rtw_identifier   10011090 f   sfc_mexmsvc80:sfc_sf.obj
 0001:00010980       _sf_set_encoded_dwork_info 10011980 f   sfc_mexmsvc80:sfc_sf.obj
 0001:000109c0       _sf_get_dwork_info_from_mat_file 100119c0 f   sfc_mexmsvc80:sfc_sf.obj
 0001:00010b10       _sf_set_rtw_dwork_info     10011b10 f   sfc_mexmsvc80:sfc_sf.obj
 0001:00010c40       _mdlOutputs                10011c40 f   sfc_mexmsvc80:sfc_sf.obj
 0001:00010ce0       _sf_debug_chart_instance_initialized_quick 10011ce0 f   sfc_debugmsvc80:sfcdebug.obj
 0001:00010d60       _sf_debug_disp             10011d60 f   sfc_debugmsvc80:sfcdebug.obj
 0001:00010f60       _sf_debug_data_runtime_size_mismatch_error_check 10011f60 f   sfc_debugmsvc80:sfcdebug.obj
 0001:00010fc0       _sf_debug_try_loading_machine 10011fc0 f   sfc_debugmsvc80:sfcdebug.obj
 0001:000110a0       _sf_debug_reset_current_state_configuration 100120a0 f   sfc_debugmsvc80:sfcdebug.obj
 0001:000110e0       _sf_debug_store_current_state_configuration 100120e0 f   sfc_debugmsvc80:sfcdebug.obj
 0001:00011120       _sf_debug_restore_previous_state_configuration 10012120 f   sfc_debugmsvc80:sfcdebug.obj
 0001:00011160       _sf_debug_restore_previous_state_configuration2 10012160 f   sfc_debugmsvc80:sfcdebug.obj
 0001:000111a0       _sf_debug_get_event_scope  100121a0 f   sfc_debugmsvc80:sfcdebug.obj
 0001:000112c0       _use_debugger_step_animation 100122c0 f   sfc_debugmsvc80:sfcdebug.obj
 0001:000112f0       _sf_debug_get_script_id    100122f0 f   sfc_debugmsvc80:sfcdebug.obj
 0001:00011380       _sf_debug_set_script_translation 10012380 f   sfc_debugmsvc80:sfcdebug.obj
 0001:000114b0       _sf_debug_extract_message_post_receive_info 100124b0 f   sfc_debugmsvc80:sfcdebug.obj
 0001:00011570       _sf_debug_get_current_machine_id 10012570 f   sfc_debugmsvc80:sfcdebug.obj
 0001:00011590       _sf_debug_get_current_optional_integer 10012590 f   sfc_debugmsvc80:sfcdebug.obj
 0001:000115a0       _sf_debug_get_current_machine_number 100125a0 f   sfc_debugmsvc80:sfcdebug.obj
 0001:000115c0       _sf_debug_get_current_machine_name 100125c0 f   sfc_debugmsvc80:sfcdebug.obj
 0001:000115e0       _sf_debug_get_current_chart_id 100125e0 f   sfc_debugmsvc80:sfcdebug.obj
 0001:00011620       _sf_debug_get_current_chart_number 10012620 f   sfc_debugmsvc80:sfcdebug.obj
 0001:00011630       _sf_debug_get_current_instance_number 10012630 f   sfc_debugmsvc80:sfcdebug.obj
 0001:00011640       _sf_debug_get_current_is_minor_time_step 10012640 f   sfc_debugmsvc80:sfcdebug.obj
 0001:000116c0       _sf_debug_get_current_object_type 100126c0 f   sfc_debugmsvc80:sfcdebug.obj
 0001:000116d0       _sf_debug_get_current_instance_handle 100126d0 f   sfc_debugmsvc80:sfcdebug.obj
 0001:00011730       _sf_debug_get_current_event_type 10012730 f   sfc_debugmsvc80:sfcdebug.obj
 0001:00011740       _sf_debug_get_current_object_id 10012740 f   sfc_debugmsvc80:sfcdebug.obj
 0001:00011770       _sf_debug_get_current_active_event_type 10012770 f   sfc_debugmsvc80:sfcdebug.obj
 0001:00011780       _sf_debug_get_current_active_event_id 10012780 f   sfc_debugmsvc80:sfcdebug.obj
 0001:000117b0       _sf_debug_get_current_tag_type 100127b0 f   sfc_debugmsvc80:sfcdebug.obj
 0001:000117c0       _sf_debug_get_current_simulation_time 100127c0 f   sfc_debugmsvc80:sfcdebug.obj
 0001:000117d0       _sf_debug_get_current_coverage_percentage 100127d0 f   sfc_debugmsvc80:sfcdebug.obj
 0001:000117e0       _sf_debug_current_statement_context 100127e0 f   sfc_debugmsvc80:sfcdebug.obj
 0001:00011870       _sf_debug_get_current_statement_info 10012870 f   sfc_debugmsvc80:sfcdebug.obj
 0001:000119c0       _sf_debug_terminate_instance 100129c0 f   sfc_debugmsvc80:sfcdebug.obj
 0001:00011c70       _sf_debug_assertion_failed 10012c70 f   sfc_debugmsvc80:sfcdebug.obj
 0001:00011e40       _sf_debug_create_debug_instance_struct 10012e40 f   sfc_debugmsvc80:sfcdebug.obj
 0001:00011e80       _sf_debug_set_number_of_data_with_change_event_for_machine 10012e80 f   sfc_debugmsvc80:sfcdebug.obj
 0001:00011ed0       _sf_debug_set_machine_event_thresholds 10012ed0 f   sfc_debugmsvc80:sfcdebug.obj
 0001:00011f00       _sf_debug_set_machine_event_scope 10012f00 f   sfc_debugmsvc80:sfcdebug.obj
 0001:00011f50       _sf_debug_set_machine_data_thresholds 10012f50 f   sfc_debugmsvc80:sfcdebug.obj
 0001:00011fa0       _sf_debug_set_machine_data_scope 10012fa0 f   sfc_debugmsvc80:sfcdebug.obj
 0001:00012030       _sf_debug_set_machine_data_name 10013030 f   sfc_debugmsvc80:sfcdebug.obj
 0001:00012080       _sf_debug_set_machine_data_size 10013080 f   sfc_debugmsvc80:sfcdebug.obj
 0001:00012180       _sf_debug_set_machine_data_type 10013180 f   sfc_debugmsvc80:sfcdebug.obj
 0001:000122b0       _sf_debug_get_chart_data_number 100132b0 f   sfc_debugmsvc80:sfcdebug.obj
 0001:000122e0       _sf_debug_get_chart_event_number 100132e0 f   sfc_debugmsvc80:sfcdebug.obj
 0001:00012310       _sf_debug_set_chart_state_info 10013310 f   sfc_debugmsvc80:sfcdebug.obj
 0001:00012390       _sf_debug_set_chart_decomposition 10013390 f   sfc_debugmsvc80:sfcdebug.obj
 0001:00012400       _sf_debug_set_chart_substate_count 10013400 f   sfc_debugmsvc80:sfcdebug.obj
 0001:000124d0       _sf_debug_set_chart_substate_index 100134d0 f   sfc_debugmsvc80:sfcdebug.obj
 0001:00012550       _sf_debug_set_chart_state_substate_count 10013550 f   sfc_debugmsvc80:sfcdebug.obj
 0001:00012640       _sf_debug_set_chart_state_substate_index 10013640 f   sfc_debugmsvc80:sfcdebug.obj
 0001:000126c0       _sf_debug_set_number_of_data_with_change_event_for_chart 100136c0 f   sfc_debugmsvc80:sfcdebug.obj
 0001:00012740       _sf_debug_set_number_of_states_with_entry_event_for_chart 10013740 f   sfc_debugmsvc80:sfcdebug.obj
 0001:000127c0       _sf_debug_set_number_of_states_with_exit_event_for_chart 100137c0 f   sfc_debugmsvc80:sfcdebug.obj
 0001:00012840       _sf_debug_set_chart_disable_implicit_casting 10013840 f   sfc_debugmsvc80:sfcdebug.obj
 0001:000128b0       _sf_debug_set_chart_event_thresholds 100138b0 f   sfc_debugmsvc80:sfcdebug.obj
 0001:00012930       _sf_debug_set_chart_data_compiled_props 10013930 f   sfc_debugmsvc80:sfcdebug.obj
 0001:00012bb0       _sf_debug_set_chart_data_props 10013bb0 f   sfc_debugmsvc80:sfcdebug.obj
 0001:00012e30       _sf_debug_check_fi_license 10013e30 f   sfc_debugmsvc80:sfcdebug.obj
 0001:00012fc0       _sf_debug_symbol_scope_push 10013fc0 f   sfc_debugmsvc80:sfcdebug.obj
 0001:00012ff0       _sf_debug_symbol_scope_push_eml 10013ff0 f   sfc_debugmsvc80:sfcdebug.obj
 0001:00013030       _sf_debug_symbol_scope_pop 10014030 f   sfc_debugmsvc80:sfcdebug.obj
 0001:00013070       _sf_debug_symbol_scope_add_importable 10014070 f   sfc_debugmsvc80:sfcdebug.obj
 0001:000130d0       _sf_debug_symbol_scope_add 100140d0 f   sfc_debugmsvc80:sfcdebug.obj
 0001:00013120       _sf_debug_symbol_scope_add_dyn_importable 10014120 f   sfc_debugmsvc80:sfcdebug.obj
 0001:00013190       _sf_debug_symbol_scope_add_dyn 10014190 f   sfc_debugmsvc80:sfcdebug.obj
 0001:000131c0       _sf_debug_symbol_scope_add_eml_importable 100141c0 f   sfc_debugmsvc80:sfcdebug.obj
 0001:000131f0       _sf_debug_symbol_scope_add_eml 100141f0 f   sfc_debugmsvc80:sfcdebug.obj
 0001:00013220       _sf_debug_symbol_scope_add_eml_dyn_importable 10014220 f   sfc_debugmsvc80:sfcdebug.obj
 0001:00013270       _sf_debug_symbol_scope_add_eml_dyn 10014270 f   sfc_debugmsvc80:sfcdebug.obj
 0001:000132c0       _sf_debug_symbol_switch    100142c0 f   sfc_debugmsvc80:sfcdebug.obj
 0001:000132e0       _sf_debug_symbol_scope_add_verbose 100142e0 f   sfc_debugmsvc80:sfcdebug.obj
 0001:00013350       _sf_debug_set_machine_data_value_ptr 10014350 f   sfc_debugmsvc80:sfcdebug.obj
 0001:00013390       _sf_debug_set_instance_data_value_ptr 10014390 f   sfc_debugmsvc80:sfcdebug.obj
 0001:000133f0       _sf_debug_unset_instance_data_value_ptr 100143f0 f   sfc_debugmsvc80:sfcdebug.obj
 0001:00013440       _sf_debug_set_chart_event_scope 10014440 f   sfc_debugmsvc80:sfcdebug.obj
 0001:000134c0       _sf_debug_set_chart_transition_coverage_maps 100144c0 f   sfc_debugmsvc80:sfcdebug.obj
 0001:00013550       _sf_debug_set_chart_state_coverage_maps 10014550 f   sfc_debugmsvc80:sfcdebug.obj
 0001:000135d0       _sf_debug_set_instance_transition_coverage_weights 100145d0 f   sfc_debugmsvc80:sfcdebug.obj
 0001:00013640       _sf_debug_set_instance_state_coverage_weights 10014640 f   sfc_debugmsvc80:sfcdebug.obj
 0001:00013840       _sf_debug_unload_machine   10014840 f   sfc_debugmsvc80:sfcdebug.obj
 0001:00013890       _sf_debug_load_machine     10014890 f   sfc_debugmsvc80:sfcdebug.obj
 0001:00013930       _sf_debug_set_active_instance_in_data_dictionary 10014930 f   sfc_debugmsvc80:sfcdebug.obj
 0001:00013ab0       _sf_debug_set_active_instance 10014ab0 f   sfc_debugmsvc80:sfcdebug.obj
 0001:00013bb0       _sf_debug_chart_visiblity_change 10014bb0 f   sfc_debugmsvc80:sfcdebug.obj
 0001:00013c50       _sf_debug_select_chart     10014c50 f   sfc_debugmsvc80:sfcdebug.obj
 0001:00013d40       _sf_debug_set_instance_cv_ids 10014d40 f   sfc_debugmsvc80:sfcdebug.obj
 0001:00013f00       _sf_debug_select_charts    10014f00 f   sfc_debugmsvc80:sfcdebug.obj
 0001:00014050       _sf_debug_initialized      10015050 f   sfc_debugmsvc80:sfcdebug.obj
 0001:00014070       _sf_debug_is_uninterruptible 10015070 f   sfc_debugmsvc80:sfcdebug.obj
 0001:000140b0       _sf_debug_initialize_debugger_gui 100150b0 f   sfc_debugmsvc80:sfcdebug.obj
 0001:00014440       _sf_debug_resume           10015440 f   sfc_debugmsvc80:sfcdebug.obj
 0001:00014470       _sf_debug_go               10015470 f   sfc_debugmsvc80:sfcdebug.obj
 0001:00014490       _sf_debug_break            10015490 f   sfc_debugmsvc80:sfcdebug.obj
 0001:000144b0       _sf_debug_step_over        100154b0 f   sfc_debugmsvc80:sfcdebug.obj
 0001:000144d0       _sf_debug_step_out         100154d0 f   sfc_debugmsvc80:sfcdebug.obj
 0001:000144f0       _sf_debug_set_disable_all_breakpoints 100154f0 f   sfc_debugmsvc80:sfcdebug.obj
 0001:00014510       _sf_debug_disable_all_breakpoints_and_go 10015510 f   sfc_debugmsvc80:sfcdebug.obj
 0001:00014530       _sf_debug_break_on_chart_entry 10015530 f   sfc_debugmsvc80:sfcdebug.obj
 0001:00014550       _sf_debug_break_on_event_broadcast 10015550 f   sfc_debugmsvc80:sfcdebug.obj
 0001:00014570       _sf_debug_break_on_state_entry 10015570 f   sfc_debugmsvc80:sfcdebug.obj
 0001:00014590       _sf_debug_break_between_times 10015590 f   sfc_debugmsvc80:sfcdebug.obj
 0001:000145c0       _sf_debug_browse_data      100155c0 f   sfc_debugmsvc80:sfcdebug.obj
 0001:000145d0       _sf_debug_watch_data       100155d0 f   sfc_debugmsvc80:sfcdebug.obj
 0001:00014600       _sf_debug_assign_data      10015600 f   sfc_debugmsvc80:sfcdebug.obj
 0001:00014610       _sf_debug_whos             10015610 f   sfc_debugmsvc80:sfcdebug.obj
 0001:00014630       _sf_debug_get_consistency_info 10015630 f   sfc_debugmsvc80:sfcdebug.obj
 0001:00014640       _sf_debug_browse_trace     10015640 f   sfc_debugmsvc80:sfcdebug.obj
 0001:00014650       _sf_debug_set_breakpoints  10015650 f   sfc_debugmsvc80:sfcdebug.obj
 0001:00014710       _sf_debug_set_eml_breakpoints 10015710 f   sfc_debugmsvc80:sfcdebug.obj
 0001:00014820       _sf_debug_set_script_breakpoints 10015820 f   sfc_debugmsvc80:sfcdebug.obj
 0001:000148a0       _sf_debug_add_script_breakpoints 100158a0 f   sfc_debugmsvc80:sfcdebug.obj
 0001:00014910       _sf_debug_clear_script_breakpoints 10015910 f   sfc_debugmsvc80:sfcdebug.obj
 0001:00014980       _sf_debug_query_script_breakpoints 10015980 f   sfc_debugmsvc80:sfcdebug.obj
 0001:00014a10       _sf_debug_get_eml_script_id 10015a10 f   sfc_debugmsvc80:sfcdebug.obj
 0001:00014a60       _sf_debug_set_watch        10015a60 f   sfc_debugmsvc80:sfcdebug.obj
 0001:00014bf0       _sf_debug_get_instance_handle 10015bf0 f   sfc_debugmsvc80:sfcdebug.obj
 0001:00014c70       _sf_debug_get_active_states 10015c70 f   sfc_debugmsvc80:sfcdebug.obj
 0001:00014c90       _sf_debug_set_honor_breakpoints 10015c90 f   sfc_debugmsvc80:sfcdebug.obj
 0001:00014cb0       _sf_debug_get_animation    10015cb0 f   sfc_debugmsvc80:sfcdebug.obj
 0001:00014cc0       _sf_debug_set_animation    10015cc0 f   sfc_debugmsvc80:sfcdebug.obj
 0001:00014ce0       _sf_debug_animate          10015ce0 f   sfc_debugmsvc80:sfcdebug.obj
 0001:00014d10       _sf_debug_cycle_detection_check 10015d10 f   sfc_debugmsvc80:sfcdebug.obj
 0001:00014d30       _sf_debug_data_range_check 10015d30 f   sfc_debugmsvc80:sfcdebug.obj
 0001:00014d50       _sf_debug_transition_conflict_check 10015d50 f   sfc_debugmsvc80:sfcdebug.obj
 0001:00014d70       _sf_debug_state_consistency_check 10015d70 f   sfc_debugmsvc80:sfcdebug.obj
 0001:00014d90       _sf_debug_data_range_check_enabled 10015d90 f   sfc_debugmsvc80:sfcdebug.obj
 0001:00014db0       _sf_debug_transition_conflict_check_enabled 10015db0 f   sfc_debugmsvc80:sfcdebug.obj
 0001:00014dd0       _sf_debug_transition_conflict_check_begin 10015dd0 f   sfc_debugmsvc80:sfcdebug.obj
 0001:00014df0       _sf_debug_transition_conflict_check_end 10015df0 f   sfc_debugmsvc80:sfcdebug.obj
 0001:00014e10       _sf_debug_stop_debugging   10015e10 f   sfc_debugmsvc80:sfcdebug.obj
 0001:00014e40       _sf_debug_is_cycle_detected 10015e40 f   sfc_debugmsvc80:sfcdebug.obj
 0001:00014e50       _sf_debug_is_array_bounds_detected 10015e50 f   sfc_debugmsvc80:sfcdebug.obj
 0001:00014e60       _sf_debug_get_state_vectors_data_size 10015e60 f   sfc_debugmsvc80:sfcdebug.obj
 0001:00014eb0       _sf_debug_get_state_vectors_data 10015eb0 f   sfc_debugmsvc80:sfcdebug.obj
 0001:00014f80       _sf_debug_set_state_vectors_data 10015f80 f   sfc_debugmsvc80:sfcdebug.obj
 0001:000151b0       _sf_debug_get_script_index 100161b0 f   sfc_debugmsvc80:sfcdebug.obj
 0001:000152e0       _sf_debug_add_script       100162e0 f   sfc_debugmsvc80:sfcdebug.obj
 0001:00015430       _cv_eval_point             10016430 f   sfc_debugmsvc80:sfcdebug.obj
 0001:00015500       _cv_eval_testobjective     10016500 f   sfc_debugmsvc80:sfcdebug.obj
 0001:000155c0       _sf_debug_cv_init_state    100165c0 f   sfc_debugmsvc80:sfcdebug.obj
 0001:00015660       _sf_debug_cv_init_chart    10016660 f   sfc_debugmsvc80:sfcdebug.obj
 0001:000156e0       _sf_debug_cv_init_trans    100166e0 f   sfc_debugmsvc80:sfcdebug.obj
 0001:00015770       _sf_debug_cv_init_saturation 10016770 f   sfc_debugmsvc80:sfcdebug.obj
 0001:00015810       _sf_debug_cv_init_testobjectives 10016810 f   sfc_debugmsvc80:sfcdebug.obj
 0001:00015950       _cv_eml_init_script        10016950 f   sfc_debugmsvc80:sfcdebug.obj
 0001:000159e0       _cv_eml_init_fcn           100169e0 f   sfc_debugmsvc80:sfcdebug.obj
 0001:00015a40       _cv_eml_init_testobjective 10016a40 f   sfc_debugmsvc80:sfcdebug.obj
 0001:00015ac0       _cv_eml_init_saturation    10016ac0 f   sfc_debugmsvc80:sfcdebug.obj
 0001:00015b40       _cv_eml_init_if            10016b40 f   sfc_debugmsvc80:sfcdebug.obj
 0001:00015bc0       _cv_eml_init_for           10016bc0 f   sfc_debugmsvc80:sfcdebug.obj
 0001:00015c40       _cv_eml_init_while         10016c40 f   sfc_debugmsvc80:sfcdebug.obj
 0001:00015cc0       _cv_eml_init_mcdc          10016cc0 f   sfc_debugmsvc80:sfcdebug.obj
 0001:00015d50       _cv_eml_init_switch        10016d50 f   sfc_debugmsvc80:sfcdebug.obj
 0001:00015de0       _cv_eml_eval               10016de0 f   sfc_debugmsvc80:sfcdebug.obj
 0001:00015e70       _sf_debug_bm_is_a_eml_breakpoint 10016e70 f   sfc_debugmsvc80:sfcdebug.obj
 0001:00015fa0       _sf_debug_temporal_threshold 10016fa0 f   sfc_debugmsvc80:sfcdebug.obj
 0001:00016290       _sf_debug_transition_conflict_error 10017290 f   sfc_debugmsvc80:sfcdebug.obj
 0001:00016530       _sf_debug_state_inconsistency_error 10017530 f   sfc_debugmsvc80:sfcdebug.obj
 0001:00016630       _sf_debug_check_for_state_inconsistency 10017630 f   sfc_debugmsvc80:sfcdebug.obj
 0001:00016670       _sf_debug_cycle_detecton_error 10017670 f   sfc_debugmsvc80:sfcdebug.obj
 0001:00016cb0       _sf_debug_size_eq_check_1d 10017cb0 f   sfc_debugmsvc80:sfcdebug.obj
 0001:00016ce0       _sf_debug_size_eq_check_nd 10017ce0 f   sfc_debugmsvc80:sfcdebug.obj
 0001:00016dc0       _sf_debug_dim_size_eq_check 10017dc0 f   sfc_debugmsvc80:sfcdebug.obj
 0001:00016df0       _sf_debug_dim_size_geq_check 10017df0 f   sfc_debugmsvc80:sfcdebug.obj
 0001:00016e20       _sf_debug_sub_assign_size_check_nd 10017e20 f   sfc_debugmsvc80:sfcdebug.obj
 0001:00016f60       _sf_debug_matrix_matrix_index_check 10017f60 f   sfc_debugmsvc80:sfcdebug.obj
 0001:00016fa0       _sf_debug_vector_vector_index_check 10017fa0 f   sfc_debugmsvc80:sfcdebug.obj
 0001:00016fe0       _sf_debug_for_loop_vector_check 10017fe0 f   sfc_debugmsvc80:sfcdebug.obj
 0001:00017040       _sf_debug_runtime_error_msgid 10018040 f   sfc_debugmsvc80:sfcdebug.obj
 0001:000170d0       _sf_debug_data_array_bounds_error_check 100180d0 f   sfc_debugmsvc80:sfcdebug.obj
 0001:00017140       _sf_debug_eml_data_array_bounds_error_check 10018140 f   sfc_debugmsvc80:sfcdebug.obj
 0001:00017440       _sf_debug_integer_check    10018440 f   sfc_debugmsvc80:sfcdebug.obj
 0001:000174c0       _sf_debug_not_nan_check    100184c0 f   sfc_debugmsvc80:sfcdebug.obj
 0001:00017520       _sf_debug_non_negative_check 10018520 f   sfc_debugmsvc80:sfcdebug.obj
 0001:00017580       _sf_debug_overflow_detection 10018580 f   sfc_debugmsvc80:sfcdebug.obj
 0001:00017ac0       _sf_debug_cast_to_real32_T 10018ac0 f   sfc_debugmsvc80:sfcdebug.obj
 0001:00017b30       _sf_debug_cast_to_int8_T   10018b30 f   sfc_debugmsvc80:sfcdebug.obj
 0001:00017bb0       _sf_debug_cast_to_uint8_T  10018bb0 f   sfc_debugmsvc80:sfcdebug.obj
 0001:00017c40       _sf_debug_cast_to_int16_T  10018c40 f   sfc_debugmsvc80:sfcdebug.obj
 0001:00017cc0       _sf_debug_cast_to_uint16_T 10018cc0 f   sfc_debugmsvc80:sfcdebug.obj
 0001:00017d60       _sf_debug_cast_to_int32_T  10018d60 f   sfc_debugmsvc80:sfcdebug.obj
 0001:00017dd0       _sf_debug_cast_to_uint32_T 10018dd0 f   sfc_debugmsvc80:sfcdebug.obj
 0001:00017e70       _sf_debug_data_range_error 10018e70 f   sfc_debugmsvc80:sfcdebug.obj
 0001:000180f0       _sf_debug_read_before_write_check 100190f0 f   sfc_debugmsvc80:sfcdebug.obj
 0001:00018450       _sf_debug_data_range_error_wrapper_min_max 10019450 f   sfc_debugmsvc80:sfcdebug.obj
 0001:000184d0       _sf_debug_data_range_error_wrapper_min 100194d0 f   sfc_debugmsvc80:sfcdebug.obj
 0001:00018540       _sf_debug_data_range_error_wrapper_max 10019540 f   sfc_debugmsvc80:sfcdebug.obj
 0001:000185b0       _sf_debug_data_range_wrapper 100195b0 f   sfc_debugmsvc80:sfcdebug.obj
 0001:00018600       _sf_debug_set_current_status_info 10019600 f   sfc_debugmsvc80:sfcdebug.obj
 0001:00018960       _sf_debug_register_message_post_receive_info 10019960 f   sfc_debugmsvc80:sfcdebug.obj
 0001:00018b20       _sf_debug_call             10019b20 f   sfc_debugmsvc80:sfcdebug.obj
 0001:00019320       _sf_debug_initialize_machine 1001a320 f   sfc_debugmsvc80:sfcdebug.obj
 0001:000195a0       _sf_debug_initialize_chart 1001a5a0 f   sfc_debugmsvc80:sfcdebug.obj
 0001:000198a0       _sf_debug_ensure_script    1001a8a0 f   sfc_debugmsvc80:sfcdebug.obj
 0001:00019940       _cv_eval_saturation        1001a940 f   sfc_debugmsvc80:sfcdebug.obj
 0001:00019a20       _cv_saturation_accum       1001aa20 f   sfc_debugmsvc80:sfcdebug.obj
 0001:00019ae0       _cv_script_init_script     1001aae0 f   sfc_debugmsvc80:sfcdebug.obj
 0001:00019b50       _cv_script_init_fcn        1001ab50 f   sfc_debugmsvc80:sfcdebug.obj
 0001:00019bb0       _cv_script_init_testobjective 1001abb0 f   sfc_debugmsvc80:sfcdebug.obj
 0001:00019c10       _cv_script_init_saturation 1001ac10 f   sfc_debugmsvc80:sfcdebug.obj
 0001:00019c70       _cv_script_init_if         1001ac70 f   sfc_debugmsvc80:sfcdebug.obj
 0001:00019cd0       _cv_script_init_for        1001acd0 f   sfc_debugmsvc80:sfcdebug.obj
 0001:00019d30       _cv_script_init_while      1001ad30 f   sfc_debugmsvc80:sfcdebug.obj
 0001:00019d90       _cv_script_init_mcdc       1001ad90 f   sfc_debugmsvc80:sfcdebug.obj
 0001:00019e00       _cv_script_init_switch     1001ae00 f   sfc_debugmsvc80:sfcdebug.obj
 0001:00019e70       _cv_script_eval            1001ae70 f   sfc_debugmsvc80:sfcdebug.obj
 0001:00019ee0       _eml_debug_line_call       1001aee0 f   sfc_debugmsvc80:sfcdebug.obj
 0001:00019fd0       _sf_debug_terminate        1001afd0 f   sfc_debugmsvc80:sfcdebug.obj
 0001:0001a110       _sf_debug_set_script_cv_ids 1001b110 f   sfc_debugmsvc80:sfcdebug.obj
 0001:0001a210       _sf_debug_api              1001b210 f   sfc_debugmsvc80:sfc_api.obj
 0001:0001bc90       _sf_debug_sm_terminate     1001cc90 f   sfc_debugmsvc80:sfdb_animation.obj
 0001:0001bdf0       _sf_debug_reset_path_objects 1001cdf0 f   sfc_debugmsvc80:sfdb_animation.obj
 0001:0001be60       _sf_debug_sm_reset_object_selection_status 1001ce60 f   sfc_debugmsvc80:sfdb_animation.obj
 0001:0001bf00       _sf_debug_sm_reset_state_buffer 1001cf00 f   sfc_debugmsvc80:sfdb_animation.obj
 0001:0001bfc0       _sf_debug_sm_store_state_buffer 1001cfc0 f   sfc_debugmsvc80:sfdb_animation.obj
 0001:0001c040       _sf_debug_sm_restore_state_buffer1 1001d040 f   sfc_debugmsvc80:sfdb_animation.obj
 0001:0001c0a0       _sf_debug_sm_restore_state_buffer2 1001d0a0 f   sfc_debugmsvc80:sfdb_animation.obj
 0001:0001c100       _sf_debug_sm_chart_active  1001d100 f   sfc_debugmsvc80:sfdb_animation.obj
 0001:0001c150       _sf_debug_sm_select_active_objects 1001d150 f   sfc_debugmsvc80:sfdb_animation.obj
 0001:0001c510       _sf_debug_sm_is_chart_active 1001d510 f   sfc_debugmsvc80:sfdb_animation.obj
 0001:0001c550       _sf_debug_sm_is_state_active 1001d550 f   sfc_debugmsvc80:sfdb_animation.obj
 0001:0001c700       _sf_debug_sm_get_active_states 1001d700 f   sfc_debugmsvc80:sfdb_animation.obj
 0001:0001cb30       _sf_debug_sm_initialize_instance 1001db30 f   sfc_debugmsvc80:sfdb_animation.obj
 0001:0001cd40       _sf_debug_sm_change_object_selection_status 1001dd40 f   sfc_debugmsvc80:sfdb_animation.obj
 0001:0001cf30       _cv_create_interface       1001df30 f   sfc_debugmsvc80:cv_sfinterface.obj
 0001:0001d220       _cv_init_trans             1001e220 f   sfc_debugmsvc80:cv_sfinterface.obj
 0001:0001d270       _cv_init_saturation        1001e270 f   sfc_debugmsvc80:cv_sfinterface.obj
 0001:0001d2c0       _cv_init_testobjective     1001e2c0 f   sfc_debugmsvc80:cv_sfinterface.obj
 0001:0001d310       _cv_init_state             1001e310 f   sfc_debugmsvc80:cv_sfinterface.obj
 0001:0001d370       _cv_init_chart             1001e370 f   sfc_debugmsvc80:cv_sfinterface.obj
 0001:0001d3c0       _cv_dec_update_call        1001e3c0 f   sfc_debugmsvc80:cv_sfinterface.obj
 0001:0001d400       _cv_cond_update_call       1001e400 f   sfc_debugmsvc80:cv_sfinterface.obj
 0001:0001d440       _cv_saturation_update_call 1001e440 f   sfc_debugmsvc80:cv_sfinterface.obj
 0001:0001d480       _cv_saturation_update_accum 1001e480 f   sfc_debugmsvc80:cv_sfinterface.obj
 0001:0001d4c0       _cv_testobjective_update_call 1001e4c0 f   sfc_debugmsvc80:cv_sfinterface.obj
 0001:0001d500       _cv_sigrange_update        1001e500 f   sfc_debugmsvc80:cv_sfinterface.obj
 0001:0001d550       _cvsf_eml_eval             1001e550 f   sfc_debugmsvc80:cv_sfinterface.obj
 0001:0001d630       _cvsf_eml_init_script      1001e630 f   sfc_debugmsvc80:cv_sfinterface.obj
 0001:0001d6a0       _cvsf_eml_init_fcn         1001e6a0 f   sfc_debugmsvc80:cv_sfinterface.obj
 0001:0001d700       _cvsf_eml_init_testobjective 1001e700 f   sfc_debugmsvc80:cv_sfinterface.obj
 0001:0001d760       _cvsf_eml_init_saturation  1001e760 f   sfc_debugmsvc80:cv_sfinterface.obj
 0001:0001d7c0       _cvsf_eml_init_if          1001e7c0 f   sfc_debugmsvc80:cv_sfinterface.obj
 0001:0001d820       _cvsf_eml_init_for         1001e820 f   sfc_debugmsvc80:cv_sfinterface.obj
 0001:0001d880       _cvsf_eml_init_while       1001e880 f   sfc_debugmsvc80:cv_sfinterface.obj
 0001:0001d8e0       _cvsf_eml_init_mcdc        1001e8e0 f   sfc_debugmsvc80:cv_sfinterface.obj
 0001:0001d950       _cvsf_eml_init_switch      1001e950 f   sfc_debugmsvc80:cv_sfinterface.obj
 0001:0001d9b0       _cvsf_script_eval          1001e9b0 f   sfc_debugmsvc80:cv_sfinterface.obj
 0001:0001da90       _cvsf_script_init_script   1001ea90 f   sfc_debugmsvc80:cv_sfinterface.obj
 0001:0001db00       _cvsf_script_init_fcn      1001eb00 f   sfc_debugmsvc80:cv_sfinterface.obj
 0001:0001db60       _cvsf_script_init_testobjective 1001eb60 f   sfc_debugmsvc80:cv_sfinterface.obj
 0001:0001dbc0       _cvsf_script_init_saturation 1001ebc0 f   sfc_debugmsvc80:cv_sfinterface.obj
 0001:0001dc20       _cvsf_script_init_if       1001ec20 f   sfc_debugmsvc80:cv_sfinterface.obj
 0001:0001dc80       _cvsf_script_init_for      1001ec80 f   sfc_debugmsvc80:cv_sfinterface.obj
 0001:0001dcd0       _cvsf_script_init_while    1001ecd0 f   sfc_debugmsvc80:cv_sfinterface.obj
 0001:0001dd20       _cvsf_script_init_mcdc     1001ed20 f   sfc_debugmsvc80:cv_sfinterface.obj
 0001:0001dd90       _cvsf_script_init_switch   1001ed90 f   sfc_debugmsvc80:cv_sfinterface.obj
 0001:0001ddf0       _cv_destroy_interface      1001edf0 f   sfc_debugmsvc80:cv_sfinterface.obj
 0001:0001de10       _cv_create_instance_objects 1001ee10 f   sfc_debugmsvc80:cv_sfinterface.obj
 0001:0001e140       _cv_is_enabled             1001f140 f   sfc_debugmsvc80:cv_sfinterface.obj
 0001:0001e150       _sf_debug_cv_initialize_script 1001f150 f   sfc_debugmsvc80:cv_sfinterface.obj
 0001:0001e2d0       _sf_debug_cv_initialize_instance 1001f2d0 f   sfc_debugmsvc80:cv_sfinterface.obj
 0001:0001e5c0       _sf_debug_cv_terminate_chart 1001f5c0 f   sfc_debugmsvc80:cv_sfinterface.obj
 0001:0001e6c0       _cv_call_trans_test        1001f6c0 f   sfc_debugmsvc80:cv_sfinterface.obj
 0001:0001e6d0       _cv_call_sub_cond_test     1001f6d0 f   sfc_debugmsvc80:cv_sfinterface.obj
 0001:0001e710       _sf_debug_st_initialize_machine 1001f710 f   sfc_debugmsvc80:sfdb_data_browse.obj
 0001:0001e7c0       _sf_debug_st_initialize_instance 1001f7c0 f   sfc_debugmsvc80:sfdb_data_browse.obj
 0001:0001e970       _sf_debug_st_terminate     1001f970 f   sfc_debugmsvc80:sfdb_data_browse.obj
 0001:0001ead0       _sf_debug_st_set_data_value_ptr_in_machine 1001fad0 f   sfc_debugmsvc80:sfdb_data_browse.obj
 0001:0001eb40       _sf_debug_st_set_data_value_ptr_in_instance 1001fb40 f   sfc_debugmsvc80:sfdb_data_browse.obj
 0001:0001ebf0       _sf_debug_st_unset_data_value_ptr_in_machine 1001fbf0 f   sfc_debugmsvc80:sfdb_data_browse.obj
 0001:0001ec50       _sf_debug_st_unset_data_value_ptr_in_instance 1001fc50 f   sfc_debugmsvc80:sfdb_data_browse.obj
 0001:0001ef60       _sf_debug_mx_value         1001ff60 f   sfc_debugmsvc80:sfdb_data_browse.obj
 0001:0001efb0       _sf_debug_mx_packed_vector 1001ffb0 f   sfc_debugmsvc80:sfdb_data_browse.obj
 0001:0001f050       _sf_debug_mx_uint_vector   10020050 f   sfc_debugmsvc80:sfdb_data_browse.obj
 0001:0001f0d0       _sf_debug_st_get_double_value_from_void_ptr_vector 100200d0 f   sfc_debugmsvc80:sfdb_data_browse.obj
 0001:0001f8d0       _sf_debug_st_browse_data   100208d0 f   sfc_debugmsvc80:sfdb_data_browse.obj
 0001:0001ffb0       _sf_debug_hm_initialize_instance 10020fb0 f   sfc_debugmsvc80:sfdb_handle_management.obj
 0001:00020450       _sf_debug_hm_get_object_id 10021450 f   sfc_debugmsvc80:sfdb_handle_management.obj
 0001:00020e70       _sf_debug_hm_update_chart_visibility 10021e70 f   sfc_debugmsvc80:sfdb_handle_management.obj
 0001:00021e70       _sf_debug_object_is_eml_function 10022e70 f   sfc_debugmsvc80:sfdb_handle_management.obj
 0001:00021ed0       _sf_debug_hm_initialize_ids_in_machine 10022ed0 f   sfc_debugmsvc80:sfdb_handle_management.obj
 0001:00022020       _sf_debug_hm_initialize_ids_in_chart 10023020 f   sfc_debugmsvc80:sfdb_handle_management.obj
 0001:00022110       _sf_debug_hm_initialize_chart 10023110 f   sfc_debugmsvc80:sfdb_handle_management.obj
 0001:000227d0       _sf_debug_hm_terminate     100237d0 f   sfc_debugmsvc80:sfdb_handle_management.obj
 0001:00022830       _sf_debug_hm_initialize_machine 10023830 f   sfc_debugmsvc80:sfdb_handle_management.obj
 0001:00022f00       _sf_debug_ss_initialize    10023f00 f   sfc_debugmsvc80:sfdb_symbol_scope.obj
 0001:00022f20       _sf_debug_ss_terminate     10023f20 f   sfc_debugmsvc80:sfdb_symbol_scope.obj
 0001:00022fa0       _sf_debug_ss_push_symbol_scope 10023fa0 f   sfc_debugmsvc80:sfdb_symbol_scope.obj
 0001:00023060       _sf_debug_ss_push_symbol_scope_eml 10024060 f   sfc_debugmsvc80:sfdb_symbol_scope.obj
 0001:000230b0       _sf_debug_ss_pop_symbol_scope 100240b0 f   sfc_debugmsvc80:sfdb_symbol_scope.obj
 0001:00023150       _sf_debug_ss_add_symbol    10024150 f   sfc_debugmsvc80:sfdb_symbol_scope.obj
 0001:00023240       _sf_debug_ss_add_symbol_eml 10024240 f   sfc_debugmsvc80:sfdb_symbol_scope.obj
 0001:00023b50       _sf_debug_ss_set_data_value 10024b50 f   sfc_debugmsvc80:sfdb_symbol_scope.obj
 0001:00023ea0       _getInstanceNumber         10024ea0 f   sfc_debugmsvc80:sfdb_symbol_scope.obj
 0001:00023f70       _sf_debug_ss_watch_data    10024f70 f   sfc_debugmsvc80:sfdb_symbol_scope.obj
 0001:00024060       _sf_debug_ss_assign_data   10025060 f   sfc_debugmsvc80:sfdb_symbol_scope.obj
 0001:00024900       _get_data_entry_name       10025900 f   sfc_debugmsvc80:sfdb_symbol_scope.obj
 0001:00024950       _sf_debug_ss_whos          10025950 f   sfc_debugmsvc80:sfdb_symbol_scope.obj
 0001:00024e00       _sf_debug_cc_initialize_chart 10025e00 f   sfc_debugmsvc80:sfdb_coverage.obj
 0001:00025760       _sf_debug_cc_initialize_instance 10026760 f   sfc_debugmsvc80:sfdb_coverage.obj
 0001:00026390       _sf_debug_cc_terminate     10027390 f   sfc_debugmsvc80:sfdb_coverage.obj
 0001:00026460       _sf_debug_cc_set_transition_maps 10027460 f   sfc_debugmsvc80:sfdb_coverage.obj
 0001:00026560       _sf_debug_cc_set_state_maps 10027560 f   sfc_debugmsvc80:sfdb_coverage.obj
 0001:00026630       _sf_debug_cc_set_transition_weights 10027630 f   sfc_debugmsvc80:sfdb_coverage.obj
 0001:00026860       _sf_debug_cc_set_state_weights 10027860 f   sfc_debugmsvc80:sfdb_coverage.obj
 0001:00026a90       _sf_debug_cc_mark_transition_guard 10027a90 f   sfc_debugmsvc80:sfdb_coverage.obj
 0001:00026b10       _sf_debug_cc_mark_transition_trigger 10027b10 f   sfc_debugmsvc80:sfdb_coverage.obj
 0001:00026b90       _sf_debug_cc_mark_transition_decision 10027b90 f   sfc_debugmsvc80:sfdb_coverage.obj
 0001:00026bf0       _sf_debug_cc_mark_transition_condition_action 10027bf0 f   sfc_debugmsvc80:sfdb_coverage.obj
 0001:00026c40       _sf_debug_cc_mark_transition_transition_action 10027c40 f   sfc_debugmsvc80:sfdb_coverage.obj
 0001:00026c90       _sf_debug_cc_mark_state_entry 10027c90 f   sfc_debugmsvc80:sfdb_coverage.obj
 0001:00026ce0       _sf_debug_cc_mark_state_during 10027ce0 f   sfc_debugmsvc80:sfdb_coverage.obj
 0001:00026d30       _sf_debug_cc_mark_state_exit 10027d30 f   sfc_debugmsvc80:sfdb_coverage.obj
 0001:00026d80       _sf_debug_bm_clear_script_breakpoints 10027d80 f   sfc_debugmsvc80:sfdb_breakpoints.obj
 0001:00026dc0       _sf_debug_bm_set_script_breakpoint 10027dc0 f   sfc_debugmsvc80:sfdb_breakpoints.obj
 0001:00026e30       _sf_debug_bm_clear_single_script_breakpoint 10027e30 f   sfc_debugmsvc80:sfdb_breakpoints.obj
 0001:00026ea0       _sf_debug_bm_query_script_breakpoint 10027ea0 f   sfc_debugmsvc80:sfdb_breakpoints.obj
 0001:00026ef0       _sf_debug_bm_initialize_scripts 10027ef0 f   sfc_debugmsvc80:sfdb_breakpoints.obj
 0001:00027490       _sf_debug_bm_terminate     10028490 f   sfc_debugmsvc80:sfdb_breakpoints.obj
 0001:00027740       _sf_debug_bm_remove_all_breakpoints_in_machine 10028740 f   sfc_debugmsvc80:sfdb_breakpoints.obj
 0001:00027790       _sf_debug_bm_remove_all_breakpoints_in_chart 10028790 f   sfc_debugmsvc80:sfdb_breakpoints.obj
 0001:000278c0       _sf_debug_bm_initialize_global_breakpoints 100288c0 f   sfc_debugmsvc80:sfdb_breakpoints.obj
 0001:00027a70       _sf_debug_bm_set_breakpoint 10028a70 f   sfc_debugmsvc80:sfdb_breakpoints.obj
 0001:00027fd0       _sf_debug_bm_set_eml_breakpoint 10028fd0 f   sfc_debugmsvc80:sfdb_breakpoints.obj
 0001:00028050       _sf_debug_bm_initialize_machine_breakpoint_map 10029050 f   sfc_debugmsvc80:sfdb_breakpoints.obj
 0001:000283f0       _sf_debug_bm_is_a_breakpoint 100293f0 f   sfc_debugmsvc80:sfdb_breakpoints.obj
 0001:000288d0       _sf_debug_bm_get_all_breakpoints_in_machine 100298d0 f   sfc_debugmsvc80:sfdb_breakpoints.obj
 0001:00028b70       _sf_debug_bm_get_all_breakpoints_in_chart 10029b70 f   sfc_debugmsvc80:sfdb_breakpoints.obj
 0001:000295a0       _sf_debug_bm_initialize_machine 1002a5a0 f   sfc_debugmsvc80:sfdb_breakpoints.obj
 0001:00029640       _sf_debug_bm_initialize_chart 1002a640 f   sfc_debugmsvc80:sfdb_breakpoints.obj
 0001:000299c0       _sf_debug_sc_terminate     1002a9c0 f   sfc_debugmsvc80:sfdb_state_consistency.obj
 0001:00029c40       _sf_debug_sc_is_chart_consistent 1002ac40 f   sfc_debugmsvc80:sfdb_state_consistency.obj
 0001:00029e20       _sf_debug_sc_get_consistency_error_info 1002ae20 f   sfc_debugmsvc80:sfdb_state_consistency.obj
 0001:0002a190       _sf_debug_tm_terminate     1002b190 f   sfc_debugmsvc80:sfdb_call_stack.obj
 0001:0002a230       _sf_debug_tm_push_chart_instance 1002b230 f   sfc_debugmsvc80:sfdb_call_stack.obj
 0001:0002a350       _sf_debug_tm_pop_chart_instance 1002b350 f   sfc_debugmsvc80:sfdb_call_stack.obj
 0001:0002a3b0       _sf_debug_tm_push_trace_node 1002b3b0 f   sfc_debugmsvc80:sfdb_call_stack.obj
 0001:0002a4c0       _sf_debug_tm_pop_trace_node 1002b4c0 f   sfc_debugmsvc80:sfdb_call_stack.obj
 0001:0002a540       _sf_debug_tm_get_current_global_trace_index 1002b540 f   sfc_debugmsvc80:sfdb_call_stack.obj
 0001:0002a560       _sf_debug_tm_get_current_local_trace_index 1002b560 f   sfc_debugmsvc80:sfdb_call_stack.obj
 0001:0002a590       _sf_debug_tm_set_cycle_detected_flag 1002b590 f   sfc_debugmsvc80:sfdb_call_stack.obj
 0001:0002a5e0       _sf_debug_tm_set_cycle_started_flag 1002b5e0 f   sfc_debugmsvc80:sfdb_call_stack.obj
 0001:0002a630       _sf_debug_tm_get_chart_number_from_stack 1002b630 f   sfc_debugmsvc80:sfdb_call_stack.obj
 0001:0002a7d0       _sf_debug_tm_browse_trace  1002b7d0 f   sfc_debugmsvc80:sfdb_call_stack.obj
 0001:0002aa40       _sf_debug_cd_initialize_instance 1002ba40 f   sfc_debugmsvc80:sfdb_cycle_detection.obj
 0001:0002ac70       _sf_debug_cd_mark_processed_transition_in_instance 1002bc70 f   sfc_debugmsvc80:sfdb_cycle_detection.obj
 0001:0002acf0       _sf_debug_cd_checksum_push 1002bcf0 f   sfc_debugmsvc80:sfdb_cycle_detection.obj
 0001:0002aff0       _sf_debug_cd_checksum_pop  1002bff0 f   sfc_debugmsvc80:sfdb_cycle_detection.obj
 0001:0002b050       _sf_debug_cd_turn_off_cycle_detection 1002c050 f   sfc_debugmsvc80:sfdb_cycle_detection.obj
 0001:0002b090       _sf_debug_cd_terminate     1002c090 f   sfc_debugmsvc80:sfdb_cycle_detection.obj
 0001:0002b260       _md5_initialize_state      1002c260 f   sfc_debugmsvc80:ckmd5.obj
 0001:0002baf0       _md5_update_state          1002caf0 f   sfc_debugmsvc80:ckmd5.obj
 0001:0002bb10       _md5_get_hash              1002cb10 f   sfc_debugmsvc80:ckmd5.obj
 0001:0002bb30       _md5_get_hash_for_a_single_string 1002cb30 f   sfc_debugmsvc80:ckmd5.obj
 0001:0002bb9a       _mxGetPr                   1002cb9a f   libmx:libmx.dll
 0001:0002bba0       _mxCreateDoubleScalar      1002cba0 f   libmx:libmx.dll
 0001:0002bba6       _mxCreateDoubleMatrix_730  1002cba6 f   libmx:libmx.dll
 0001:0002bbac       _mxSetField_730            1002cbac f   libmx:libmx.dll
 0001:0002bbb2       _mxCreateString            1002cbb2 f   libmx:libmx.dll
 0001:0002bbb8       _mxCreateStructMatrix_730  1002cbb8 f   libmx:libmx.dll
 0001:0002bbbe       _mxCreateCellMatrix_730    1002cbbe f   libmx:libmx.dll
 0001:0002bbc4       _mxDestroyArray            1002cbc4 f   libmx:libmx.dll
 0001:0002bbca       _mxDuplicateArray          1002cbca f   libmx:libmx.dll
 0001:0002bbd0       _mxGetString_730           1002cbd0 f   libmx:libmx.dll
 0001:0002bbd6       _mxIsChar                  1002cbd6 f   libmx:libmx.dll
 0001:0002bbdc       _mxGetClassID              1002cbdc f   libmx:libmx.dll
 0001:0002bbe2       _mxIsNumeric               1002cbe2 f   libmx:libmx.dll
 0001:0002bbe8       _mxIsComplex               1002cbe8 f   libmx:libmx.dll
 0001:0002bbee       _mxGetN                    1002cbee f   libmx:libmx.dll
 0001:0002bbf4       _mxGetM                    1002cbf4 f   libmx:libmx.dll
 0001:0002bbfa       _mxCalloc                  1002cbfa f   libmx:libmx.dll
 0001:0002bc00       _mxGetScalar               1002cc00 f   libmx:libmx.dll
 0001:0002bc06       _mxIsLogical               1002cc06 f   libmx:libmx.dll
 0001:0002bc0c       _mxCreateDoubleMatrix_700  1002cc0c f   libmx:libmx.dll
 0001:0002bc12       _mxFree                    1002cc12 f   libmx:libmx.dll
 0001:0002bc18       _mxArrayToString           1002cc18 f   libmx:libmx.dll
 0001:0002bc1e       _mxCreateCellMatrix_700    1002cc1e f   libmx:libmx.dll
 0001:0002bc24       _mxSetCell_700             1002cc24 f   libmx:libmx.dll
 0001:0002bc2a       _mxGetCell_700             1002cc2a f   libmx:libmx.dll
 0001:0002bc30       _mxGetClassName            1002cc30 f   libmx:libmx.dll
 0001:0002bc36       _mxSetField_700            1002cc36 f   libmx:libmx.dll
 0001:0002bc3c       _mxAddField                1002cc3c f   libmx:libmx.dll
 0001:0002bc42       _mxGetField_700            1002cc42 f   libmx:libmx.dll
 0001:0002bc48       _mxGetNumberOfElements     1002cc48 f   libmx:libmx.dll
 0001:0002bc4e       _mxIsStruct                1002cc4e f   libmx:libmx.dll
 0001:0002bc54       _mxIsA                     1002cc54 f   libmx:libmx.dll
 0001:0002bc5a       _mxIsClass                 1002cc5a f   libmx:libmx.dll
 0001:0002bc60       _mxGetLogicals             1002cc60 f   libmx:libmx.dll
 0001:0002bc66       _mxIsSparse                1002cc66 f   libmx:libmx.dll
 0001:0002bc6c       _mxSetFieldByNumber_700    1002cc6c f   libmx:libmx.dll
 0001:0002bc72       _mxGetFieldByNumber_700    1002cc72 f   libmx:libmx.dll
 0001:0002bc78       _mxGetFieldNameByNumber    1002cc78 f   libmx:libmx.dll
 0001:0002bc7e       _mxGetNumberOfFields       1002cc7e f   libmx:libmx.dll
 0001:0002bc84       _mxCreateStructMatrix_700  1002cc84 f   libmx:libmx.dll
 0001:0002bc8a       _mxGetFieldNumber          1002cc8a f   libmx:libmx.dll
 0001:0002bc90       _mxIsNaN                   1002cc90 f   libmx:libmx.dll
 0001:0002bc96       _mxIsEmpty                 1002cc96 f   libmx:libmx.dll
 0001:0002bc9c       _mxGetData                 1002cc9c f   libmx:libmx.dll
 0001:0002bca2       _mxGetImagData             1002cca2 f   libmx:libmx.dll
 0001:0002bca8       _mxArrayClassIDName        1002cca8 f   libmx:libmx.dll
 0001:0002bcae       _mxCreateNumericMatrix_700 1002ccae f   libmx:libmx.dll
 0001:0002bcb4       _mxCreateStructArray_700   1002ccb4 f   libmx:libmx.dll
 0001:0002bcba       _mxCalcSingleSubscript_700 1002ccba f   libmx:libmx.dll
 0001:0002bcc0       _mxGetDimensions_700       1002ccc0 f   libmx:libmx.dll
 0001:0002bcc6       _mxGetNumberOfDimensions_700 1002ccc6 f   libmx:libmx.dll
 0001:0002bccc       _mxCreateNumericArray_700  1002cccc f   libmx:libmx.dll
 0001:0002bcd2       _mxGetElementSize          1002ccd2 f   libmx:libmx.dll
 0001:0002bcd8       _mxCreateStringFromNChars_700 1002ccd8 f   libmx:libmx.dll
 0001:0002bcde       _mxGetString_700           1002ccde f   libmx:libmx.dll
 0001:0002bce4       _mxIsLogicalScalarTrue     1002cce4 f   libmx:libmx.dll
 0001:0002bcea       _mxCreateLogicalScalar     1002ccea f   libmx:libmx.dll
 0001:0002bcf0       _mexUnlock                 1002ccf0 f   libmex:libmex.dll
 0001:0002bcf6       _mexIsLocked               1002ccf6 f   libmex:libmex.dll
 0001:0002bcfc       _mexWarnMsgTxt             1002ccfc f   libmex:libmex.dll
 0001:0002bd02       _mexCallMATLAB             1002cd02 f   libmex:libmex.dll
 0001:0002bd08       _mexErrMsgTxt              1002cd08 f   libmex:libmex.dll
 0001:0002bd0e       _mexMakeArrayPersistent    1002cd0e f   libmex:libmex.dll
 0001:0002bd14       _mexSetTrapFlag            1002cd14 f   libmex:libmex.dll
 0001:0002bd1a       _mexPutVariable            1002cd1a f   libmex:libmex.dll
 0001:0002bd20       _mexGetVariable            1002cd20 f   libmex:libmex.dll
 0001:0002bd26       _mexLock                   1002cd26 f   libmex:libmex.dll
 0001:0002bd2c       _mexMakeMemoryPersistent   1002cd2c f   libmex:libmex.dll
 0001:0002bd32       _mexFunctionName           1002cd32 f   libmex:libmex.dll
 0001:0002bd38       _ssRegisterDataTypeFxpFSlopeFixExpBias 1002cd38 f   libfixedpoint:libfixedpoint.dll
 0001:0002bd3e       _ssRegisterDataTypeFxpScaledDouble 1002cd3e f   libfixedpoint:libfixedpoint.dll
 0001:0002bd44       _utMalloc                  1002cd44 f   libut:libut.dll
 0001:0002bd4a       _utFree                    1002cd4a f   libut:libut.dll
 0001:0002bd50       _utVSNprintf               1002cd50 f   libut:libut.dll
 0001:0002bd56       _utCPUtime                 1002cd56 f   libut:libut.dll
 0001:0002bd5c       _utCalloc                  1002cd5c f   libut:libut.dll
 0001:0002bd62       _utRealloc                 1002cd62 f   libut:libut.dll
 0001:0002bd68       _emlrtCreateRootTLS        1002cd68 f   libemlrt:libemlrt.dll
 0001:0002bd6e       _emlrtDestroyRootTLS       1002cd6e f   libemlrt:libemlrt.dll
 0001:0002bd74       _emlrtCheckBuiltInR2012b   1002cd74 f   libemlrt:libemlrt.dll
 0001:0002bd7a       _emlrtCheckVsBuiltInR2012b 1002cd7a f   libemlrt:libemlrt.dll
 0001:0002bd80       _emlrtCheckEnumR2012b      1002cd80 f   libemlrt:libemlrt.dll
 0001:0002bd86       _emlrtCreateEnumR2012b     1002cd86 f   libemlrt:libemlrt.dll
 0001:0002bd8c       _emlrtGetEnumElementR2009a 1002cd8c f   libemlrt:libemlrt.dll
 0001:0002bd92       _emlrtCreateReference      1002cd92 f   libemlrt:libemlrt.dll
 0001:0002bd98       _emlrtImportVsFiArrayR2009b 1002cd98 f   libemlrt:libemlrt.dll
 0001:0002bd9e       _emlrtNameCapturePostProcessR2012a 1002cd9e f   libemlrt:libemlrt.dll
 0001:0002bda4       _emlrtExtractMessageId     1002cda4 f   libemlrt:libemlrt.dll
 0001:0002bdaa       _emlrtTranslateMessageIDtoLCPstring 1002cdaa f   libemlrt:libemlrt.dll
 0001:0002bdb0       _emlrtForLoopVectorIsValidR2011b 1002cdb0 f   libemlrt:libemlrt.dll
 0001:0002bdb6       _emlrtTranslateUTF16MessagetoLCPstring 1002cdb6 f   libemlrt:libemlrt.dll
 0001:0002bdbc       _emlrtGetEnumUnderlyingArrayR2009a 1002cdbc f   libemlrt:libemlrt.dll
 0001:0002bdc2       _emlrtIsEnumR2009a         1002cdc2 f   libemlrt:libemlrt.dll
 0001:0002bdd0       @__security_check_cookie@4 1002cdd0 f   MSVCRT:secchk.obj
 0001:0002bde0       _memset                    1002cde0 f   MSVCRT:MSVCR100.dll
 0001:0002bdf0       __ftol2_sse                1002cdf0 f   MSVCRT:ftol2.obj
 0001:0002bdf9       __ftol2_pentium4           1002cdf9 f   MSVCRT:ftol2.obj
 0001:0002be0c       __ftol2_sse_excpt          1002ce0c f   MSVCRT:ftol2.obj
 0001:0002be26       __ftol2                    1002ce26 f   MSVCRT:ftol2.obj
 0001:0002be9c       _strcmp                    1002ce9c f   MSVCRT:MSVCR100.dll
 0001:0002bea2       _free                      1002cea2 f   MSVCRT:MSVCR100.dll
 0001:0002bea8       _sprintf                   1002cea8 f   MSVCRT:MSVCR100.dll
 0001:0002beae       _malloc                    1002ceae f   MSVCRT:MSVCR100.dll
 0001:0002beb4       _strlen                    1002ceb4 f   MSVCRT:MSVCR100.dll
 0001:0002beba       _strcat                    1002ceba f   MSVCRT:MSVCR100.dll
 0001:0002bec0       _memcpy                    1002cec0 f   MSVCRT:MSVCR100.dll
 0001:0002bec6       _NtCurrentTeb              1002cec6 f i MSVCRT:crtdll.obj
 0001:0002bf1c       __CRT_INIT@12              1002cf1c f   MSVCRT:crtdll.obj
 0001:0002c23c       __DllMainCRTStartup@12     1002d23c f   MSVCRT:crtdll.obj
 0001:0002c260       _strncpy                   1002d260 f   MSVCRT:MSVCR100.dll
 0001:0002c270       __chkstk                   1002d270 f   MSVCRT:chkstk.obj
 0001:0002c270       __alloca_probe             1002d270     MSVCRT:chkstk.obj
 0001:0002c29c       _longjmp                   1002d29c f   MSVCRT:MSVCR100.dll
 0001:0002c2a2       _strncmp                   1002d2a2 f   MSVCRT:MSVCR100.dll
 0001:0002c2a8       _ceil                      1002d2a8 f   MSVCRT:MSVCR100.dll
 0001:0002c2ae       _strrchr                   1002d2ae f   MSVCRT:MSVCR100.dll
 0001:0002c2b4       __setjmp3                  1002d2b4 f   MSVCRT:MSVCR100.dll
 0001:0002c2ba       _ldexp                     1002d2ba f   MSVCRT:MSVCR100.dll
 0001:0002c2c0       ___report_gsfailure        1002d2c0 f   MSVCRT:gs_report.obj
 0001:0002c3c6       ___sse2_available_init     1002d3c6 f   MSVCRT:cpu_disp.obj
 0001:0002c3d6       ___clean_type_info_names   1002d3d6 f   MSVCRT:tncleanup.obj
 0001:0002c3e2       __onexit                   1002d3e2 f   MSVCRT:atonexit.obj
 0001:0002c483       _atexit                    1002d483 f   MSVCRT:atonexit.obj
 0001:0002c49a       __RTC_Initialize           1002d49a f   MSVCRT:_initsect_.obj
 0001:0002c4c0       __RTC_Terminate            1002d4c0 f   MSVCRT:_initsect_.obj
 0001:0002c4e6       __malloc_crt               1002d4e6 f   MSVCRT:MSVCR100.dll
 0001:0002c4ec       __encoded_null             1002d4ec f   MSVCRT:MSVCR100.dll
 0001:0002c500       __ValidateImageBase        1002d500 f   MSVCRT:pesect.obj
 0001:0002c540       __FindPESection            1002d540 f   MSVCRT:pesect.obj
 0001:0002c590       __IsNonwritableInCurrentImage 1002d590 f   MSVCRT:pesect.obj
 0001:0002c64c       __initterm                 1002d64c f   MSVCRT:MSVCR100.dll
 0001:0002c652       __initterm_e               1002d652 f   MSVCRT:MSVCR100.dll
 0001:0002c658       __amsg_exit                1002d658 f   MSVCRT:MSVCR100.dll
 0001:0002c65e       ___CppXcptFilter           1002d65e f   MSVCRT:MSVCR100.dll
 0001:0002c664       _DllMain@12                1002d664 f   MSVCRT:dllmain.obj
 0001:0002c690       __SEH_prolog4              1002d690 f   MSVCRT:sehprolg4.obj
 0001:0002c6d5       __SEH_epilog4              1002d6d5 f   MSVCRT:sehprolg4.obj
 0001:0002c6e9       __except_handler4          1002d6e9 f   MSVCRT:chandler4gs.obj
 0001:0002c70e       ___security_init_cookie    1002d70e f   MSVCRT:gs_support.obj
 0001:0002c7aa       __crt_debugger_hook        1002d7aa f   MSVCRT:MSVCR100.dll
 0001:0002c7b0       ___clean_type_info_names_internal 1002d7b0 f   MSVCRT:MSVCR100.dll
 0001:0002c7b6       __unlock                   1002d7b6 f   MSVCRT:MSVCR100.dll
 0001:0002c7bc       ___dllonexit               1002d7bc f   MSVCRT:MSVCR100.dll
 0001:0002c7c2       __lock                     1002d7c2 f   MSVCRT:MSVCR100.dll
 0001:0002c7c8       __except_handler4_common   1002d7c8 f   MSVCRT:MSVCR100.dll
 0001:0002c7ce       _EncodePointer@4           1002d7ce f   kernel32:KERNEL32.dll
 0001:0002c7d4       _DecodePointer@4           1002d7d4 f   kernel32:KERNEL32.dll
 0001:0002c7da       _InterlockedExchange@8     1002d7da f   kernel32:KERNEL32.dll
 0001:0002c7e0       _Sleep@4                   1002d7e0 f   kernel32:KERNEL32.dll
 0001:0002c7e6       _InterlockedCompareExchange@12 1002d7e6 f   kernel32:KERNEL32.dll
 0001:0002c7ec       _TerminateProcess@8        1002d7ec f   kernel32:KERNEL32.dll
 0001:0002c7f2       _GetCurrentProcess@0       1002d7f2 f   kernel32:KERNEL32.dll
 0001:0002c7f8       _UnhandledExceptionFilter@4 1002d7f8 f   kernel32:KERNEL32.dll
 0001:0002c7fe       _SetUnhandledExceptionFilter@4 1002d7fe f   kernel32:KERNEL32.dll
 0001:0002c804       _IsDebuggerPresent@0       1002d804 f   kernel32:KERNEL32.dll
 0001:0002c80a       _IsProcessorFeaturePresent@4 1002d80a f   kernel32:KERNEL32.dll
 0001:0002c810       _DisableThreadLibraryCalls@4 1002d810 f   kernel32:KERNEL32.dll
 0001:0002c816       _QueryPerformanceCounter@4 1002d816 f   kernel32:KERNEL32.dll
 0001:0002c81c       _GetTickCount@0            1002d81c f   kernel32:KERNEL32.dll
 0001:0002c822       _GetCurrentThreadId@0      1002d822 f   kernel32:KERNEL32.dll
 0001:0002c828       _GetCurrentProcessId@0     1002d828 f   kernel32:KERNEL32.dll
 0001:0002c82e       _GetSystemTimeAsFileTime@4 1002d82e f   kernel32:KERNEL32.dll
 0002:00000000       __imp__GetSystemTimeAsFileTime@4 1002e000     kernel32:KERNEL32.dll
 0002:00000004       __imp__GetCurrentProcessId@0 1002e004     kernel32:KERNEL32.dll
 0002:00000008       __imp__GetCurrentThreadId@0 1002e008     kernel32:KERNEL32.dll
 0002:0000000c       __imp__GetTickCount@0      1002e00c     kernel32:KERNEL32.dll
 0002:00000010       __imp__QueryPerformanceCounter@4 1002e010     kernel32:KERNEL32.dll
 0002:00000014       __imp__DisableThreadLibraryCalls@4 1002e014     kernel32:KERNEL32.dll
 0002:00000018       __imp__IsProcessorFeaturePresent@4 1002e018     kernel32:KERNEL32.dll
 0002:0000001c       __imp__IsDebuggerPresent@0 1002e01c     kernel32:KERNEL32.dll
 0002:00000020       __imp__SetUnhandledExceptionFilter@4 1002e020     kernel32:KERNEL32.dll
 0002:00000024       __imp__UnhandledExceptionFilter@4 1002e024     kernel32:KERNEL32.dll
 0002:00000028       __imp__GetCurrentProcess@0 1002e028     kernel32:KERNEL32.dll
 0002:0000002c       __imp__TerminateProcess@8  1002e02c     kernel32:KERNEL32.dll
 0002:00000030       __imp__InterlockedCompareExchange@12 1002e030     kernel32:KERNEL32.dll
 0002:00000034       __imp__Sleep@4             1002e034     kernel32:KERNEL32.dll
 0002:00000038       __imp__InterlockedExchange@8 1002e038     kernel32:KERNEL32.dll
 0002:0000003c       __imp__DecodePointer@4     1002e03c     kernel32:KERNEL32.dll
 0002:00000040       __imp__EncodePointer@4     1002e040     kernel32:KERNEL32.dll
 0002:00000044       \177KERNEL32_NULL_THUNK_DATA 1002e044     kernel32:KERNEL32.dll
 0002:00000048       __imp___except_handler4_common 1002e048     MSVCRT:MSVCR100.dll
 0002:0000004c       __imp___onexit             1002e04c     MSVCRT:MSVCR100.dll
 0002:00000050       __imp___lock               1002e050     MSVCRT:MSVCR100.dll
 0002:00000054       __imp____dllonexit         1002e054     MSVCRT:MSVCR100.dll
 0002:00000058       __imp___unlock             1002e058     MSVCRT:MSVCR100.dll
 0002:0000005c       __imp____clean_type_info_names_internal 1002e05c     MSVCRT:MSVCR100.dll
 0002:00000060       __imp___crt_debugger_hook  1002e060     MSVCRT:MSVCR100.dll
 0002:00000064       __imp____CppXcptFilter     1002e064     MSVCRT:MSVCR100.dll
 0002:00000068       __imp___amsg_exit          1002e068     MSVCRT:MSVCR100.dll
 0002:0000006c       __imp___initterm_e         1002e06c     MSVCRT:MSVCR100.dll
 0002:00000070       __imp___initterm           1002e070     MSVCRT:MSVCR100.dll
 0002:00000074       __imp___encoded_null       1002e074     MSVCRT:MSVCR100.dll
 0002:00000078       __imp___malloc_crt         1002e078     MSVCRT:MSVCR100.dll
 0002:0000007c       __imp__ldexp               1002e07c     MSVCRT:MSVCR100.dll
 0002:00000080       __imp___setjmp3            1002e080     MSVCRT:MSVCR100.dll
 0002:00000084       __imp__strrchr             1002e084     MSVCRT:MSVCR100.dll
 0002:00000088       __imp__ceil                1002e088     MSVCRT:MSVCR100.dll
 0002:0000008c       __imp__strncmp             1002e08c     MSVCRT:MSVCR100.dll
 0002:00000090       __imp__longjmp             1002e090     MSVCRT:MSVCR100.dll
 0002:00000094       __imp__strncpy             1002e094     MSVCRT:MSVCR100.dll
 0002:00000098       __imp__memcpy              1002e098     MSVCRT:MSVCR100.dll
 0002:0000009c       __imp__strcat              1002e09c     MSVCRT:MSVCR100.dll
 0002:000000a0       __imp__strlen              1002e0a0     MSVCRT:MSVCR100.dll
 0002:000000a4       __imp__malloc              1002e0a4     MSVCRT:MSVCR100.dll
 0002:000000a8       __imp__sprintf             1002e0a8     MSVCRT:MSVCR100.dll
 0002:000000ac       __imp__free                1002e0ac     MSVCRT:MSVCR100.dll
 0002:000000b0       __imp__strcmp              1002e0b0     MSVCRT:MSVCR100.dll
 0002:000000b4       __imp__memset              1002e0b4     MSVCRT:MSVCR100.dll
 0002:000000b8       \177MSVCR100_NULL_THUNK_DATA 1002e0b8     MSVCRT:MSVCR100.dll
 0002:000000bc       __imp__emlrtIsEnumR2009a   1002e0bc     libemlrt:libemlrt.dll
 0002:000000c0       __imp__emlrtGetEnumUnderlyingArrayR2009a 1002e0c0     libemlrt:libemlrt.dll
 0002:000000c4       __imp__emlrtTranslateUTF16MessagetoLCPstring 1002e0c4     libemlrt:libemlrt.dll
 0002:000000c8       __imp__emlrtForLoopVectorIsValidR2011b 1002e0c8     libemlrt:libemlrt.dll
 0002:000000cc       __imp__emlrtTranslateMessageIDtoLCPstring 1002e0cc     libemlrt:libemlrt.dll
 0002:000000d0       __imp__emlrtExtractMessageId 1002e0d0     libemlrt:libemlrt.dll
 0002:000000d4       __imp__emlrtNameCapturePostProcessR2012a 1002e0d4     libemlrt:libemlrt.dll
 0002:000000d8       __imp__emlrtImportVsFiArrayR2009b 1002e0d8     libemlrt:libemlrt.dll
 0002:000000dc       __imp__emlrtCreateReference 1002e0dc     libemlrt:libemlrt.dll
 0002:000000e0       __imp__emlrtGetEnumElementR2009a 1002e0e0     libemlrt:libemlrt.dll
 0002:000000e4       __imp__emlrtCreateEnumR2012b 1002e0e4     libemlrt:libemlrt.dll
 0002:000000e8       __imp__emlrtCheckEnumR2012b 1002e0e8     libemlrt:libemlrt.dll
 0002:000000ec       __imp__emlrtCheckVsBuiltInR2012b 1002e0ec     libemlrt:libemlrt.dll
 0002:000000f0       __imp__emlrtCheckBuiltInR2012b 1002e0f0     libemlrt:libemlrt.dll
 0002:000000f4       __imp__emlrtDestroyRootTLS 1002e0f4     libemlrt:libemlrt.dll
 0002:000000f8       __imp__emlrtCreateRootTLS  1002e0f8     libemlrt:libemlrt.dll
 0002:000000fc       \177libemlrt_NULL_THUNK_DATA 1002e0fc     libemlrt:libemlrt.dll
 0002:00000100       __imp__ssRegisterDataTypeFxpScaledDouble 1002e100     libfixedpoint:libfixedpoint.dll
 0002:00000104       __imp__ssRegisterDataTypeFxpFSlopeFixExpBias 1002e104     libfixedpoint:libfixedpoint.dll
 0002:00000108       \177libfixedpoint_NULL_THUNK_DATA 1002e108     libfixedpoint:libfixedpoint.dll
 0002:0000010c       __imp__mexLock             1002e10c     libmex:libmex.dll
 0002:00000110       __imp__mexMakeMemoryPersistent 1002e110     libmex:libmex.dll
 0002:00000114       __imp__mexFunctionName     1002e114     libmex:libmex.dll
 0002:00000118       __imp__mexGetVariable      1002e118     libmex:libmex.dll
 0002:0000011c       __imp__mexPutVariable      1002e11c     libmex:libmex.dll
 0002:00000120       __imp__mexSetTrapFlag      1002e120     libmex:libmex.dll
 0002:00000124       __imp__mexIsLocked         1002e124     libmex:libmex.dll
 0002:00000128       __imp__mexWarnMsgTxt       1002e128     libmex:libmex.dll
 0002:0000012c       __imp__mexCallMATLAB       1002e12c     libmex:libmex.dll
 0002:00000130       __imp__mexUnlock           1002e130     libmex:libmex.dll
 0002:00000134       __imp__mexErrMsgTxt        1002e134     libmex:libmex.dll
 0002:00000138       __imp__mexMakeArrayPersistent 1002e138     libmex:libmex.dll
 0002:0000013c       \177libmex_NULL_THUNK_DATA 1002e13c     libmex:libmex.dll
 0002:00000140       __imp__mxCreateCellMatrix_730 1002e140     libmx:libmx.dll
 0002:00000144       __imp__mxCreateStructMatrix_730 1002e144     libmx:libmx.dll
 0002:00000148       __imp__mxSetField_730      1002e148     libmx:libmx.dll
 0002:0000014c       __imp__mxCreateDoubleMatrix_730 1002e14c     libmx:libmx.dll
 0002:00000150       __imp__mxCreateDoubleScalar 1002e150     libmx:libmx.dll
 0002:00000154       __imp__mxCreateString      1002e154     libmx:libmx.dll
 0002:00000158       __imp__mxDestroyArray      1002e158     libmx:libmx.dll
 0002:0000015c       __imp__mxCreateLogicalScalar 1002e15c     libmx:libmx.dll
 0002:00000160       __imp__mxIsLogicalScalarTrue 1002e160     libmx:libmx.dll
 0002:00000164       __imp__mxGetString_700     1002e164     libmx:libmx.dll
 0002:00000168       __imp__mxCreateStringFromNChars_700 1002e168     libmx:libmx.dll
[...]
 0001:00009080       _sfrtGenSizeString         1000a080 f   sfc_mexmsvc80:sfc_mex.obj
 0001:000090b0       _sfIsProperVector          1000a0b0 f   sfc_mexmsvc80:sfc_mex.obj
 0001:000090e0       _sfIsRowVector             1000a0e0 f   sfc_mexmsvc80:sfc_mex.obj
 0001:00009210       _sf_ExtractMessageId       1000a210 f   sfc_mexmsvc80:sfc_mex.obj
 0001:00009460       _sf_mex_err                1000a460 f   sfc_mexmsvc80:sfc_mex.obj
 0001:000094f0       _sf_error_dimension_out_of_bound 1000a4f0 f   sfc_mexmsvc80:sfc_mex.obj
 0001:00009590       _sf_mex_check_and_set_actual_dimensions 1000a590 f   sfc_mexmsvc80:sfc_mex.obj
 0001:00009710       _sf_mex_check_complex      1000a710 f   sfc_mexmsvc80:sfc_mex.obj
 0001:00009780       _sf_mex_check_sparse       1000a780 f   sfc_mexmsvc80:sfc_mex.obj
 0001:000097c0       _sf_mex_check_numerictype  1000a7c0 f   sfc_mexmsvc80:sfc_mex.obj
 0001:00009850       _sf_mex_check_fimath       1000a850 f   sfc_mexmsvc80:sfc_mex.obj
 0001:00009f50       _size_mismatch_error       1000af50 f   sfc_mexmsvc80:sfc_mex.obj
 0001:0000a7a0       _check_array_dimensions    1000b7a0 f   sfc_mexmsvc80:sfc_mex.obj
 0001:0000a7f0       _check_input_mxarray       1000b7f0 f   sfc_mexmsvc80:sfc_mex.obj
 0001:0000ae90       _sf_numeric_value_to_double 1000be90 f   sfc_mexmsvc80:sfc_mex.obj
 0001:0000aed0       _ml_generic_out_of_bounds_check 1000bed0 f   sfc_mexmsvc80:sfc_mex.obj
 0001:0000b060       _ml_get_element_value_from_array 1000c060 f   sfc_mexmsvc80:sfc_mex.obj
 0001:0000b530       __ml_generic_castability_check 1000c530 f   sfc_mexmsvc80:sfc_mex.obj
 0001:0000bdc0       _ml_generic_castability_check 1000cdc0 f   sfc_mexmsvc80:sfc_mex.obj
 0001:0000be20       _ml_check_mx_array_for_single_castability 1000ce20 f   sfc_mexmsvc80:sfc_mex.obj
 0001:0000be90       _ml_check_mx_array_for_logical_castability 1000ce90 f   sfc_mexmsvc80:sfc_mex.obj
 0001:0000bef0       _ml_check_mx_array_for_int8_castability 1000cef0 f   sfc_mexmsvc80:sfc_mex.obj
 0001:0000bf80       _ml_check_mx_array_for_uint8_castability 1000cf80 f   sfc_mexmsvc80:sfc_mex.obj
 0001:0000bff0       _ml_check_mx_array_for_int16_castability 1000cff0 f   sfc_mexmsvc80:sfc_mex.obj
 0001:0000c060       _ml_check_mx_array_for_uint16_castability 1000d060 f   sfc_mexmsvc80:sfc_mex.obj
 0001:0000c0d0       _ml_check_mx_array_for_int32_castability 1000d0d0 f   sfc_mexmsvc80:sfc_mex.obj
 0001:0000c140       _ml_check_mx_array_for_uint32_castability 1000d140 f   sfc_mexmsvc80:sfc_mex.obj
 0001:0000c1b0       _ml_check_mx_array_for_castability 1000d1b0 f   sfc_mexmsvc80:sfc_mex.obj
 0001:0000c840       _set_data_value            1000d840 f   sfc_mexmsvc80:sfc_mex.obj
 0001:0000cd10       _get_data_value            1000dd10 f   sfc_mexmsvc80:sfc_mex.obj
 0001:0000ce10       _get_next_element_address  1000de10 f   sfc_mexmsvc80:sfc_mex.obj
 0001:0000ceb0       _sf_normalize_index        1000deb0 f   sfc_mexmsvc80:sfc_mex.obj
 0001:0000d140       _ml_array_index_bound_check 1000e140 f   sfc_mexmsvc80:sfc_mex.obj
 0001:0000da30       _mx_value                  1000ea30 f   sfc_mexmsvc80:sfc_mex.obj
 0001:0000da80       _sf_create_numeric_array   1000ea80 f   sfc_mexmsvc80:sfc_mex.obj
 0001:0000db00       _sf_mex_assign_to_mx_array 1000eb00 f   sfc_mexmsvc80:sfc_mex.obj
 0001:0000dd60       _assign_from_mx_array      1000ed60 f   sfc_mexmsvc80:sfc_mex.obj
 0001:0000e520       _sf_mex_import_v           1000f520 f   sfc_mexmsvc80:sfc_mex.obj
 0001:0000e9e0       _get_machine_and_chart_file_number 1000f9e0 f   sfc_mexmsvc80:sfc_sf.obj
 0001:0000eaa0       _get_sfun_block_specialization 1000faa0 f   sfc_mexmsvc80:sfc_sf.obj
 0001:0000eb20       _call_sf_machine_global_method_dispatcher 1000fb20 f   sfc_mexmsvc80:sfc_sf.obj
 0001:0000ece0       _mdl_zeroCrossings_processing 1000fce0 f   sfc_mexmsvc80:sfc_sf.obj
 0001:0000ed90       _mdl_derivatives_processing 1000fd90 f   sfc_mexmsvc80:sfc_sf.obj
 0001:0000f010       _mdl_outputs_continuous_legacy 10010010 f   sfc_mexmsvc80:sfc_sf.obj
 0001:0000f090       _mdl_outputs_processing    10010090 f   sfc_mexmsvc80:sfc_sf.obj
 0001:0000f2c0       _mdl_enable_processing     100102c0 f   sfc_mexmsvc80:sfc_sf.obj
 0001:0000f370       _mdl_disable_processing    10010370 f   sfc_mexmsvc80:sfc_sf.obj
 0001:0000fee0       _sf_call_output_fcn_enable_disable 10010ee0 f   sfc_mexmsvc80:sfc_sf.obj
 0001:00010100       _set_dwork_information_from_mx_array 10011100 f   sfc_mexmsvc80:sfc_sf.obj
 0001:00010aa0       _ptr2mxStruct              10011aa0 f   sfc_mexmsvc80:sfc_sf.obj
 0001:00010cc0       _SNPRINTF_WRAPPER          10011cc0 f   sfc_debugmsvc80:sfcdebug.obj
 0001:00010d00       _sf_debug_chart_instance_initialized 10011d00 f   sfc_debugmsvc80:sfcdebug.obj
 0001:00010e80       _sfrtAddSize               10011e80 f   sfc_debugmsvc80:sfcdebug.obj
 0001:00010f30       _sfrtGenSizeString         10011f30 f   sfc_debugmsvc80:sfcdebug.obj
 0001:000113f0       _fill_single_message_info  100123f0 f   sfc_debugmsvc80:sfcdebug.obj
 0001:00011550       _sf_debug_sim_status_listener 10012550 f   sfc_debugmsvc80:sfcdebug.obj
 0001:00011a20       _sf_debug_form_mask_bits   10012a20 f   sfc_debugmsvc80:sfcdebug.obj
 0001:00011a60       _sf_debug_form_sf_data_type_offsets 10012a60 f   sfc_debugmsvc80:sfcdebug.obj
 0001:00011af0       _sf_debug_free_all         10012af0 f   sfc_debugmsvc80:sfcdebug.obj
 0001:00011c90       _sf_debug_append_debugger_context 10012c90 f   sfc_debugmsvc80:sfcdebug.obj
 0001:00011ff0       _local_strdup              10012ff0 f   sfc_debugmsvc80:sfcdebug.obj
 0001:00012cf0       _sf_debug_em_terminate     10013cf0 f   sfc_debugmsvc80:sfcdebug.obj
 0001:00012d30       _sf_debug_push_eml_function 10013d30 f   sfc_debugmsvc80:sfcdebug.obj
 0001:00012dc0       _sf_debug_pop_eml_function 10013dc0 f   sfc_debugmsvc80:sfcdebug.obj
 0001:00013690       _sf_debug_get_machine_number_from_id_or_name 10014690 f   sfc_debugmsvc80:sfcdebug.obj
 0001:000137f0       _sf_debug_get_chart_number_from_id 100147f0 f   sfc_debugmsvc80:sfcdebug.obj
 0001:00014200       _sf_debug_transfer_control_to_debugger_GUI 10015200 f   sfc_debugmsvc80:sfcdebug.obj
 0001:00015050       _sf_debug_scripts_rehash   10016050 f   sfc_debugmsvc80:sfcdebug.obj
 0001:00015200       _sf_debug_get_script_line_count 10016200 f   sfc_debugmsvc80:sfcdebug.obj
 0001:000158b0       _cv_eml_state_cvId         100168b0 f   sfc_debugmsvc80:sfcdebug.obj
 0001:00015900       _cv_eml_trans_cvId         10016900 f   sfc_debugmsvc80:sfcdebug.obj
 0001:00016770       _sf_debug_data_array_bounds_error 10017770 f   sfc_debugmsvc80:sfcdebug.obj
 0001:00016a80       _eml_debug_runtime_error_doclink 10017a80 f   sfc_debugmsvc80:sfcdebug.obj
 0001:00016bb0       _sf_debug_runtime_error    10017bb0 f   sfc_debugmsvc80:sfcdebug.obj
 0001:00016c00       _sf_debug_matlab_error     10017c00 f   sfc_debugmsvc80:sfcdebug.obj
 0001:000171d0       _sf_debug_data_value_error 100181d0 f   sfc_debugmsvc80:sfcdebug.obj
 0001:000177f0       _sf_debug_data_loss_error  100187f0 f   sfc_debugmsvc80:sfcdebug.obj
 0001:00018360       _call_cv_range_check       10019360 f   sfc_debugmsvc80:sfcdebug.obj
 0001:00018900       _sf_debug_invoke_cycle_detection_code 10019900 f   sfc_debugmsvc80:sfcdebug.obj
 0001:00019280       _sf_reset_debug_info_struct 1001a280 f   sfc_debugmsvc80:sfcdebug.obj
 0001:000198e0       _cv_script_cvId            1001a8e0 f   sfc_debugmsvc80:sfcdebug.obj
 0001:0001a340       _sfc_api_chart_visible     1001b340 f   sfc_debugmsvc80:sfc_api.obj
 0001:0001a400       _sfc_api_active_instance   1001b400 f   sfc_debugmsvc80:sfc_api.obj
 0001:0001a4a0       _sfc_api_machine_load      1001b4a0 f   sfc_debugmsvc80:sfc_api.obj
 0001:0001a5b0       _sfc_api_debugger_alive    1001b5b0 f   sfc_debugmsvc80:sfc_api.obj
 0001:0001a5d0       _sfc_api_go                1001b5d0 f   sfc_debugmsvc80:sfc_api.obj
 0001:0001a5f0       _sfc_api_step_over         1001b5f0 f   sfc_debugmsvc80:sfc_api.obj
 0001:0001a610       _sfc_api_step_out          1001b610 f   sfc_debugmsvc80:sfc_api.obj
 0001:0001a630       _sfc_api_resume            1001b630 f   sfc_debugmsvc80:sfc_api.obj
 0001:0001a650       _sfc_api_break             1001b650 f   sfc_debugmsvc80:sfc_api.obj
 0001:0001a670       _sfc_api_stop_debugging    1001b670 f   sfc_debugmsvc80:sfc_api.obj
 0001:0001a6c0       _sfc_api_is_cycle_detected 1001b6c0 f   sfc_debugmsvc80:sfc_api.obj
 0001:0001a710       _sfc_api_is_array_bounds_detected 1001b710 f   sfc_debugmsvc80:sfc_api.obj
 0001:0001a760       _sfc_api_set_disable_all_breakpoints 1001b760 f   sfc_debugmsvc80:sfc_api.obj
 0001:0001a7f0       _sfc_api_disable_all_breakpoints_and_go 1001b7f0 f   sfc_debugmsvc80:sfc_api.obj
 0001:0001a810       _sfc_api_close             1001b810 f   sfc_debugmsvc80:sfc_api.obj
 0001:0001a830       _sfc_api_browse_data       1001b830 f   sfc_debugmsvc80:sfc_api.obj
 0001:0001a8b0       _sfc_api_watch_data        1001b8b0 f   sfc_debugmsvc80:sfc_api.obj
 0001:0001a9b0       _sfc_api_extract_message_post_receive_info 1001b9b0 f   sfc_debugmsvc80:sfc_api.obj
 0001:0001a9d0       _sfc_api_assign_data       1001b9d0 f   sfc_debugmsvc80:sfc_api.obj
 0001:0001aa50       _sfc_api_whos              1001ba50 f   sfc_debugmsvc80:sfc_api.obj
 0001:0001aae0       _sfc_api_get_consistency_info 1001bae0 f   sfc_debugmsvc80:sfc_api.obj
 0001:0001ab00       _sfc_api_browse_trace      1001bb00 f   sfc_debugmsvc80:sfc_api.obj
 0001:0001ab20       _sfc_api_break_on_chart_entry 1001bb20 f   sfc_debugmsvc80:sfc_api.obj
 0001:0001ab60       _sfc_api_break_on_event_broadcast 1001bb60 f   sfc_debugmsvc80:sfc_api.obj
 0001:0001aba0       _sfc_api_break_on_state_entry 1001bba0 f   sfc_debugmsvc80:sfc_api.obj
 0001:0001abe0       _sfc_api_set_watch         1001bbe0 f   sfc_debugmsvc80:sfc_api.obj
 0001:0001acc0       _sfc_api_set_breakpoints   1001bcc0 f   sfc_debugmsvc80:sfc_api.obj
 0001:0001ada0       _sfc_api_set_eml_breakpoints 1001bda0 f   sfc_debugmsvc80:sfc_api.obj
 0001:0001ae50       _sfc_api_set_script_breakpoints 1001be50 f   sfc_debugmsvc80:sfc_api.obj
 0001:0001aec0       _sfc_api_add_script_breakpoints 1001bec0 f   sfc_debugmsvc80:sfc_api.obj
 0001:0001af30       _sfc_api_clear_script_breakpoints 1001bf30 f   sfc_debugmsvc80:sfc_api.obj
 0001:0001afa0       _sfc_api_query_script_breakpoints 1001bfa0 f   sfc_debugmsvc80:sfc_api.obj
 0001:0001b010       _sfc_api_get_script_id     1001c010 f   sfc_debugmsvc80:sfc_api.obj
 0001:0001b0b0       _sfc_api_get_active_states 1001c0b0 f   sfc_debugmsvc80:sfc_api.obj
 0001:0001b120       _sfc_api_break_between_times 1001c120 f   sfc_debugmsvc80:sfc_api.obj
 0001:0001b180       _sfc_api_get_instance_handle 1001c180 f   sfc_debugmsvc80:sfc_api.obj
 0001:0001b260       _sfc_api_set_animation     1001c260 f   sfc_debugmsvc80:sfc_api.obj
 0001:0001b2c0       _sfc_api_select_chart      1001c2c0 f   sfc_debugmsvc80:sfc_api.obj
 0001:0001b350       _sfc_api_select_charts     1001c350 f   sfc_debugmsvc80:sfc_api.obj
 0001:0001b380       _sfc_api_cycle_detection_check 1001c380 f   sfc_debugmsvc80:sfc_api.obj
 0001:0001b3e0       _sfc_api_data_range_check  1001c3e0 f   sfc_debugmsvc80:sfc_api.obj
 0001:0001b440       _sfc_api_transition_conflict_check 1001c440 f   sfc_debugmsvc80:sfc_api.obj
 0001:0001b4a0       _sfc_api_state_consistency_check 1001c4a0 f   sfc_debugmsvc80:sfc_api.obj
 0001:0001b500       _sfc_api_set_instance_cv_ids 1001c500 f   sfc_debugmsvc80:sfc_api.obj
 0001:0001b630       _sfc_api_set_script_cv_ids 1001c630 f   sfc_debugmsvc80:sfc_api.obj
 0001:0001b700       _sfc_api_get_current_machine_id 1001c700 f   sfc_debugmsvc80:sfc_api.obj
 0001:0001b740       _sfc_api_get_current_machine_number 1001c740 f   sfc_debugmsvc80:sfc_api.obj
 0001:0001b780       _sfc_api_get_current_chart_number 1001c780 f   sfc_debugmsvc80:sfc_api.obj
 0001:0001b7c0       _sfc_api_get_current_instance_number 1001c7c0 f   sfc_debugmsvc80:sfc_api.obj
 0001:0001b800       _sfc_api_get_current_instance_handle 1001c800 f   sfc_debugmsvc80:sfc_api.obj
 0001:0001b820       _sfc_api_get_current_is_minor_time_step 1001c820 f   sfc_debugmsvc80:sfc_api.obj
 0001:0001b860       _sfc_api_get_current_machine_name 1001c860 f   sfc_debugmsvc80:sfc_api.obj
 0001:0001b880       _sfc_api_get_current_chart_id 1001c880 f   sfc_debugmsvc80:sfc_api.obj
 0001:0001b8c0       _sfc_api_get_current_object_type 1001c8c0 f   sfc_debugmsvc80:sfc_api.obj
 0001:0001b900       _sfc_api_get_current_event_type 1001c900 f   sfc_debugmsvc80:sfc_api.obj
 0001:0001b940       _sfc_api_get_current_object_id 1001c940 f   sfc_debugmsvc80:sfc_api.obj
 0001:0001b980       _sfc_get_current_active_event_type 1001c980 f   sfc_debugmsvc80:sfc_api.obj
 0001:0001b9c0       _sfc_api_get_current_active_event_id 1001c9c0 f   sfc_debugmsvc80:sfc_api.obj
 0001:0001ba00       _sfc_api_get_current_simulation_time 1001ca00 f   sfc_debugmsvc80:sfc_api.obj
 0001:0001ba20       _sfc_get_current_tag_type  1001ca20 f   sfc_debugmsvc80:sfc_api.obj
 0001:0001ba60       _sfc_get_current_coverage_percentage 1001ca60 f   sfc_debugmsvc80:sfc_api.obj
 0001:0001ba80       _sfc_get_current_statement_context 1001ca80 f   sfc_debugmsvc80:sfc_api.obj
 0001:0001baa0       _sfc_get_current_optional_integer 1001caa0 f   sfc_debugmsvc80:sfc_api.obj
 0001:0001bad0       _sfc_get_current_statement_info 1001cad0 f   sfc_debugmsvc80:sfc_api.obj
 0001:0001bb70       _sfc_api_get               1001cb70 f   sfc_debugmsvc80:sfc_api.obj
 0001:0001c5c0       _sf_debug_sm_fill_state_activity_data 1001d5c0 f   sfc_debugmsvc80:sfdb_animation.obj
 0001:0001e890       _void_ptr_stack_vector_free_total 1001f890 f   sfc_debugmsvc80:sfdb_data_browse.obj
 0001:0001e8f0       _sf_debug_st_terminate_machine 1001f8f0 f   sfc_debugmsvc80:sfdb_data_browse.obj
 0001:0001e920       _sf_debug_st_terminate_instance 1001f920 f   sfc_debugmsvc80:sfdb_data_browse.obj
 0001:0001eaa0       _push_on_to_void_ptr_stack 1001faa0 f   sfc_debugmsvc80:sfdb_data_browse.obj
 0001:0001ebd0       _pop_from_void_ptr_stack   1001fbd0 f   sfc_debugmsvc80:sfdb_data_browse.obj
 0001:0001ecd0       _sf_debug_st_get_data_value 1001fcd0 f   sfc_debugmsvc80:sfdb_data_browse.obj
 0001:0001f170       _mx_value                  10020170 f   sfc_debugmsvc80:sfdb_data_browse.obj
 0001:0001f1a0       _sf_debug_st_fill_data_struct 100201a0 f   sfc_debugmsvc80:sfdb_data_browse.obj
 0001:0001f470       _data_type_format_strings  10020470 f   sfc_debugmsvc80:sfdb_data_browse.obj
 0001:0001f4e0       _sf_debug_st_fill_data     100204e0 f   sfc_debugmsvc80:sfdb_data_browse.obj
 0001:0001fee0       _sf_debug_hm_get_simulink_handle 10020ee0 f   sfc_debugmsvc80:sfdb_handle_management.obj
 0001:00020860       _sf_debug_hm_initialize_globals 10021860 f   sfc_debugmsvc80:sfdb_handle_management.obj
 0001:00020950       _sf_debug_hm_get_machine_debug_flag 10021950 f   sfc_debugmsvc80:sfdb_handle_management.obj
 0001:00020aa0       _sf_debug_hm_get_machine_id 10021aa0 f   sfc_debugmsvc80:sfdb_handle_management.obj
 0001:00020bb0       _sf_debug_hm_get_chart_id  10021bb0 f   sfc_debugmsvc80:sfdb_handle_management.obj
 0001:00020d20       _sf_debug_hm_register_executing_SFunction 10021d20 f   sfc_debugmsvc80:sfdb_handle_management.obj
 0001:00021020       _sf_debug_hm_form_object_boolean_properties 10022020 f   sfc_debugmsvc80:sfdb_handle_management.obj
 0001:00021290       _sf_debug_hm_form_object_properties 10022290 f   sfc_debugmsvc80:sfdb_handle_management.obj
 0001:00021490       _sf_debug_hm_terminate_charts 10022490 f   sfc_debugmsvc80:sfdb_handle_management.obj
 0001:00021ab0       _sf_debug_hm_terminate_machines 10022ab0 f   sfc_debugmsvc80:sfdb_handle_management.obj
 0001:000232d0       _sf_debug_ss_copy_dimension 100242d0 f   sfc_debugmsvc80:sfdb_symbol_scope.obj
 0001:00023340       _sf_debug_ss_get_number_elements 10024340 f   sfc_debugmsvc80:sfdb_symbol_scope.obj
 0001:00023360       _sf_debug_ss_fill_data_struct 10024360 f   sfc_debugmsvc80:sfdb_symbol_scope.obj
 0001:00023550       _sf_debug_ss_reset_data_info 10024550 f   sfc_debugmsvc80:sfdb_symbol_scope.obj
 0001:000235a0       _sf_debug_fill_data_info_by_symbol_scope_entry 100245a0 f   sfc_debugmsvc80:sfdb_symbol_scope.obj
 0001:00023650       _sf_debug_fill_data_info_by_data_vector 10024650 f   sfc_debugmsvc80:sfdb_symbol_scope.obj
 0001:00023810       _get_data_info_helper      10024810 f   sfc_debugmsvc80:sfdb_symbol_scope.obj
 0001:00023890       _sf_debug_ss_get_data_info 10024890 f   sfc_debugmsvc80:sfdb_symbol_scope.obj
 0001:00023a40       _sf_debug_select_mex_function 10024a40 f   sfc_debugmsvc80:sfdb_symbol_scope.obj
 0001:00023a70       _sf_debug_is_dyn_matrix_initialized 10024a70 f   sfc_debugmsvc80:sfdb_symbol_scope.obj
 0001:00023a90       _sf_debug_ss_set_data_value_try 10024a90 f   sfc_debugmsvc80:sfdb_symbol_scope.obj
 0001:00023bc0       _sf_debug_ss_get_data_value 10024bc0 f   sfc_debugmsvc80:sfdb_symbol_scope.obj
 0001:000240f0       _sf_debug_ss_data_bytes_string 100250f0 f   sfc_debugmsvc80:sfdb_symbol_scope.obj
 0001:00024160       _sf_debug_ss_data_class_string 10025160 f   sfc_debugmsvc80:sfdb_symbol_scope.obj
 0001:000244b0       _sf_debug_ss_data_size_string 100254b0 f   sfc_debugmsvc80:sfdb_symbol_scope.obj
 0001:00024570       _sf_debug_ss_data_create_data_info_struct 10025570 f   sfc_debugmsvc80:sfdb_symbol_scope.obj
 0001:000247d0       _sf_debug_ss_data_create_name_value_pair 100257d0 f   sfc_debugmsvc80:sfdb_symbol_scope.obj
 0001:00024830       _sf_debug_ss_data_get_whos_info 10025830 f   sfc_debugmsvc80:sfdb_symbol_scope.obj
 0001:00024860       _same_named_data_in_data_array 10025860 f   sfc_debugmsvc80:sfdb_symbol_scope.obj
 0001:00025cf0       _sf_debug_cc_terminate_chart 10026cf0 f   sfc_debugmsvc80:sfdb_coverage.obj
 0001:00026000       _sf_debug_cc_terminate_instance 10027000 f   sfc_debugmsvc80:sfdb_coverage.obj
 0001:00026a30       _sf_debug_cc_mark_object_if_needed 10027a30 f   sfc_debugmsvc80:sfdb_coverage.obj
 0001:000271b0       _sf_debug_bm_initialize_eml 100281b0 f   sfc_debugmsvc80:sfdb_breakpoints.obj
 0001:00028180       _sf_debug_bm_map_debug_tag_to_breakpoint_tag 10029180 f   sfc_debugmsvc80:sfdb_breakpoints.obj
 0001:00028220       _sf_debug_bm_is_a_eml_breakpoint_impl 10029220 f   sfc_debugmsvc80:sfdb_breakpoints.obj
 0001:00029880       _sf_debug_sc_push_on_error_stack 1002a880 f   sfc_debugmsvc80:sfdb_state_consistency.obj
 0001:00029980       _sf_debug_sc_reset_error_stack 1002a980 f   sfc_debugmsvc80:sfdb_state_consistency.obj
 0001:00029ad0       _sf_debug_sc_is_state_inconsistent 1002aad0 f   sfc_debugmsvc80:sfdb_state_consistency.obj
 0001:00029cf0       _sf_debug_sc_fill_consistency_info 1002acf0 f   sfc_debugmsvc80:sfdb_state_consistency.obj
 0001:0002a180       _void_assertion_fcn        1002b180 f   sfc_debugmsvc80:sfdb_call_stack.obj
 0001:0002a660       _sf_debug_tm_fill_local_trace 1002b660 f   sfc_debugmsvc80:sfdb_call_stack.obj
 0001:0002aae0       _sf_debug_cd_terminate_instance 1002bae0 f   sfc_debugmsvc80:sfdb_cycle_detection.obj
 0001:0002ab40       _sf_debug_cd_free_checksum_stack 1002bb40 f   sfc_debugmsvc80:sfdb_cycle_detection.obj
 0001:0002ab70       _sf_debug_cd_reset_pack_strings 1002bb70 f   sfc_debugmsvc80:sfdb_cycle_detection.obj
 0001:0002b1b0       _md5file_clear             1002c1b0 f   sfc_debugmsvc80:ckmd5.obj
 0001:0002b1e0       _Encode                    1002c1e0 f   sfc_debugmsvc80:ckmd5.obj
 0001:0002b220       _Decode                    1002c220 f   sfc_debugmsvc80:ckmd5.obj
 0001:0002b2a0       _MD5Transform              1002c2a0 f   sfc_debugmsvc80:ckmd5.obj
 0001:0002b960       _md5file_addn              1002c960 f   sfc_debugmsvc80:ckmd5.obj
 0001:0002ba10       _md5file_hash              1002ca10 f   sfc_debugmsvc80:ckmd5.obj
 0001:0002becd       _pre_c_init                1002cecd f   MSVCRT:crtdll.obj
 0001:0002c126       ___DllMainCRTStartup       1002d126 f   MSVCRT:crtdll.obj
