 nid_cvst_pattern_tracking_sfun

 Timestamp is 52faa9ef (Wed Feb 12 05:53:35 2014)

 Preferred load address is 10000000

 Start         Length     Name                   Class
 0001:00000000 000339f4H .text                   CODE
 0002:00000000 00000250H .idata$5                DATA
 0002:00000250 00000004H .CRT$XCA                DATA
 0002:00000254 00000004H .CRT$XCZ                DATA
 0002:00000258 00000004H .CRT$XIA                DATA
 0002:0000025c 00000004H .CRT$XIAA               DATA
 0002:00000260 00000004H .CRT$XIC                DATA
 0002:00000264 00000004H .CRT$XIZ                DATA
 0002:00000268 00004600H .rdata                  DATA
 0002:00004870 00000004H .rdata$sxdata           DATA
 0002:00004874 00000004H .rtc$IAA                DATA
 0002:00004878 00000004H .rtc$IZZ                DATA
 0002:0000487c 00000004H .rtc$TAA                DATA
 0002:00004880 00000004H .rtc$TZZ                DATA
 0002:00004888 00000064H .xdata$x                DATA
 0002:000048ec 000000a0H .idata$2                DATA
 0002:0000498c 00000014H .idata$3                DATA
 0002:000049a0 00000250H .idata$4                DATA
 0002:00004bf0 00000aeeH .idata$6                DATA
 0002:000056e0 00000064H .edata                  DATA
 0003:00000000 00002ad0H .data                   DATA
 0003:00002ae0 01fa60c8H .bss                    DATA

  Address         Publics by Value              Rva+Base       Lib:Object

 0000:00000000       __except_list              00000000     <absolute>
 0000:00000001       ___safe_se_handler_count   00000001     <absolute>
 0000:00009876       __ldused                   00009876     <absolute>
 0000:00009876       __fltused                  00009876     <absolute>
 0000:00000000       ___ImageBase               10000000     <linker-defined>
 0001:00000000       _sf_c1_nid_cvst_pattern_tracking_get_eml_resolved_functions_info 10001000 f   c1_nid_cvst_pattern_tracking.obj
 0001:00000350       _sf_c1_nid_cvst_pattern_tracking_get_check_sum 10001350 f   c1_nid_cvst_pattern_tracking.obj
 0001:000003b0       _sf_c1_nid_cvst_pattern_tracking_get_autoinheritance_info 100013b0 f   c1_nid_cvst_pattern_tracking.obj
 0001:000007c0       _sf_c1_nid_cvst_pattern_tracking_third_party_uses_info 100017c0 f   c1_nid_cvst_pattern_tracking.obj
 0001:000007e0       _sf_internal_get_sim_state_c1_nid_cvst_pattern_tracking 100017e0 f   c1_nid_cvst_pattern_tracking.obj
 0001:00000a00       _sf_internal_set_sim_state_c1_nid_cvst_pattern_tracking 10001a00 f   c1_nid_cvst_pattern_tracking.obj
 0001:00000c30       _c1_nid_cvst_pattern_tracking_method_dispatcher 10001c30 f   c1_nid_cvst_pattern_tracking.obj
 0001:000039a0       _sf_c2_nid_cvst_pattern_tracking_get_eml_resolved_functions_info 100049a0 f   c2_nid_cvst_pattern_tracking.obj
 0001:00004320       _sf_c2_nid_cvst_pattern_tracking_get_check_sum 10005320 f   c2_nid_cvst_pattern_tracking.obj
 0001:00004380       _sf_c2_nid_cvst_pattern_tracking_get_autoinheritance_info 10005380 f   c2_nid_cvst_pattern_tracking.obj
 0001:00004e30       _sf_c2_nid_cvst_pattern_tracking_third_party_uses_info 10005e30 f   c2_nid_cvst_pattern_tracking.obj
 0001:00004e50       _sf_internal_get_sim_state_c2_nid_cvst_pattern_tracking 10005e50 f   c2_nid_cvst_pattern_tracking.obj
 0001:000051f0       _sf_internal_set_sim_state_c2_nid_cvst_pattern_tracking 100061f0 f   c2_nid_cvst_pattern_tracking.obj
 0001:00005720       _c2_nid_cvst_pattern_tracking_method_dispatcher 10006720 f   c2_nid_cvst_pattern_tracking.obj
 0001:0000a780       _sf_process_check_sum_call 1000b780 f   nid_cvst_pattern_tracking_sfun_registry.obj
 0001:0000a7b0       _sf_process_autoinheritance_call 1000b7b0 f   nid_cvst_pattern_tracking_sfun_registry.obj
 0001:0000a8f0       _sf_process_get_third_party_uses_info_call 1000b8f0 f   nid_cvst_pattern_tracking_sfun_registry.obj
 0001:0000aa30       _sf_process_get_eml_resolved_functions_info_call 1000ba30 f   nid_cvst_pattern_tracking_sfun_registry.obj
 0001:0000ab50       _sf_mex_unlock_call        1000bb50 f   nid_cvst_pattern_tracking_sfun_registry.obj
 0001:0000abe0       _sf_machine_global_initializer_called 1000bbe0 f   nid_cvst_pattern_tracking_sfun_registry.obj
 0001:0000ac00       _sf_machine_global_method_dispatcher 1000bc00 f   nid_cvst_pattern_tracking_sfun_registry.obj
 0001:0000ac40       _sf_machine_global_terminator 1000bc40 f   nid_cvst_pattern_tracking_sfun_registry.obj
 0001:0000ac80       _sf_register_machine_exported_symbols 1000bc80 f   nid_cvst_pattern_tracking_sfun_registry.obj
 0001:0000aca0       _callCustomFcn             1000bca0 f   nid_cvst_pattern_tracking_sfun_registry.obj
 0001:0000acb0       _sf_machine_global_initializer 1000bcb0 f   nid_cvst_pattern_tracking_sfun_registry.obj
 0001:0000ad20       __ssSetStateAbsTol         1000bd20 f   nid_cvst_pattern_tracking_sfun_registry.obj
 0001:0000adc0       __ssGetAbsTol              1000bdc0 f   nid_cvst_pattern_tracking_sfun_registry.obj
 0001:0000ae10       __ssSetInputPortMatrixDimensions 1000be10 f   nid_cvst_pattern_tracking_sfun_registry.obj
 0001:0000aec0       __ssSetOutputPortMatrixDimensions 1000bec0 f   nid_cvst_pattern_tracking_sfun_registry.obj
 0001:0000af70       __ssSetInputPortVectorDimension 1000bf70 f   nid_cvst_pattern_tracking_sfun_registry.obj
 0001:0000aff0       __ssSetOutputPortVectorDimension 1000bff0 f   nid_cvst_pattern_tracking_sfun_registry.obj
 0001:0000b070       _ssIsRunTimeParamTunable   1000c070 f   nid_cvst_pattern_tracking_sfun_registry.obj
 0001:0000b0d0       _ssGetSFuncBlockHandle     1000c0d0 f   nid_cvst_pattern_tracking_sfun_registry.obj
 0001:0000b120       __ssGetCurrentInputPortWidth 1000c120 f   nid_cvst_pattern_tracking_sfun_registry.obj
 0001:0000b1f0       __ssGetCurrentOutputPortWidth 1000c1f0 f   nid_cvst_pattern_tracking_sfun_registry.obj
 0001:0000b2c0       __ssGetCallSystemNumFcnCallDestinations 1000c2c0 f   nid_cvst_pattern_tracking_sfun_registry.obj
 0001:0000b320       _ssWarning                 1000c320 f   nid_cvst_pattern_tracking_sfun_registry.obj
 0001:0000b400       _ssGetIsZeroCrossControlDisabled 1000c400 f   nid_cvst_pattern_tracking_sfun_registry.obj
 0001:0000b460       _ssSetIsInputPortUsedForContZcSignal 1000c460 f   nid_cvst_pattern_tracking_sfun_registry.obj
 0001:0000b4b0       _ssSetZcSignalIsZcElementDisc 1000c4b0 f   nid_cvst_pattern_tracking_sfun_registry.obj
 0001:0000b530       _ssSetZcSignalName         1000c530 f   nid_cvst_pattern_tracking_sfun_registry.obj
 0001:0000b580       _ssSetZcSignalWidth        1000c580 f   nid_cvst_pattern_tracking_sfun_registry.obj
 0001:0000b5d0       _ssSetZcSignalZcEventType  1000c5d0 f   nid_cvst_pattern_tracking_sfun_registry.obj
 0001:0000b620       _ssSetZcSignalType         1000c620 f   nid_cvst_pattern_tracking_sfun_registry.obj
 0001:0000b670       _ssSetZcSignalZcTol        1000c670 f   nid_cvst_pattern_tracking_sfun_registry.obj
 0001:0000b6c0       _ssSetZcSignalNeedsEventNotification 1000c6c0 f   nid_cvst_pattern_tracking_sfun_registry.obj
 0001:0000b710       _ssCreateAndAddZcSignalInfo 1000c710 f   nid_cvst_pattern_tracking_sfun_registry.obj
 0001:0000b770       _ssCloneAndAddZcSignalInfo 1000c770 f   nid_cvst_pattern_tracking_sfun_registry.obj
 0001:0000b7d0       _ssGetNumZcSignals         1000c7d0 f   nid_cvst_pattern_tracking_sfun_registry.obj
 0001:0000b830       _ssGetZcSignalVector       1000c830 f   nid_cvst_pattern_tracking_sfun_registry.obj
 0001:0000b890       _ssGetZcSignalZcEvents     1000c890 f   nid_cvst_pattern_tracking_sfun_registry.obj
 0001:0000b8f0       _ssGetZcSignalName         1000c8f0 f   nid_cvst_pattern_tracking_sfun_registry.obj
 0001:0000b950       _ssGetZcSignalWidth        1000c950 f   nid_cvst_pattern_tracking_sfun_registry.obj
 0001:0000b9b0       _ssGetZcSignalZcEventType  1000c9b0 f   nid_cvst_pattern_tracking_sfun_registry.obj
 0001:0000ba10       _ssGetZcSignalType         1000ca10 f   nid_cvst_pattern_tracking_sfun_registry.obj
 0001:0000ba70       _ssGetZcSignalZcTol        1000ca70 f   nid_cvst_pattern_tracking_sfun_registry.obj
 0001:0000bad0       _ssGetZcSignalNeedsEventNotification 1000cad0 f   nid_cvst_pattern_tracking_sfun_registry.obj
 0001:0000bb30       _ssGetZcSignalIsZcElementDisc 1000cb30 f   nid_cvst_pattern_tracking_sfun_registry.obj
 0001:0000bbb0       _ssGetIsInputPortElementContinuous 1000cbb0 f   nid_cvst_pattern_tracking_sfun_registry.obj
 0001:0000bc30       __ssGetInputPortSignalPtrsFcn 1000cc30 f   nid_cvst_pattern_tracking_sfun_registry.obj
 0001:0000be30       __ssGetInputPortSignalFcn  1000ce30 f   nid_cvst_pattern_tracking_sfun_registry.obj
 0001:0000bfc0       __ssSetInputPortDirectFeedThroughFcn 1000cfc0 f   nid_cvst_pattern_tracking_sfun_registry.obj
 0001:0000c0f0       __ssSetInputPortReusableFcn 1000d0f0 f   nid_cvst_pattern_tracking_sfun_registry.obj
 0001:0000c180       __ssSetOutputPortReusableFcn 1000d180 f   nid_cvst_pattern_tracking_sfun_registry.obj
 0001:0000c210       _ssGetDTypeIdFromMxArray   1000d210 f   nid_cvst_pattern_tracking_sfun_registry.obj
 0001:0000c300       _ssWriteRTWStr             1000d300 f   nid_cvst_pattern_tracking_sfun_registry.obj
 0001:0000c340       _ssWriteRTWMxVectParam     1000d340 f   nid_cvst_pattern_tracking_sfun_registry.obj
 0001:0000c380       _ssWriteRTWMx2dMatParam    1000d380 f   nid_cvst_pattern_tracking_sfun_registry.obj
 0001:0000c3c0       _ssWriteRTWNameValuePair   1000d3c0 f   nid_cvst_pattern_tracking_sfun_registry.obj
 0001:0000c730       _ssWriteRTWParameters      1000d730 f   nid_cvst_pattern_tracking_sfun_registry.obj
 0001:0000cad0       _ssWriteRTWParamSettings   1000dad0 f   nid_cvst_pattern_tracking_sfun_registry.obj
 0001:0000cf80       _ssWriteRTWWorkVect        1000df80 f   nid_cvst_pattern_tracking_sfun_registry.obj
 0001:0000d310       _mexFunction               1000e310 f   nid_cvst_pattern_tracking_sfun_registry.obj
 0001:0000ea90       _ProcessMexSfunctionEveryCall 1000fa90 f   nid_cvst_pattern_tracking_sfun_registry.obj
 0001:0000eba0       _nid_cvst_pattern_tracking_initializer 1000fba0 f   nid_cvst_pattern_tracking_sfun.obj
 0001:0000ebb0       _nid_cvst_pattern_tracking_terminator 1000fbb0 f   nid_cvst_pattern_tracking_sfun.obj
 0001:0000ebc0       _sf_nid_cvst_pattern_tracking_method_dispatcher 1000fbc0 f   nid_cvst_pattern_tracking_sfun.obj
 0001:0000ec10       _sf_nid_cvst_pattern_tracking_process_check_sum_call 1000fc10 f   nid_cvst_pattern_tracking_sfun.obj
 0001:0000efd0       _sf_nid_cvst_pattern_tracking_autoinheritance_info 1000ffd0 f   nid_cvst_pattern_tracking_sfun.obj
 0001:0000f130       _sf_nid_cvst_pattern_tracking_get_eml_resolved_functions_info 10010130 f   nid_cvst_pattern_tracking_sfun.obj
 0001:0000f250       _sf_nid_cvst_pattern_tracking_third_party_uses_info 10010250 f   nid_cvst_pattern_tracking_sfun.obj
 0001:0000f3b0       _nid_cvst_pattern_tracking_debug_initialize 100103b0 f   nid_cvst_pattern_tracking_sfun.obj
 0001:0000f410       _nid_cvst_pattern_tracking_register_exported_symbols 10010410 f   nid_cvst_pattern_tracking_sfun.obj
 0001:0000f420       _load_nid_cvst_pattern_tracking_optimization_info 10010420 f   nid_cvst_pattern_tracking_sfun.obj
 0001:0000f460       _unload_nid_cvst_pattern_tracking_optimization_info 10010460 f   nid_cvst_pattern_tracking_sfun.obj
 0001:0000f530       _sf_mex_mx_is_numeric      10010530 f   sfc_mexmsvc80:sfc_mex.obj
 0001:0000f570       _strcmp_ignore_ws          10010570 f   sfc_mexmsvc80:sfc_mex.obj
 0001:0000f690       _sf_mex_duplicatearraysafe 10010690 f   sfc_mexmsvc80:sfc_mex.obj
 0001:0000f870       _sf_set_error_debugger_context_message_fcn 10010870 f   sfc_mexmsvc80:sfc_mex.obj
 0001:0000f890       _sf_set_debugger_matlab_error_fcn 10010890 f   sfc_mexmsvc80:sfc_mex.obj
 0001:0000f8c0       _sf_set_error_prefix_string 100108c0 f   sfc_mexmsvc80:sfc_mex.obj
 0001:0000f8f0       _sf_get_error_prefix_string 100108f0 f   sfc_mexmsvc80:sfc_mex.obj
 0001:0000f900       _sf_mex_enter_parallel_region 10010900 f   sfc_mexmsvc80:sfc_mex.obj
 0001:0000f910       _sf_mex_exit_parallel_region 10010910 f   sfc_mexmsvc80:sfc_mex.obj
 0001:0000f920       _sf_get_current_jmp_buf_ptr 10010920 f   sfc_mexmsvc80:sfc_mex.obj
 0001:0000f930       _sf_set_current_jmp_buf_ptr 10010930 f   sfc_mexmsvc80:sfc_mex.obj
 0001:0000f940       _sf_mex_set_halt_simulation 10010940 f   sfc_mexmsvc80:sfc_mex.obj
 0001:0000f950       _sf_mex_get_halt_simulation 10010950 f   sfc_mexmsvc80:sfc_mex.obj
 0001:0000f960       _sf_mex_clear_error_message 10010960 f   sfc_mexmsvc80:sfc_mex.obj
 0001:0000f980       _sf_mex_get_error_message_for_read 10010980 f   sfc_mexmsvc80:sfc_mex.obj
 0001:0000f990       _sf_mex_get_error_message_buffer_length 10010990 f   sfc_mexmsvc80:sfc_mex.obj
 0001:0000fa60       _sf_mex_warning_message    10010a60 f   sfc_mexmsvc80:sfc_mex.obj
 0001:0000fab0       _sf_mex_v_errbuf_createf   10010ab0 f   sfc_mexmsvc80:sfc_mex.obj
 0001:0000fad0       _sf_mex_errbuf_createf     10010ad0 f   sfc_mexmsvc80:sfc_mex.obj
 0001:0000faf0       _sf_mex_v_errbuf_catf      10010af0 f   sfc_mexmsvc80:sfc_mex.obj
 0001:0000fb30       _sf_mex_errbuf_catf        10010b30 f   sfc_mexmsvc80:sfc_mex.obj
 0001:0000fb70       _sf_mex_errbuf_copy        10010b70 f   sfc_mexmsvc80:sfc_mex.obj
 0001:0000fb90       _sf_mex_errbuf_clear       10010b90 f   sfc_mexmsvc80:sfc_mex.obj
 0001:0000fba0       _sf_mex_errbuf_isempty     10010ba0 f   sfc_mexmsvc80:sfc_mex.obj
 0001:0000fc30       _sf_mex_set_error_status   10010c30 f   sfc_mexmsvc80:sfc_mex.obj
 0001:0000fc60       _sf_mex_error_direct_call  10010c60 f   sfc_mexmsvc80:sfc_mex.obj
 0001:0000fc80       _sf_mex_error_message_no_long_jump 10010c80 f   sfc_mexmsvc80:sfc_mex.obj
 0001:0000fcb0       _sf_mex_long_jump_on_error 10010cb0 f   sfc_mexmsvc80:sfc_mex.obj
 0001:0000fce0       _sf_mex_call_matlab        10010ce0 f   sfc_mexmsvc80:sfc_mex.obj
 0001:0000fdb0       _sf_mex_check_builtin      10010db0 f   sfc_mexmsvc80:sfc_mex.obj
 0001:0000fe10       _sf_mex_check_builtin_vs   10010e10 f   sfc_mexmsvc80:sfc_mex.obj
 0001:0000fe70       _sf_mex_check_enum         10010e70 f   sfc_mexmsvc80:sfc_mex.obj
 0001:0000fec0       _sf_mex_create_enum        10010ec0 f   sfc_mexmsvc80:sfc_mex.obj
 0001:0000ff10       _sf_mex_get_enum_element   10010f10 f   sfc_mexmsvc80:sfc_mex.obj
 0001:0000ff20       _sf_mex_createcellarray    10010f20 f   sfc_mexmsvc80:sfc_mex.obj
 0001:0000ff40       _sf_mex_setcell            10010f40 f   sfc_mexmsvc80:sfc_mex.obj
 0001:0000ff50       _sf_mex_getcell            10010f50 f   sfc_mexmsvc80:sfc_mex.obj
 0001:0000ff60       _sf_mex_dup                10010f60 f   sfc_mexmsvc80:sfc_mex.obj
 0001:0000ff90       _sf_mex_assign             10010f90 f   sfc_mexmsvc80:sfc_mex.obj
 0001:0000ffe0       _sf_mex_destroy            10010fe0 f   sfc_mexmsvc80:sfc_mex.obj
 0001:00010000       _mx_array_has_fi_type      10011000 f   sfc_mexmsvc80:sfc_mex.obj
 0001:00010030       _sf_mex_convert_from_fi    10011030 f   sfc_mexmsvc80:sfc_mex.obj
 0001:00010110       _sf_mex_convert_to_double  10011110 f   sfc_mexmsvc80:sfc_mex.obj
 0001:00010150       _sf_mex_import_fi_vs       10011150 f   sfc_mexmsvc80:sfc_mex.obj
 0001:000102b0       _sf_matrix_matrix_index_ok 100112b0 f   sfc_mexmsvc80:sfc_mex.obj
 0001:00010320       _sf_vector_vector_index_ok 10011320 f   sfc_mexmsvc80:sfc_mex.obj
 0001:00010350       _ssGetCurrentInputPortDimensions_wrapper 10011350 f   sfc_mexmsvc80:sfc_mex.obj
 0001:00010370       _ssGetCurrentOutputPortDimensions_wrapper 10011370 f   sfc_mexmsvc80:sfc_mex.obj
 0001:00010390       _sf_mex_emlrt_context_is_debug_mode 10011390 f   sfc_mexmsvc80:sfc_mex.obj
 0001:000103a0       _sf_mex_emlrt_context_set_debug_mode 100113a0 f   sfc_mexmsvc80:sfc_mex.obj
 0001:000103b0       _sf_mex_emlrtNameCapturePostProcessR2012a 100113b0 f   sfc_mexmsvc80:sfc_mex.obj
 0001:00010410       _sf_clear_error_manager_info 10011410 f   sfc_mexmsvc80:sfc_mex.obj
 0001:00010460       _sf_mex_stop_simulation_abruptly_wo_error 10011460 f   sfc_mexmsvc80:sfc_mex.obj
 0001:00010490       _sf_mex_error_message      10011490 f   sfc_mexmsvc80:sfc_mex.obj
 0001:000104e0       _sf_react_to_error_in_matlab_call 100114e0 f   sfc_mexmsvc80:sfc_mex.obj
 0001:00010510       _sf_mex_addfield           10011510 f   sfc_mexmsvc80:sfc_mex.obj
 0001:00010590       _sf_mex_getfield           10011590 f   sfc_mexmsvc80:sfc_mex.obj
 0001:00010810       _sf_mex_check_class        10011810 f   sfc_mexmsvc80:sfc_mex.obj
 0001:00010890       _sf_mex_is_real            10011890 f   sfc_mexmsvc80:sfc_mex.obj
 0001:00010aa0       _sf_mex_decode_encoded_mx_struct_array 10011aa0 f   sfc_mexmsvc80:sfc_mex.obj
 0001:00010c40       _sf_mex_lw_bounds_check    10011c40 f   sfc_mexmsvc80:sfc_mex.obj
 0001:00010c70       _sf_mex_lw_size_eq_check_1d 10011c70 f   sfc_mexmsvc80:sfc_mex.obj
 0001:00010c90       _sf_mex_lw_size_eq_check_nd 10011c90 f   sfc_mexmsvc80:sfc_mex.obj
 0001:00010d70       _sf_mex_lw_dim_size_eq_check 10011d70 f   sfc_mexmsvc80:sfc_mex.obj
 0001:00010da0       _sf_mex_lw_dim_size_geq_check 10011da0 f   sfc_mexmsvc80:sfc_mex.obj
 0001:00010dd0       _sf_mex_lw_sub_assign_size_check_nd 10011dd0 f   sfc_mexmsvc80:sfc_mex.obj
 0001:00010f00       _sf_mex_lw_runtime_error_msgid 10011f00 f   sfc_mexmsvc80:sfc_mex.obj
 0001:00010fb0       _sf_mex_lw_matrix_matrix_index_check 10011fb0 f   sfc_mexmsvc80:sfc_mex.obj
 0001:00010fe0       _sf_mex_lw_vector_vector_index_check 10011fe0 f   sfc_mexmsvc80:sfc_mex.obj
 0001:00011020       _sf_mex_lw_for_loop_vector_check 10012020 f   sfc_mexmsvc80:sfc_mex.obj
 0001:00011080       _sf_mex_lw_non_negative_check 10012080 f   sfc_mexmsvc80:sfc_mex.obj
 0001:000110b0       _sf_mex_overflow_error     100120b0 f   sfc_mexmsvc80:sfc_mex.obj
 0001:000110c0       _sf_mex_dividebyzero_error 100120c0 f   sfc_mexmsvc80:sfc_mex.obj
 0001:000110d0       _sf_mex_unsafe_enum_error  100120d0 f   sfc_mexmsvc80:sfc_mex.obj
 0001:000110e0       _sf_emlrtErrHandler        100120e0 f   sfc_mexmsvc80:sfc_mex.obj
 0001:000111a0       _sf_mex_size_one_check     100121a0 f   sfc_mexmsvc80:sfc_mex.obj
 0001:000111c0       _sf_mex_printf             100121c0 f   sfc_mexmsvc80:sfc_mex.obj
 0001:000112a0       _sf_mex_check_size         100122a0 f   sfc_mexmsvc80:sfc_mex.obj
 0001:00011520       _sf_mex_check_struct       10012520 f   sfc_mexmsvc80:sfc_mex.obj
 0001:00011770       _sf_mex_check_struct_vs    10012770 f   sfc_mexmsvc80:sfc_mex.obj
 0001:000117b0       _sf_mex_check_fi           100127b0 f   sfc_mexmsvc80:sfc_mex.obj
 0001:00011880       _sf_mex_check_fi_vs        10012880 f   sfc_mexmsvc80:sfc_mex.obj
 0001:000118d0       _sf_echo_expression        100128d0 f   sfc_mexmsvc80:sfc_mex.obj
 0001:00011920       _sf_assertion_failed       10012920 f   sfc_mexmsvc80:sfc_mex.obj
 0001:00011bb0       _sf_mex_evalin             10012bb0 f   sfc_mexmsvc80:sfc_mex.obj
 0001:00011e10       _sf_mex_export             10012e10 f   sfc_mexmsvc80:sfc_mex.obj
 0001:00011ec0       _sf_mex_get_ml_var_no_error 10012ec0 f   sfc_mexmsvc80:sfc_mex.obj
 0001:00012020       _sf_mex_get_ml_var         10013020 f   sfc_mexmsvc80:sfc_mex.obj
 0001:000124f0       _ml_set_element_value_in_array 100134f0 f   sfc_mexmsvc80:sfc_mex.obj
 0001:00013620       _sf_mex_call_impl          10014620 f   sfc_mexmsvc80:sfc_mex.obj
 0001:000139c0       _sf_mex_call_debug         100149c0 f   sfc_mexmsvc80:sfc_mex.obj
 0001:000139e0       _sf_mex_call               100149e0 f   sfc_mexmsvc80:sfc_mex.obj
 0001:000140f0       _sf_mex_createstruct       100150f0 f   sfc_mexmsvc80:sfc_mex.obj
 0001:00014190       _sf_mex_createstructarray  10015190 f   sfc_mexmsvc80:sfc_mex.obj
 0001:000141f0       _sf_mex_get_mx_datatype_from_sf_datatype 100151f0 f   sfc_mexmsvc80:sfc_mex.obj
 0001:00014480       _sf_mex_ml_var_sub         10015480 f   sfc_mexmsvc80:sfc_mex.obj
 0001:000145f0       _sf_mex_ml_var_subsasgn    100155f0 f   sfc_mexmsvc80:sfc_mex.obj
 0001:00014900       _sf_mex_sub                10015900 f   sfc_mexmsvc80:sfc_mex.obj
 0001:00014aa0       _sf_mex_subsasgn           10015aa0 f   sfc_mexmsvc80:sfc_mex.obj
 0001:00014e90       _sf_mex_create             10015e90 f   sfc_mexmsvc80:sfc_mex.obj
 0001:00015780       _sf_mex_import_named       10016780 f   sfc_mexmsvc80:sfc_mex.obj
 0001:000157d0       _sf_mex_import             100167d0 f   sfc_mexmsvc80:sfc_mex.obj
 0001:00015810       _sf_mex_import_vs          10016810 f   sfc_mexmsvc80:sfc_mex.obj
 0001:000158a0       _sf_mex_lower_fixpt_mx_array 100168a0 f   sfc_mexmsvc80:sfc_mex.obj
 0001:00015a70       _sf_send_message_wrapper   10016a70 f   sfc_mexmsvc80:sfc_sf.obj
 0001:00015aa0       _sf_receive_message_wrapper 10016aa0 f   sfc_mexmsvc80:sfc_sf.obj
 0001:00015ae0       _sf_check_out_message_wrapper 10016ae0 f   sfc_mexmsvc80:sfc_sf.obj
 0001:00015b20       _sf_check_in_message_wrapper 10016b20 f   sfc_mexmsvc80:sfc_sf.obj
 0001:00015b60       _sf_no_message_wrapper     10016b60 f   sfc_mexmsvc80:sfc_sf.obj
 0001:00015dd0       _sim_mode_is_rtw_gen       10016dd0 f   sfc_mexmsvc80:sfc_sf.obj
 0001:00015e10       _sim_mode_is_external      10016e10 f   sfc_mexmsvc80:sfc_sf.obj
 0001:00015e30       _sim_mode_is_modelref_sim  10016e30 f   sfc_mexmsvc80:sfc_sf.obj
 0001:00015e60       _mdlInitializeSizes        10016e60 f   sfc_mexmsvc80:sfc_sf.obj
 0001:00015e80       _mdlInitializeSampleTimes  10016e80 f   sfc_mexmsvc80:sfc_sf.obj
 0001:00015ec0       _mdlZeroCrossings          10016ec0 f   sfc_mexmsvc80:sfc_sf.obj
 0001:00015f70       _mdlDerivatives            10016f70 f   sfc_mexmsvc80:sfc_sf.obj
 0001:00016010       _mdl_initialize_conditions_processing 10017010 f   sfc_mexmsvc80:sfc_sf.obj
 0001:00016040       _mdlInitializeConditions   10017040 f   sfc_mexmsvc80:sfc_sf.obj
 0001:000160e0       _mdlGetSimState            100170e0 f   sfc_mexmsvc80:sfc_sf.obj
 0001:00016100       _mdlSetSimState            10017100 f   sfc_mexmsvc80:sfc_sf.obj
 0001:00016120       _mdl_ext_mode_exec_processing 10017120 f   sfc_mexmsvc80:sfc_sf.obj
 0001:00016140       _mdlExtModeExec            10017140 f   sfc_mexmsvc80:sfc_sf.obj
 0001:000162d0       _mdlTerminate              100172d0 f   sfc_mexmsvc80:sfc_sf.obj
 0001:00016330       _mdlRTW                    10017330 f   sfc_mexmsvc80:sfc_sf.obj
 0001:00016360       _mdlSetWorkWidths          10017360 f   sfc_mexmsvc80:sfc_sf.obj
 0001:00016380       _mdlProcessParameters      10017380 f   sfc_mexmsvc80:sfc_sf.obj
 0001:000163a0       _mdl_start_processing      100173a0 f   sfc_mexmsvc80:sfc_sf.obj
 0001:000163f0       _mdlStart                  100173f0 f   sfc_mexmsvc80:sfc_sf.obj
 0001:000164a0       _mdlEnable                 100174a0 f   sfc_mexmsvc80:sfc_sf.obj
 0001:00016550       _mdlDisable                10017550 f   sfc_mexmsvc80:sfc_sf.obj
 0001:000165e0       _sf_get_chart_instance_ptr 100175e0 f   sfc_mexmsvc80:sfc_sf.obj
 0001:00016600       _sf_load_rtw_optimization_info 10017600 f   sfc_mexmsvc80:sfc_sf.obj
 0001:000166a0       _sf_update_buildInfo       100176a0 f   sfc_mexmsvc80:sfc_sf.obj
 0001:00016760       _sf_rtw_info_uint_prop     10017760 f   sfc_mexmsvc80:sfc_sf.obj
 0001:00016880       _sf_is_chart_inlinable     10017880 f   sfc_mexmsvc80:sfc_sf.obj
 0001:000168b0       _sf_mark_output_events_with_multiple_callers 100178b0 f   sfc_mexmsvc80:sfc_sf.obj
 0001:00016a10       _sf_mark_chart_reusable_outputs 10017a10 f   sfc_mexmsvc80:sfc_sf.obj
 0001:00016b70       _sf_mark_chart_expressionable_inputs 10017b70 f   sfc_mexmsvc80:sfc_sf.obj
 0001:00016cd0       _sf_get_subchart_simstruct 10017cd0 f   sfc_mexmsvc80:sfc_sf.obj
 0001:00016d10       _sf_get_fixpt_data_type_id 10017d10 f   sfc_mexmsvc80:sfc_sf.obj
 0001:00016d50       _sf_get_enum_data_type_id  10017d50 f   sfc_mexmsvc80:sfc_sf.obj
 0001:00016d90       _sf_get_param_data_type_id 10017d90 f   sfc_mexmsvc80:sfc_sf.obj
 0001:00016dc0       _sf_mex_listen_for_ctrl_c_force 10017dc0 f   sfc_mexmsvc80:sfc_sf.obj
 0001:00016ec0       _sf_mex_draw_now           10017ec0 f   sfc_mexmsvc80:sfc_sf.obj
 0001:00016f00       _sf_mex_set_debugger_sim_status_listener_fcn 10017f00 f   sfc_mexmsvc80:sfc_sf.obj
 0001:00016f10       _sf_mex_listen_for_ctrl_c  10017f10 f   sfc_mexmsvc80:sfc_sf.obj
 0001:00016fa0       _sf_mex_get_sfun_param     10017fa0 f   sfc_mexmsvc80:sfc_sf.obj
 0001:00016ff0       _sf_get_runtime_param_data 10017ff0 f   sfc_mexmsvc80:sfc_sf.obj
 0001:00017030       _sf_call_output_fcn_call   10018030 f   sfc_mexmsvc80:sfc_sf.obj
 0001:00017150       _sf_call_output_fcn_enable 10018150 f   sfc_mexmsvc80:sfc_sf.obj
 0001:000171d0       _sf_call_output_fcn_disable 100181d0 f   sfc_mexmsvc80:sfc_sf.obj
 0001:00017250       _sf_clear_rtw_identifier   10018250 f   sfc_mexmsvc80:sfc_sf.obj
 0001:00017b40       _sf_set_encoded_dwork_info 10018b40 f   sfc_mexmsvc80:sfc_sf.obj
 0001:00017b80       _sf_get_dwork_info_from_mat_file 10018b80 f   sfc_mexmsvc80:sfc_sf.obj
 0001:00017cd0       _sf_set_rtw_dwork_info     10018cd0 f   sfc_mexmsvc80:sfc_sf.obj
 0001:00017e00       _mdlOutputs                10018e00 f   sfc_mexmsvc80:sfc_sf.obj
 0001:00017ea0       _sf_debug_chart_instance_initialized_quick 10018ea0 f   sfc_debugmsvc80:sfcdebug.obj
 0001:00017f20       _sf_debug_disp             10018f20 f   sfc_debugmsvc80:sfcdebug.obj
 0001:00018120       _sf_debug_data_runtime_size_mismatch_error_check 10019120 f   sfc_debugmsvc80:sfcdebug.obj
 0001:00018170       _sf_debug_try_loading_machine 10019170 f   sfc_debugmsvc80:sfcdebug.obj
 0001:00018250       _sf_debug_reset_current_state_configuration 10019250 f   sfc_debugmsvc80:sfcdebug.obj
 0001:00018290       _sf_debug_store_current_state_configuration 10019290 f   sfc_debugmsvc80:sfcdebug.obj
 0001:000182d0       _sf_debug_restore_previous_state_configuration 100192d0 f   sfc_debugmsvc80:sfcdebug.obj
 0001:00018310       _sf_debug_restore_previous_state_configuration2 10019310 f   sfc_debugmsvc80:sfcdebug.obj
 0001:00018350       _sf_debug_get_event_scope  10019350 f   sfc_debugmsvc80:sfcdebug.obj
 0001:00018470       _use_debugger_step_animation 10019470 f   sfc_debugmsvc80:sfcdebug.obj
 0001:000184a0       _sf_debug_get_script_id    100194a0 f   sfc_debugmsvc80:sfcdebug.obj
 0001:00018530       _sf_debug_set_script_translation 10019530 f   sfc_debugmsvc80:sfcdebug.obj
 0001:00018660       _sf_debug_extract_message_post_receive_info 10019660 f   sfc_debugmsvc80:sfcdebug.obj
 0001:00018720       _sf_debug_get_current_machine_id 10019720 f   sfc_debugmsvc80:sfcdebug.obj
 0001:00018740       _sf_debug_get_current_optional_integer 10019740 f   sfc_debugmsvc80:sfcdebug.obj
 0001:00018750       _sf_debug_get_current_machine_number 10019750 f   sfc_debugmsvc80:sfcdebug.obj
 0001:00018770       _sf_debug_get_current_machine_name 10019770 f   sfc_debugmsvc80:sfcdebug.obj
 0001:00018790       _sf_debug_get_current_chart_id 10019790 f   sfc_debugmsvc80:sfcdebug.obj
 0001:000187d0       _sf_debug_get_current_chart_number 100197d0 f   sfc_debugmsvc80:sfcdebug.obj
 0001:000187e0       _sf_debug_get_current_instance_number 100197e0 f   sfc_debugmsvc80:sfcdebug.obj
 0001:000187f0       _sf_debug_get_current_is_minor_time_step 100197f0 f   sfc_debugmsvc80:sfcdebug.obj
 0001:00018870       _sf_debug_get_current_object_type 10019870 f   sfc_debugmsvc80:sfcdebug.obj
 0001:00018880       _sf_debug_get_current_instance_handle 10019880 f   sfc_debugmsvc80:sfcdebug.obj
 0001:000188e0       _sf_debug_get_current_event_type 100198e0 f   sfc_debugmsvc80:sfcdebug.obj
 0001:000188f0       _sf_debug_get_current_object_id 100198f0 f   sfc_debugmsvc80:sfcdebug.obj
 0001:00018920       _sf_debug_get_current_active_event_type 10019920 f   sfc_debugmsvc80:sfcdebug.obj
 0001:00018930       _sf_debug_get_current_active_event_id 10019930 f   sfc_debugmsvc80:sfcdebug.obj
 0001:00018960       _sf_debug_get_current_tag_type 10019960 f   sfc_debugmsvc80:sfcdebug.obj
 0001:00018970       _sf_debug_get_current_simulation_time 10019970 f   sfc_debugmsvc80:sfcdebug.obj
 0001:00018980       _sf_debug_get_current_coverage_percentage 10019980 f   sfc_debugmsvc80:sfcdebug.obj
 0001:00018990       _sf_debug_current_statement_context 10019990 f   sfc_debugmsvc80:sfcdebug.obj
 0001:00018a20       _sf_debug_get_current_statement_info 10019a20 f   sfc_debugmsvc80:sfcdebug.obj
 0001:00018b70       _sf_debug_terminate_instance 10019b70 f   sfc_debugmsvc80:sfcdebug.obj
 0001:00018e20       _sf_debug_assertion_failed 10019e20 f   sfc_debugmsvc80:sfcdebug.obj
 0001:00018ff0       _sf_debug_create_debug_instance_struct 10019ff0 f   sfc_debugmsvc80:sfcdebug.obj
 0001:00019030       _sf_debug_set_number_of_data_with_change_event_for_machine 1001a030 f   sfc_debugmsvc80:sfcdebug.obj
 0001:00019080       _sf_debug_set_machine_event_thresholds 1001a080 f   sfc_debugmsvc80:sfcdebug.obj
 0001:000190b0       _sf_debug_set_machine_event_scope 1001a0b0 f   sfc_debugmsvc80:sfcdebug.obj
 0001:00019100       _sf_debug_set_machine_data_thresholds 1001a100 f   sfc_debugmsvc80:sfcdebug.obj
 0001:00019150       _sf_debug_set_machine_data_scope 1001a150 f   sfc_debugmsvc80:sfcdebug.obj
 0001:000191e0       _sf_debug_set_machine_data_name 1001a1e0 f   sfc_debugmsvc80:sfcdebug.obj
 0001:00019230       _sf_debug_set_machine_data_size 1001a230 f   sfc_debugmsvc80:sfcdebug.obj
 0001:00019330       _sf_debug_set_machine_data_type 1001a330 f   sfc_debugmsvc80:sfcdebug.obj
 0001:00019460       _sf_debug_get_chart_data_number 1001a460 f   sfc_debugmsvc80:sfcdebug.obj
 0001:00019490       _sf_debug_get_chart_event_number 1001a490 f   sfc_debugmsvc80:sfcdebug.obj
 0001:000194c0       _sf_debug_set_chart_state_info 1001a4c0 f   sfc_debugmsvc80:sfcdebug.obj
 0001:00019540       _sf_debug_set_chart_decomposition 1001a540 f   sfc_debugmsvc80:sfcdebug.obj
 0001:000195b0       _sf_debug_set_chart_substate_count 1001a5b0 f   sfc_debugmsvc80:sfcdebug.obj
 0001:00019680       _sf_debug_set_chart_substate_index 1001a680 f   sfc_debugmsvc80:sfcdebug.obj
 0001:00019700       _sf_debug_set_chart_state_substate_count 1001a700 f   sfc_debugmsvc80:sfcdebug.obj
 0001:000197f0       _sf_debug_set_chart_state_substate_index 1001a7f0 f   sfc_debugmsvc80:sfcdebug.obj
 0001:00019870       _sf_debug_set_number_of_data_with_change_event_for_chart 1001a870 f   sfc_debugmsvc80:sfcdebug.obj
 0001:000198f0       _sf_debug_set_number_of_states_with_entry_event_for_chart 1001a8f0 f   sfc_debugmsvc80:sfcdebug.obj
 0001:00019970       _sf_debug_set_number_of_states_with_exit_event_for_chart 1001a970 f   sfc_debugmsvc80:sfcdebug.obj
 0001:000199f0       _sf_debug_set_chart_disable_implicit_casting 1001a9f0 f   sfc_debugmsvc80:sfcdebug.obj
 0001:00019a60       _sf_debug_set_chart_event_thresholds 1001aa60 f   sfc_debugmsvc80:sfcdebug.obj
 0001:00019ae0       _sf_debug_set_chart_data_compiled_props 1001aae0 f   sfc_debugmsvc80:sfcdebug.obj
 0001:00019d60       _sf_debug_set_chart_data_props 1001ad60 f   sfc_debugmsvc80:sfcdebug.obj
 0001:00019fe0       _sf_debug_check_fi_license 1001afe0 f   sfc_debugmsvc80:sfcdebug.obj
 0001:0001a170       _sf_debug_symbol_scope_push 1001b170 f   sfc_debugmsvc80:sfcdebug.obj
 0001:0001a1a0       _sf_debug_symbol_scope_push_eml 1001b1a0 f   sfc_debugmsvc80:sfcdebug.obj
 0001:0001a1e0       _sf_debug_symbol_scope_pop 1001b1e0 f   sfc_debugmsvc80:sfcdebug.obj
 0001:0001a220       _sf_debug_symbol_scope_add_importable 1001b220 f   sfc_debugmsvc80:sfcdebug.obj
 0001:0001a280       _sf_debug_symbol_scope_add 1001b280 f   sfc_debugmsvc80:sfcdebug.obj
 0001:0001a2d0       _sf_debug_symbol_scope_add_dyn_importable 1001b2d0 f   sfc_debugmsvc80:sfcdebug.obj
 0001:0001a340       _sf_debug_symbol_scope_add_dyn 1001b340 f   sfc_debugmsvc80:sfcdebug.obj
 0001:0001a370       _sf_debug_symbol_scope_add_eml_importable 1001b370 f   sfc_debugmsvc80:sfcdebug.obj
 0001:0001a3a0       _sf_debug_symbol_scope_add_eml 1001b3a0 f   sfc_debugmsvc80:sfcdebug.obj
 0001:0001a3d0       _sf_debug_symbol_scope_add_eml_dyn_importable 1001b3d0 f   sfc_debugmsvc80:sfcdebug.obj
 0001:0001a420       _sf_debug_symbol_scope_add_eml_dyn 1001b420 f   sfc_debugmsvc80:sfcdebug.obj
 0001:0001a470       _sf_debug_symbol_switch    1001b470 f   sfc_debugmsvc80:sfcdebug.obj
 0001:0001a490       _sf_debug_symbol_scope_add_verbose 1001b490 f   sfc_debugmsvc80:sfcdebug.obj
 0001:0001a500       _sf_debug_set_machine_data_value_ptr 1001b500 f   sfc_debugmsvc80:sfcdebug.obj
 0001:0001a540       _sf_debug_set_instance_data_value_ptr 1001b540 f   sfc_debugmsvc80:sfcdebug.obj
 0001:0001a5a0       _sf_debug_unset_instance_data_value_ptr 1001b5a0 f   sfc_debugmsvc80:sfcdebug.obj
 0001:0001a5f0       _sf_debug_set_chart_event_scope 1001b5f0 f   sfc_debugmsvc80:sfcdebug.obj
 0001:0001a670       _sf_debug_set_chart_transition_coverage_maps 1001b670 f   sfc_debugmsvc80:sfcdebug.obj
 0001:0001a700       _sf_debug_set_chart_state_coverage_maps 1001b700 f   sfc_debugmsvc80:sfcdebug.obj
 0001:0001a780       _sf_debug_set_instance_transition_coverage_weights 1001b780 f   sfc_debugmsvc80:sfcdebug.obj
 0001:0001a7f0       _sf_debug_set_instance_state_coverage_weights 1001b7f0 f   sfc_debugmsvc80:sfcdebug.obj
 0001:0001a9f0       _sf_debug_unload_machine   1001b9f0 f   sfc_debugmsvc80:sfcdebug.obj
 0001:0001aa40       _sf_debug_load_machine     1001ba40 f   sfc_debugmsvc80:sfcdebug.obj
 0001:0001aae0       _sf_debug_set_active_instance_in_data_dictionary 1001bae0 f   sfc_debugmsvc80:sfcdebug.obj
 0001:0001ac60       _sf_debug_set_active_instance 1001bc60 f   sfc_debugmsvc80:sfcdebug.obj
 0001:0001ad60       _sf_debug_chart_visiblity_change 1001bd60 f   sfc_debugmsvc80:sfcdebug.obj
 0001:0001ae00       _sf_debug_select_chart     1001be00 f   sfc_debugmsvc80:sfcdebug.obj
 0001:0001aef0       _sf_debug_set_instance_cv_ids 1001bef0 f   sfc_debugmsvc80:sfcdebug.obj
 0001:0001b0b0       _sf_debug_select_charts    1001c0b0 f   sfc_debugmsvc80:sfcdebug.obj
 0001:0001b200       _sf_debug_initialized      1001c200 f   sfc_debugmsvc80:sfcdebug.obj
 0001:0001b220       _sf_debug_is_uninterruptible 1001c220 f   sfc_debugmsvc80:sfcdebug.obj
 0001:0001b260       _sf_debug_initialize_debugger_gui 1001c260 f   sfc_debugmsvc80:sfcdebug.obj
 0001:0001b5f0       _sf_debug_resume           1001c5f0 f   sfc_debugmsvc80:sfcdebug.obj
 0001:0001b620       _sf_debug_go               1001c620 f   sfc_debugmsvc80:sfcdebug.obj
 0001:0001b640       _sf_debug_break            1001c640 f   sfc_debugmsvc80:sfcdebug.obj
 0001:0001b660       _sf_debug_step_over        1001c660 f   sfc_debugmsvc80:sfcdebug.obj
 0001:0001b680       _sf_debug_step_out         1001c680 f   sfc_debugmsvc80:sfcdebug.obj
 0001:0001b6a0       _sf_debug_set_disable_all_breakpoints 1001c6a0 f   sfc_debugmsvc80:sfcdebug.obj
 0001:0001b6c0       _sf_debug_disable_all_breakpoints_and_go 1001c6c0 f   sfc_debugmsvc80:sfcdebug.obj
 0001:0001b6e0       _sf_debug_break_on_chart_entry 1001c6e0 f   sfc_debugmsvc80:sfcdebug.obj
 0001:0001b700       _sf_debug_break_on_event_broadcast 1001c700 f   sfc_debugmsvc80:sfcdebug.obj
 0001:0001b720       _sf_debug_break_on_state_entry 1001c720 f   sfc_debugmsvc80:sfcdebug.obj
 0001:0001b740       _sf_debug_break_between_times 1001c740 f   sfc_debugmsvc80:sfcdebug.obj
 0001:0001b770       _sf_debug_browse_data      1001c770 f   sfc_debugmsvc80:sfcdebug.obj
 0001:0001b780       _sf_debug_watch_data       1001c780 f   sfc_debugmsvc80:sfcdebug.obj
 0001:0001b7b0       _sf_debug_assign_data      1001c7b0 f   sfc_debugmsvc80:sfcdebug.obj
 0001:0001b7c0       _sf_debug_whos             1001c7c0 f   sfc_debugmsvc80:sfcdebug.obj
 0001:0001b7e0       _sf_debug_get_consistency_info 1001c7e0 f   sfc_debugmsvc80:sfcdebug.obj
 0001:0001b7f0       _sf_debug_browse_trace     1001c7f0 f   sfc_debugmsvc80:sfcdebug.obj
 0001:0001b800       _sf_debug_set_breakpoints  1001c800 f   sfc_debugmsvc80:sfcdebug.obj
 0001:0001b8c0       _sf_debug_set_eml_breakpoints 1001c8c0 f   sfc_debugmsvc80:sfcdebug.obj
 0001:0001b9d0       _sf_debug_set_script_breakpoints 1001c9d0 f   sfc_debugmsvc80:sfcdebug.obj
 0001:0001ba50       _sf_debug_add_script_breakpoints 1001ca50 f   sfc_debugmsvc80:sfcdebug.obj
 0001:0001bac0       _sf_debug_clear_script_breakpoints 1001cac0 f   sfc_debugmsvc80:sfcdebug.obj
 0001:0001bb30       _sf_debug_query_script_breakpoints 1001cb30 f   sfc_debugmsvc80:sfcdebug.obj
 0001:0001bbc0       _sf_debug_get_eml_script_id 1001cbc0 f   sfc_debugmsvc80:sfcdebug.obj
 0001:0001bc10       _sf_debug_set_watch        1001cc10 f   sfc_debugmsvc80:sfcdebug.obj
 0001:0001bda0       _sf_debug_get_instance_handle 1001cda0 f   sfc_debugmsvc80:sfcdebug.obj
 0001:0001be20       _sf_debug_get_active_states 1001ce20 f   sfc_debugmsvc80:sfcdebug.obj
 0001:0001be40       _sf_debug_set_honor_breakpoints 1001ce40 f   sfc_debugmsvc80:sfcdebug.obj
 0001:0001be60       _sf_debug_get_animation    1001ce60 f   sfc_debugmsvc80:sfcdebug.obj
 0001:0001be70       _sf_debug_set_animation    1001ce70 f   sfc_debugmsvc80:sfcdebug.obj
 0001:0001be90       _sf_debug_animate          1001ce90 f   sfc_debugmsvc80:sfcdebug.obj
 0001:0001bec0       _sf_debug_cycle_detection_check 1001cec0 f   sfc_debugmsvc80:sfcdebug.obj
 0001:0001bee0       _sf_debug_data_range_check 1001cee0 f   sfc_debugmsvc80:sfcdebug.obj
 0001:0001bf00       _sf_debug_transition_conflict_check 1001cf00 f   sfc_debugmsvc80:sfcdebug.obj
 0001:0001bf20       _sf_debug_state_consistency_check 1001cf20 f   sfc_debugmsvc80:sfcdebug.obj
 0001:0001bf40       _sf_debug_data_range_check_enabled 1001cf40 f   sfc_debugmsvc80:sfcdebug.obj
 0001:0001bf60       _sf_debug_transition_conflict_check_enabled 1001cf60 f   sfc_debugmsvc80:sfcdebug.obj
 0001:0001bf80       _sf_debug_transition_conflict_check_begin 1001cf80 f   sfc_debugmsvc80:sfcdebug.obj
 0001:0001bfa0       _sf_debug_transition_conflict_check_end 1001cfa0 f   sfc_debugmsvc80:sfcdebug.obj
 0001:0001bfc0       _sf_debug_stop_debugging   1001cfc0 f   sfc_debugmsvc80:sfcdebug.obj
 0001:0001bff0       _sf_debug_is_cycle_detected 1001cff0 f   sfc_debugmsvc80:sfcdebug.obj
 0001:0001c000       _sf_debug_is_array_bounds_detected 1001d000 f   sfc_debugmsvc80:sfcdebug.obj
 0001:0001c010       _sf_debug_get_state_vectors_data_size 1001d010 f   sfc_debugmsvc80:sfcdebug.obj
 0001:0001c060       _sf_debug_get_state_vectors_data 1001d060 f   sfc_debugmsvc80:sfcdebug.obj
 0001:0001c130       _sf_debug_set_state_vectors_data 1001d130 f   sfc_debugmsvc80:sfcdebug.obj
 0001:0001c360       _sf_debug_get_script_index 1001d360 f   sfc_debugmsvc80:sfcdebug.obj
 0001:0001c490       _sf_debug_add_script       1001d490 f   sfc_debugmsvc80:sfcdebug.obj
 0001:0001c5e0       _cv_eval_point             1001d5e0 f   sfc_debugmsvc80:sfcdebug.obj
 0001:0001c6b0       _cv_eval_testobjective     1001d6b0 f   sfc_debugmsvc80:sfcdebug.obj
 0001:0001c770       _sf_debug_cv_init_state    1001d770 f   sfc_debugmsvc80:sfcdebug.obj
 0001:0001c810       _sf_debug_cv_init_chart    1001d810 f   sfc_debugmsvc80:sfcdebug.obj
 0001:0001c890       _sf_debug_cv_init_trans    1001d890 f   sfc_debugmsvc80:sfcdebug.obj
 0001:0001c920       _sf_debug_cv_init_saturation 1001d920 f   sfc_debugmsvc80:sfcdebug.obj
 0001:0001c9c0       _sf_debug_cv_init_testobjectives 1001d9c0 f   sfc_debugmsvc80:sfcdebug.obj
 0001:0001cb00       _cv_eml_init_script        1001db00 f   sfc_debugmsvc80:sfcdebug.obj
 0001:0001cb90       _cv_eml_init_fcn           1001db90 f   sfc_debugmsvc80:sfcdebug.obj
 0001:0001cbf0       _cv_eml_init_testobjective 1001dbf0 f   sfc_debugmsvc80:sfcdebug.obj
 0001:0001cc70       _cv_eml_init_saturation    1001dc70 f   sfc_debugmsvc80:sfcdebug.obj
 0001:0001ccf0       _cv_eml_init_if            1001dcf0 f   sfc_debugmsvc80:sfcdebug.obj
 0001:0001cd70       _cv_eml_init_for           1001dd70 f   sfc_debugmsvc80:sfcdebug.obj
 0001:0001cdf0       _cv_eml_init_while         1001ddf0 f   sfc_debugmsvc80:sfcdebug.obj
 0001:0001ce70       _cv_eml_init_mcdc          1001de70 f   sfc_debugmsvc80:sfcdebug.obj
 0001:0001cf00       _cv_eml_init_switch        1001df00 f   sfc_debugmsvc80:sfcdebug.obj
 0001:0001cf90       _cv_eml_eval               1001df90 f   sfc_debugmsvc80:sfcdebug.obj
 0001:0001d020       _sf_debug_bm_is_a_eml_breakpoint 1001e020 f   sfc_debugmsvc80:sfcdebug.obj
 0001:0001d150       _sf_debug_temporal_threshold 1001e150 f   sfc_debugmsvc80:sfcdebug.obj
 0001:0001d440       _sf_debug_transition_conflict_error 1001e440 f   sfc_debugmsvc80:sfcdebug.obj
 0001:0001d6e0       _sf_debug_state_inconsistency_error 1001e6e0 f   sfc_debugmsvc80:sfcdebug.obj
 0001:0001d7e0       _sf_debug_check_for_state_inconsistency 1001e7e0 f   sfc_debugmsvc80:sfcdebug.obj
 0001:0001d820       _sf_debug_cycle_detecton_error 1001e820 f   sfc_debugmsvc80:sfcdebug.obj
 0001:0001de60       _sf_debug_size_eq_check_1d 1001ee60 f   sfc_debugmsvc80:sfcdebug.obj
 0001:0001de90       _sf_debug_size_eq_check_nd 1001ee90 f   sfc_debugmsvc80:sfcdebug.obj
 0001:0001df70       _sf_debug_dim_size_eq_check 1001ef70 f   sfc_debugmsvc80:sfcdebug.obj
 0001:0001dfa0       _sf_debug_dim_size_geq_check 1001efa0 f   sfc_debugmsvc80:sfcdebug.obj
 0001:0001dfd0       _sf_debug_sub_assign_size_check_nd 1001efd0 f   sfc_debugmsvc80:sfcdebug.obj
 0001:0001e110       _sf_debug_matrix_matrix_index_check 1001f110 f   sfc_debugmsvc80:sfcdebug.obj
 0001:0001e150       _sf_debug_vector_vector_index_check 1001f150 f   sfc_debugmsvc80:sfcdebug.obj
 0001:0001e190       _sf_debug_for_loop_vector_check 1001f190 f   sfc_debugmsvc80:sfcdebug.obj
 0001:0001e1f0       _sf_debug_runtime_error_msgid 1001f1f0 f   sfc_debugmsvc80:sfcdebug.obj
 0001:0001e280       _sf_debug_data_array_bounds_error_check 1001f280 f   sfc_debugmsvc80:sfcdebug.obj
 0001:0001e2f0       _sf_debug_eml_data_array_bounds_error_check 1001f2f0 f   sfc_debugmsvc80:sfcdebug.obj
 0001:0001e5f0       _sf_debug_integer_check    1001f5f0 f   sfc_debugmsvc80:sfcdebug.obj
 0001:0001e670       _sf_debug_not_nan_check    1001f670 f   sfc_debugmsvc80:sfcdebug.obj
 0001:0001e6d0       _sf_debug_non_negative_check 1001f6d0 f   sfc_debugmsvc80:sfcdebug.obj
 0001:0001e730       _sf_debug_overflow_detection 1001f730 f   sfc_debugmsvc80:sfcdebug.obj
 0001:0001ec70       _sf_debug_cast_to_real32_T 1001fc70 f   sfc_debugmsvc80:sfcdebug.obj
 0001:0001ece0       _sf_debug_cast_to_int8_T   1001fce0 f   sfc_debugmsvc80:sfcdebug.obj
 0001:0001ed60       _sf_debug_cast_to_uint8_T  1001fd60 f   sfc_debugmsvc80:sfcdebug.obj
 0001:0001edf0       _sf_debug_cast_to_int16_T  1001fdf0 f   sfc_debugmsvc80:sfcdebug.obj
 0001:0001ee70       _sf_debug_cast_to_uint16_T 1001fe70 f   sfc_debugmsvc80:sfcdebug.obj
 0001:0001ef10       _sf_debug_cast_to_int32_T  1001ff10 f   sfc_debugmsvc80:sfcdebug.obj
 0001:0001ef80       _sf_debug_cast_to_uint32_T 1001ff80 f   sfc_debugmsvc80:sfcdebug.obj
 0001:0001f020       _sf_debug_data_range_error 10020020 f   sfc_debugmsvc80:sfcdebug.obj
 0001:0001f2a0       _sf_debug_read_before_write_check 100202a0 f   sfc_debugmsvc80:sfcdebug.obj
 0001:0001f600       _sf_debug_data_range_error_wrapper_min_max 10020600 f   sfc_debugmsvc80:sfcdebug.obj
 0001:0001f680       _sf_debug_data_range_error_wrapper_min 10020680 f   sfc_debugmsvc80:sfcdebug.obj
 0001:0001f6f0       _sf_debug_data_range_error_wrapper_max 100206f0 f   sfc_debugmsvc80:sfcdebug.obj
 0001:0001f760       _sf_debug_data_range_wrapper 10020760 f   sfc_debugmsvc80:sfcdebug.obj
 0001:0001f7b0       _sf_debug_set_current_status_info 100207b0 f   sfc_debugmsvc80:sfcdebug.obj
 0001:0001fb10       _sf_debug_register_message_post_receive_info 10020b10 f   sfc_debugmsvc80:sfcdebug.obj
 0001:0001fcd0       _sf_debug_call             10020cd0 f   sfc_debugmsvc80:sfcdebug.obj
 0001:000204d0       _sf_debug_initialize_machine 100214d0 f   sfc_debugmsvc80:sfcdebug.obj
 0001:00020750       _sf_debug_initialize_chart 10021750 f   sfc_debugmsvc80:sfcdebug.obj
 0001:00020a50       _sf_debug_ensure_script    10021a50 f   sfc_debugmsvc80:sfcdebug.obj
 0001:00020af0       _cv_eval_saturation        10021af0 f   sfc_debugmsvc80:sfcdebug.obj
 0001:00020bd0       _cv_saturation_accum       10021bd0 f   sfc_debugmsvc80:sfcdebug.obj
 0001:00020c90       _cv_script_init_script     10021c90 f   sfc_debugmsvc80:sfcdebug.obj
 0001:00020d00       _cv_script_init_fcn        10021d00 f   sfc_debugmsvc80:sfcdebug.obj
 0001:00020d60       _cv_script_init_testobjective 10021d60 f   sfc_debugmsvc80:sfcdebug.obj
 0001:00020dc0       _cv_script_init_saturation 10021dc0 f   sfc_debugmsvc80:sfcdebug.obj
 0001:00020e20       _cv_script_init_if         10021e20 f   sfc_debugmsvc80:sfcdebug.obj
 0001:00020e80       _cv_script_init_for        10021e80 f   sfc_debugmsvc80:sfcdebug.obj
 0001:00020ee0       _cv_script_init_while      10021ee0 f   sfc_debugmsvc80:sfcdebug.obj
 0001:00020f40       _cv_script_init_mcdc       10021f40 f   sfc_debugmsvc80:sfcdebug.obj
 0001:00020fb0       _cv_script_init_switch     10021fb0 f   sfc_debugmsvc80:sfcdebug.obj
 0001:00021020       _cv_script_eval            10022020 f   sfc_debugmsvc80:sfcdebug.obj
 0001:00021090       _eml_debug_line_call       10022090 f   sfc_debugmsvc80:sfcdebug.obj
 0001:00021180       _sf_debug_terminate        10022180 f   sfc_debugmsvc80:sfcdebug.obj
 0001:000212c0       _sf_debug_set_script_cv_ids 100222c0 f   sfc_debugmsvc80:sfcdebug.obj
 0001:000213c0       _sf_debug_api              100223c0 f   sfc_debugmsvc80:sfc_api.obj
 0001:00022e40       _sf_debug_sm_terminate     10023e40 f   sfc_debugmsvc80:sfdb_animation.obj
 0001:00022fa0       _sf_debug_reset_path_objects 10023fa0 f   sfc_debugmsvc80:sfdb_animation.obj
 0001:00023010       _sf_debug_sm_reset_object_selection_status 10024010 f   sfc_debugmsvc80:sfdb_animation.obj
 0001:000230b0       _sf_debug_sm_reset_state_buffer 100240b0 f   sfc_debugmsvc80:sfdb_animation.obj
 0001:00023170       _sf_debug_sm_store_state_buffer 10024170 f   sfc_debugmsvc80:sfdb_animation.obj
 0001:000231f0       _sf_debug_sm_restore_state_buffer1 100241f0 f   sfc_debugmsvc80:sfdb_animation.obj
 0001:00023250       _sf_debug_sm_restore_state_buffer2 10024250 f   sfc_debugmsvc80:sfdb_animation.obj
 0001:000232b0       _sf_debug_sm_chart_active  100242b0 f   sfc_debugmsvc80:sfdb_animation.obj
 0001:00023300       _sf_debug_sm_select_active_objects 10024300 f   sfc_debugmsvc80:sfdb_animation.obj
 0001:000236c0       _sf_debug_sm_is_chart_active 100246c0 f   sfc_debugmsvc80:sfdb_animation.obj
 0001:00023700       _sf_debug_sm_is_state_active 10024700 f   sfc_debugmsvc80:sfdb_animation.obj
 0001:000238b0       _sf_debug_sm_get_active_states 100248b0 f   sfc_debugmsvc80:sfdb_animation.obj
 0001:00023ce0       _sf_debug_sm_initialize_instance 10024ce0 f   sfc_debugmsvc80:sfdb_animation.obj
 0001:00023ef0       _sf_debug_sm_change_object_selection_status 10024ef0 f   sfc_debugmsvc80:sfdb_animation.obj
 0001:000240e0       _cv_create_interface       100250e0 f   sfc_debugmsvc80:cv_sfinterface.obj
 0001:000243d0       _cv_init_trans             100253d0 f   sfc_debugmsvc80:cv_sfinterface.obj
 0001:00024420       _cv_init_saturation        10025420 f   sfc_debugmsvc80:cv_sfinterface.obj
 0001:00024470       _cv_init_testobjective     10025470 f   sfc_debugmsvc80:cv_sfinterface.obj
 0001:000244c0       _cv_init_state             100254c0 f   sfc_debugmsvc80:cv_sfinterface.obj
 0001:00024520       _cv_init_chart             10025520 f   sfc_debugmsvc80:cv_sfinterface.obj
 0001:00024570       _cv_dec_update_call        10025570 f   sfc_debugmsvc80:cv_sfinterface.obj
 0001:000245b0       _cv_cond_update_call       100255b0 f   sfc_debugmsvc80:cv_sfinterface.obj
 0001:000245f0       _cv_saturation_update_call 100255f0 f   sfc_debugmsvc80:cv_sfinterface.obj
 0001:00024630       _cv_saturation_update_accum 10025630 f   sfc_debugmsvc80:cv_sfinterface.obj
 0001:00024670       _cv_testobjective_update_call 10025670 f   sfc_debugmsvc80:cv_sfinterface.obj
 0001:000246b0       _cv_sigrange_update        100256b0 f   sfc_debugmsvc80:cv_sfinterface.obj
 0001:00024700       _cvsf_eml_eval             10025700 f   sfc_debugmsvc80:cv_sfinterface.obj
 0001:000247e0       _cvsf_eml_init_script      100257e0 f   sfc_debugmsvc80:cv_sfinterface.obj
 0001:00024850       _cvsf_eml_init_fcn         10025850 f   sfc_debugmsvc80:cv_sfinterface.obj
 0001:000248b0       _cvsf_eml_init_testobjective 100258b0 f   sfc_debugmsvc80:cv_sfinterface.obj
 0001:00024910       _cvsf_eml_init_saturation  10025910 f   sfc_debugmsvc80:cv_sfinterface.obj
 0001:00024970       _cvsf_eml_init_if          10025970 f   sfc_debugmsvc80:cv_sfinterface.obj
 0001:000249d0       _cvsf_eml_init_for         100259d0 f   sfc_debugmsvc80:cv_sfinterface.obj
 0001:00024a30       _cvsf_eml_init_while       10025a30 f   sfc_debugmsvc80:cv_sfinterface.obj
 0001:00024a90       _cvsf_eml_init_mcdc        10025a90 f   sfc_debugmsvc80:cv_sfinterface.obj
 0001:00024b00       _cvsf_eml_init_switch      10025b00 f   sfc_debugmsvc80:cv_sfinterface.obj
 0001:00024b60       _cvsf_script_eval          10025b60 f   sfc_debugmsvc80:cv_sfinterface.obj
 0001:00024c40       _cvsf_script_init_script   10025c40 f   sfc_debugmsvc80:cv_sfinterface.obj
 0001:00024cb0       _cvsf_script_init_fcn      10025cb0 f   sfc_debugmsvc80:cv_sfinterface.obj
 0001:00024d10       _cvsf_script_init_testobjective 10025d10 f   sfc_debugmsvc80:cv_sfinterface.obj
 0001:00024d70       _cvsf_script_init_saturation 10025d70 f   sfc_debugmsvc80:cv_sfinterface.obj
 0001:00024dd0       _cvsf_script_init_if       10025dd0 f   sfc_debugmsvc80:cv_sfinterface.obj
 0001:00024e30       _cvsf_script_init_for      10025e30 f   sfc_debugmsvc80:cv_sfinterface.obj
 0001:00024e80       _cvsf_script_init_while    10025e80 f   sfc_debugmsvc80:cv_sfinterface.obj
 0001:00024ed0       _cvsf_script_init_mcdc     10025ed0 f   sfc_debugmsvc80:cv_sfinterface.obj
 0001:00024f40       _cvsf_script_init_switch   10025f40 f   sfc_debugmsvc80:cv_sfinterface.obj
 0001:00024fa0       _cv_destroy_interface      10025fa0 f   sfc_debugmsvc80:cv_sfinterface.obj
 0001:00024fc0       _cv_create_instance_objects 10025fc0 f   sfc_debugmsvc80:cv_sfinterface.obj
 0001:000252f0       _cv_is_enabled             100262f0 f   sfc_debugmsvc80:cv_sfinterface.obj
 0001:00025300       _sf_debug_cv_initialize_script 10026300 f   sfc_debugmsvc80:cv_sfinterface.obj
 0001:00025480       _sf_debug_cv_initialize_instance 10026480 f   sfc_debugmsvc80:cv_sfinterface.obj
 0001:00025770       _sf_debug_cv_terminate_chart 10026770 f   sfc_debugmsvc80:cv_sfinterface.obj
 0001:00025870       _cv_call_trans_test        10026870 f   sfc_debugmsvc80:cv_sfinterface.obj
 0001:00025880       _cv_call_sub_cond_test     10026880 f   sfc_debugmsvc80:cv_sfinterface.obj
 0001:000258c0       _sf_debug_st_initialize_machine 100268c0 f   sfc_debugmsvc80:sfdb_data_browse.obj
 0001:00025970       _sf_debug_st_initialize_instance 10026970 f   sfc_debugmsvc80:sfdb_data_browse.obj
 0001:00025b20       _sf_debug_st_terminate     10026b20 f   sfc_debugmsvc80:sfdb_data_browse.obj
 0001:00025c80       _sf_debug_st_set_data_value_ptr_in_machine 10026c80 f   sfc_debugmsvc80:sfdb_data_browse.obj
 0001:00025cf0       _sf_debug_st_set_data_value_ptr_in_instance 10026cf0 f   sfc_debugmsvc80:sfdb_data_browse.obj
 0001:00025da0       _sf_debug_st_unset_data_value_ptr_in_machine 10026da0 f   sfc_debugmsvc80:sfdb_data_browse.obj
 0001:00025e00       _sf_debug_st_unset_data_value_ptr_in_instance 10026e00 f   sfc_debugmsvc80:sfdb_data_browse.obj
 0001:00026110       _sf_debug_mx_value         10027110 f   sfc_debugmsvc80:sfdb_data_browse.obj
 0001:00026160       _sf_debug_mx_packed_vector 10027160 f   sfc_debugmsvc80:sfdb_data_browse.obj
 0001:00026200       _sf_debug_mx_uint_vector   10027200 f   sfc_debugmsvc80:sfdb_data_browse.obj
 0001:00026280       _sf_debug_st_get_double_value_from_void_ptr_vector 10027280 f   sfc_debugmsvc80:sfdb_data_browse.obj
 0001:00026a80       _sf_debug_st_browse_data   10027a80 f   sfc_debugmsvc80:sfdb_data_browse.obj
 0001:00027160       _sf_debug_hm_initialize_instance 10028160 f   sfc_debugmsvc80:sfdb_handle_management.obj
 0001:00027600       _sf_debug_hm_get_object_id 10028600 f   sfc_debugmsvc80:sfdb_handle_management.obj
 0001:00028020       _sf_debug_hm_update_chart_visibility 10029020 f   sfc_debugmsvc80:sfdb_handle_management.obj
 0001:00029020       _sf_debug_object_is_eml_function 1002a020 f   sfc_debugmsvc80:sfdb_handle_management.obj
 0001:00029080       _sf_debug_hm_initialize_ids_in_machine 1002a080 f   sfc_debugmsvc80:sfdb_handle_management.obj
 0001:000291d0       _sf_debug_hm_initialize_ids_in_chart 1002a1d0 f   sfc_debugmsvc80:sfdb_handle_management.obj
 0001:000292c0       _sf_debug_hm_initialize_chart 1002a2c0 f   sfc_debugmsvc80:sfdb_handle_management.obj
 0001:00029980       _sf_debug_hm_terminate     1002a980 f   sfc_debugmsvc80:sfdb_handle_management.obj
 0001:000299e0       _sf_debug_hm_initialize_machine 1002a9e0 f   sfc_debugmsvc80:sfdb_handle_management.obj
 0001:0002a0b0       _sf_debug_ss_initialize    1002b0b0 f   sfc_debugmsvc80:sfdb_symbol_scope.obj
 0001:0002a0d0       _sf_debug_ss_terminate     1002b0d0 f   sfc_debugmsvc80:sfdb_symbol_scope.obj
 0001:0002a150       _sf_debug_ss_push_symbol_scope 1002b150 f   sfc_debugmsvc80:sfdb_symbol_scope.obj
 0001:0002a210       _sf_debug_ss_push_symbol_scope_eml 1002b210 f   sfc_debugmsvc80:sfdb_symbol_scope.obj
 0001:0002a260       _sf_debug_ss_pop_symbol_scope 1002b260 f   sfc_debugmsvc80:sfdb_symbol_scope.obj
 0001:0002a300       _sf_debug_ss_add_symbol    1002b300 f   sfc_debugmsvc80:sfdb_symbol_scope.obj
 0001:0002a3f0       _sf_debug_ss_add_symbol_eml 1002b3f0 f   sfc_debugmsvc80:sfdb_symbol_scope.obj
 0001:0002ad00       _sf_debug_ss_set_data_value 1002bd00 f   sfc_debugmsvc80:sfdb_symbol_scope.obj
 0001:0002b050       _getInstanceNumber         1002c050 f   sfc_debugmsvc80:sfdb_symbol_scope.obj
 0001:0002b120       _sf_debug_ss_watch_data    1002c120 f   sfc_debugmsvc80:sfdb_symbol_scope.obj
 0001:0002b210       _sf_debug_ss_assign_data   1002c210 f   sfc_debugmsvc80:sfdb_symbol_scope.obj
 0001:0002bab0       _get_data_entry_name       1002cab0 f   sfc_debugmsvc80:sfdb_symbol_scope.obj
 0001:0002bb00       _sf_debug_ss_whos          1002cb00 f   sfc_debugmsvc80:sfdb_symbol_scope.obj
 0001:0002bfb0       _sf_debug_cc_initialize_chart 1002cfb0 f   sfc_debugmsvc80:sfdb_coverage.obj
 0001:0002c910       _sf_debug_cc_initialize_instance 1002d910 f   sfc_debugmsvc80:sfdb_coverage.obj
 0001:0002d540       _sf_debug_cc_terminate     1002e540 f   sfc_debugmsvc80:sfdb_coverage.obj
 0001:0002d610       _sf_debug_cc_set_transition_maps 1002e610 f   sfc_debugmsvc80:sfdb_coverage.obj
 0001:0002d710       _sf_debug_cc_set_state_maps 1002e710 f   sfc_debugmsvc80:sfdb_coverage.obj
 0001:0002d7e0       _sf_debug_cc_set_transition_weights 1002e7e0 f   sfc_debugmsvc80:sfdb_coverage.obj
 0001:0002da10       _sf_debug_cc_set_state_weights 1002ea10 f   sfc_debugmsvc80:sfdb_coverage.obj
 0001:0002dc40       _sf_debug_cc_mark_transition_guard 1002ec40 f   sfc_debugmsvc80:sfdb_coverage.obj
 0001:0002dcc0       _sf_debug_cc_mark_transition_trigger 1002ecc0 f   sfc_debugmsvc80:sfdb_coverage.obj
 0001:0002dd40       _sf_debug_cc_mark_transition_decision 1002ed40 f   sfc_debugmsvc80:sfdb_coverage.obj
 0001:0002dda0       _sf_debug_cc_mark_transition_condition_action 1002eda0 f   sfc_debugmsvc80:sfdb_coverage.obj
 0001:0002ddf0       _sf_debug_cc_mark_transition_transition_action 1002edf0 f   sfc_debugmsvc80:sfdb_coverage.obj
 0001:0002de40       _sf_debug_cc_mark_state_entry 1002ee40 f   sfc_debugmsvc80:sfdb_coverage.obj
 0001:0002de90       _sf_debug_cc_mark_state_during 1002ee90 f   sfc_debugmsvc80:sfdb_coverage.obj
 0001:0002dee0       _sf_debug_cc_mark_state_exit 1002eee0 f   sfc_debugmsvc80:sfdb_coverage.obj
 0001:0002df30       _sf_debug_bm_clear_script_breakpoints 1002ef30 f   sfc_debugmsvc80:sfdb_breakpoints.obj
 0001:0002df70       _sf_debug_bm_set_script_breakpoint 1002ef70 f   sfc_debugmsvc80:sfdb_breakpoints.obj
 0001:0002dfe0       _sf_debug_bm_clear_single_script_breakpoint 1002efe0 f   sfc_debugmsvc80:sfdb_breakpoints.obj
 0001:0002e050       _sf_debug_bm_query_script_breakpoint 1002f050 f   sfc_debugmsvc80:sfdb_breakpoints.obj
 0001:0002e0a0       _sf_debug_bm_initialize_scripts 1002f0a0 f   sfc_debugmsvc80:sfdb_breakpoints.obj
 0001:0002e640       _sf_debug_bm_terminate     1002f640 f   sfc_debugmsvc80:sfdb_breakpoints.obj
 0001:0002e8f0       _sf_debug_bm_remove_all_breakpoints_in_machine 1002f8f0 f   sfc_debugmsvc80:sfdb_breakpoints.obj
 0001:0002e940       _sf_debug_bm_remove_all_breakpoints_in_chart 1002f940 f   sfc_debugmsvc80:sfdb_breakpoints.obj
 0001:0002ea70       _sf_debug_bm_initialize_global_breakpoints 1002fa70 f   sfc_debugmsvc80:sfdb_breakpoints.obj
 0001:0002ec20       _sf_debug_bm_set_breakpoint 1002fc20 f   sfc_debugmsvc80:sfdb_breakpoints.obj
 0001:0002f180       _sf_debug_bm_set_eml_breakpoint 10030180 f   sfc_debugmsvc80:sfdb_breakpoints.obj
 0001:0002f200       _sf_debug_bm_initialize_machine_breakpoint_map 10030200 f   sfc_debugmsvc80:sfdb_breakpoints.obj
 0001:0002f5a0       _sf_debug_bm_is_a_breakpoint 100305a0 f   sfc_debugmsvc80:sfdb_breakpoints.obj
 0001:0002fa80       _sf_debug_bm_get_all_breakpoints_in_machine 10030a80 f   sfc_debugmsvc80:sfdb_breakpoints.obj
 0001:0002fd20       _sf_debug_bm_get_all_breakpoints_in_chart 10030d20 f   sfc_debugmsvc80:sfdb_breakpoints.obj
 0001:00030750       _sf_debug_bm_initialize_machine 10031750 f   sfc_debugmsvc80:sfdb_breakpoints.obj
 0001:000307f0       _sf_debug_bm_initialize_chart 100317f0 f   sfc_debugmsvc80:sfdb_breakpoints.obj
 0001:00030b70       _sf_debug_sc_terminate     10031b70 f   sfc_debugmsvc80:sfdb_state_consistency.obj
 0001:00030df0       _sf_debug_sc_is_chart_consistent 10031df0 f   sfc_debugmsvc80:sfdb_state_consistency.obj
 0001:00030fd0       _sf_debug_sc_get_consistency_error_info 10031fd0 f   sfc_debugmsvc80:sfdb_state_consistency.obj
 0001:00031340       _sf_debug_tm_terminate     10032340 f   sfc_debugmsvc80:sfdb_call_stack.obj
 0001:000313e0       _sf_debug_tm_push_chart_instance 100323e0 f   sfc_debugmsvc80:sfdb_call_stack.obj
 0001:00031500       _sf_debug_tm_pop_chart_instance 10032500 f   sfc_debugmsvc80:sfdb_call_stack.obj
 0001:00031560       _sf_debug_tm_push_trace_node 10032560 f   sfc_debugmsvc80:sfdb_call_stack.obj
 0001:00031670       _sf_debug_tm_pop_trace_node 10032670 f   sfc_debugmsvc80:sfdb_call_stack.obj
 0001:000316f0       _sf_debug_tm_get_current_global_trace_index 100326f0 f   sfc_debugmsvc80:sfdb_call_stack.obj
 0001:00031710       _sf_debug_tm_get_current_local_trace_index 10032710 f   sfc_debugmsvc80:sfdb_call_stack.obj
 0001:00031740       _sf_debug_tm_set_cycle_detected_flag 10032740 f   sfc_debugmsvc80:sfdb_call_stack.obj
 0001:00031790       _sf_debug_tm_set_cycle_started_flag 10032790 f   sfc_debugmsvc80:sfdb_call_stack.obj
 0001:000317e0       _sf_debug_tm_get_chart_number_from_stack 100327e0 f   sfc_debugmsvc80:sfdb_call_stack.obj
 0001:00031980       _sf_debug_tm_browse_trace  10032980 f   sfc_debugmsvc80:sfdb_call_stack.obj
 0001:00031bf0       _sf_debug_cd_initialize_instance 10032bf0 f   sfc_debugmsvc80:sfdb_cycle_detection.obj
 0001:00031e20       _sf_debug_cd_mark_processed_transition_in_instance 10032e20 f   sfc_debugmsvc80:sfdb_cycle_detection.obj
 0001:00031ea0       _sf_debug_cd_checksum_push 10032ea0 f   sfc_debugmsvc80:sfdb_cycle_detection.obj
 0001:000321a0       _sf_debug_cd_checksum_pop  100331a0 f   sfc_debugmsvc80:sfdb_cycle_detection.obj
 0001:00032200       _sf_debug_cd_turn_off_cycle_detection 10033200 f   sfc_debugmsvc80:sfdb_cycle_detection.obj
 0001:00032240       _sf_debug_cd_terminate     10033240 f   sfc_debugmsvc80:sfdb_cycle_detection.obj
 0001:00032410       _md5_initialize_state      10033410 f   sfc_debugmsvc80:ckmd5.obj
 0001:00032ca0       _md5_update_state          10033ca0 f   sfc_debugmsvc80:ckmd5.obj
 0001:00032cc0       _md5_get_hash              10033cc0 f   sfc_debugmsvc80:ckmd5.obj
 0001:00032ce0       _md5_get_hash_for_a_single_string 10033ce0 f   sfc_debugmsvc80:ckmd5.obj
 0001:00032d4a       _mxGetPr                   10033d4a f   libmx:libmx.dll
 0001:00032d50       _mxCreateDoubleScalar      10033d50 f   libmx:libmx.dll
 0001:00032d56       _mxCreateDoubleMatrix_730  10033d56 f   libmx:libmx.dll
 0001:00032d5c       _mxSetField_730            10033d5c f   libmx:libmx.dll
 0001:00032d62       _mxCreateString            10033d62 f   libmx:libmx.dll
 0001:00032d68       _mxCreateStructMatrix_730  10033d68 f   libmx:libmx.dll
 0001:00032d6e       _mxCreateCellMatrix_730    10033d6e f   libmx:libmx.dll
 0001:00032d74       _mxDestroyArray            10033d74 f   libmx:libmx.dll
 0001:00032d7a       _mxDuplicateArray          10033d7a f   libmx:libmx.dll
 0001:00032d80       _mxGetString_730           10033d80 f   libmx:libmx.dll
 0001:00032d86       _mxIsChar                  10033d86 f   libmx:libmx.dll
 0001:00032d8c       _mxGetClassID              10033d8c f   libmx:libmx.dll
 0001:00032d92       _mxIsNumeric               10033d92 f   libmx:libmx.dll
 0001:00032d98       _mxIsComplex               10033d98 f   libmx:libmx.dll
 0001:00032d9e       _mxGetN                    10033d9e f   libmx:libmx.dll
 0001:00032da4       _mxGetM                    10033da4 f   libmx:libmx.dll
 0001:00032daa       _mxCalloc                  10033daa f   libmx:libmx.dll
 0001:00032db0       _mxGetScalar               10033db0 f   libmx:libmx.dll
 0001:00032db6       _mxIsLogical               10033db6 f   libmx:libmx.dll
 0001:00032dbc       _mxCreateDoubleMatrix_700  10033dbc f   libmx:libmx.dll
 0001:00032dc2       _mxFree                    10033dc2 f   libmx:libmx.dll
 0001:00032dc8       _mxArrayToString           10033dc8 f   libmx:libmx.dll
 0001:00032dce       _mxCreateCellMatrix_700    10033dce f   libmx:libmx.dll
 0001:00032dd4       _mxSetCell_700             10033dd4 f   libmx:libmx.dll
 0001:00032dda       _mxGetCell_700             10033dda f   libmx:libmx.dll
 0001:00032de0       _mxGetClassName            10033de0 f   libmx:libmx.dll
 0001:00032de6       _mxSetField_700            10033de6 f   libmx:libmx.dll
 0001:00032dec       _mxAddField                10033dec f   libmx:libmx.dll
 0001:00032df2       _mxGetField_700            10033df2 f   libmx:libmx.dll
 0001:00032df8       _mxGetNumberOfElements     10033df8 f   libmx:libmx.dll
 0001:00032dfe       _mxIsStruct                10033dfe f   libmx:libmx.dll
 0001:00032e04       _mxIsA                     10033e04 f   libmx:libmx.dll
 0001:00032e0a       _mxIsClass                 10033e0a f   libmx:libmx.dll
 0001:00032e10       _mxGetLogicals             10033e10 f   libmx:libmx.dll
 0001:00032e16       _mxIsSparse                10033e16 f   libmx:libmx.dll
 0001:00032e1c       _mxSetFieldByNumber_700    10033e1c f   libmx:libmx.dll
 0001:00032e22       _mxGetFieldByNumber_700    10033e22 f   libmx:libmx.dll
 0001:00032e28       _mxGetFieldNameByNumber    10033e28 f   libmx:libmx.dll
 0001:00032e2e       _mxGetNumberOfFields       10033e2e f   libmx:libmx.dll
 0001:00032e34       _mxCreateStructMatrix_700  10033e34 f   libmx:libmx.dll
 0001:00032e3a       _mxGetFieldNumber          10033e3a f   libmx:libmx.dll
 0001:00032e40       _mxIsNaN                   10033e40 f   libmx:libmx.dll
 0001:00032e46       _mxIsEmpty                 10033e46 f   libmx:libmx.dll
 0001:00032e4c       _mxGetData                 10033e4c f   libmx:libmx.dll
 0001:00032e52       _mxGetImagData             10033e52 f   libmx:libmx.dll
 0001:00032e58       _mxArrayClassIDName        10033e58 f   libmx:libmx.dll
 0001:00032e5e       _mxCreateNumericMatrix_700 10033e5e f   libmx:libmx.dll
 0001:00032e64       _mxCreateStructArray_700   10033e64 f   libmx:libmx.dll
 0001:00032e6a       _mxCalcSingleSubscript_700 10033e6a f   libmx:libmx.dll
 0001:00032e70       _mxGetDimensions_700       10033e70 f   libmx:libmx.dll
 0001:00032e76       _mxGetNumberOfDimensions_700 10033e76 f   libmx:libmx.dll
 0001:00032e7c       _mxCreateNumericArray_700  10033e7c f   libmx:libmx.dll
 0001:00032e82       _mxGetElementSize          10033e82 f   libmx:libmx.dll
 0001:00032e88       _mxCreateStringFromNChars_700 10033e88 f   libmx:libmx.dll
 0001:00032e8e       _mxGetString_700           10033e8e f   libmx:libmx.dll
 0001:00032e94       _mxIsLogicalScalarTrue     10033e94 f   libmx:libmx.dll
 0001:00032e9a       _mxCreateLogicalScalar     10033e9a f   libmx:libmx.dll
 0001:00032ea0       _mexUnlock                 10033ea0 f   libmex:libmex.dll
 0001:00032ea6       _mexIsLocked               10033ea6 f   libmex:libmex.dll
 0001:00032eac       _mexWarnMsgTxt             10033eac f   libmex:libmex.dll
 0001:00032eb2       _mexCallMATLAB             10033eb2 f   libmex:libmex.dll
 0001:00032eb8       _mexErrMsgTxt              10033eb8 f   libmex:libmex.dll
 0001:00032ebe       _mexMakeArrayPersistent    10033ebe f   libmex:libmex.dll
 0001:00032ec4       _mexSetTrapFlag            10033ec4 f   libmex:libmex.dll
 0001:00032eca       _mexPutVariable            10033eca f   libmex:libmex.dll
 0001:00032ed0       _mexGetVariable            10033ed0 f   libmex:libmex.dll
 0001:00032ed6       _mexLock                   10033ed6 f   libmex:libmex.dll
 0001:00032edc       _mexMakeMemoryPersistent   10033edc f   libmex:libmex.dll
 0001:00032ee2       _mexFunctionName           10033ee2 f   libmex:libmex.dll
 0001:00032ee8       _ssRegisterDataTypeFxpFSlopeFixExpBias 10033ee8 f   libfixedpoint:libfixedpoint.dll
 0001:00032eee       _ssRegisterDataTypeFxpScaledDouble 10033eee f   libfixedpoint:libfixedpoint.dll
 0001:00032ef4       _utMalloc                  10033ef4 f   libut:libut.dll
 0001:00032efa       _utFree                    10033efa f   libut:libut.dll
 0001:00032f00       _utVSNprintf               10033f00 f   libut:libut.dll
 0001:00032f06       _utCPUtime                 10033f06 f   libut:libut.dll
 0001:00032f0c       _utCalloc                  10033f0c f   libut:libut.dll
 0001:00032f12       _utRealloc                 10033f12 f   libut:libut.dll
 0001:00032f18       _muDoubleScalarRound       10033f18 f   libmwmathutil:libmwmathutil.dll
 0001:00032f1e       _muDoubleScalarSqrt        10033f1e f   libmwmathutil:libmwmathutil.dll
 0001:00032f24       _emlrtCreateRootTLS        10033f24 f   libemlrt:libemlrt.dll
 0001:00032f2a       _emlrtDestroyRootTLS       10033f2a f   libemlrt:libemlrt.dll
 0001:00032f30       _emlrtCheckBuiltInR2012b   10033f30 f   libemlrt:libemlrt.dll
 0001:00032f36       _emlrtCheckVsBuiltInR2012b 10033f36 f   libemlrt:libemlrt.dll
 0001:00032f3c       _emlrtCheckEnumR2012b      10033f3c f   libemlrt:libemlrt.dll
 0001:00032f42       _emlrtCreateEnumR2012b     10033f42 f   libemlrt:libemlrt.dll
 0001:00032f48       _emlrtGetEnumElementR2009a 10033f48 f   libemlrt:libemlrt.dll
 0001:00032f4e       _emlrtCreateReference      10033f4e f   libemlrt:libemlrt.dll
 0001:00032f54       _emlrtImportVsFiArrayR2009b 10033f54 f   libemlrt:libemlrt.dll
 0001:00032f5a       _emlrtNameCapturePostProcessR2012a 10033f5a f   libemlrt:libemlrt.dll
 0001:00032f60       _emlrtExtractMessageId     10033f60 f   libemlrt:libemlrt.dll
 0001:00032f66       _emlrtTranslateMessageIDtoLCPstring 10033f66 f   libemlrt:libemlrt.dll
 0001:00032f6c       _emlrtForLoopVectorIsValidR2011b 10033f6c f   libemlrt:libemlrt.dll
 0001:00032f72       _emlrtTranslateUTF16MessagetoLCPstring 10033f72 f   libemlrt:libemlrt.dll
 0001:00032f78       _emlrtGetEnumUnderlyingArrayR2009a 10033f78 f   libemlrt:libemlrt.dll
 0001:00032f7e       _emlrtIsEnumR2009a         10033f7e f   libemlrt:libemlrt.dll
 0001:00032f84       _strlen                    10033f84 f   MSVCRT:MSVCR100.dll
 0001:00032f90       _memset                    10033f90 f   MSVCRT:MSVCR100.dll
 0001:00032f96       @__security_check_cookie@4 10033f96 f   MSVCRT:secchk.obj
 0001:00032fb0       __alloca_probe             10033fb0     MSVCRT:chkstk.obj
 0001:00032fb0       __chkstk                   10033fb0 f   MSVCRT:chkstk.obj
 0001:00032ff0       __ftol2_sse                10033ff0 f   MSVCRT:ftol2.obj
 0001:00032ff9       __ftol2_pentium4           10033ff9 f   MSVCRT:ftol2.obj
 0001:0003300c       __ftol2_sse_excpt          1003400c f   MSVCRT:ftol2.obj
 0001:00033026       __ftol2                    10034026 f   MSVCRT:ftol2.obj
 0001:0003309c       _strcmp                    1003409c f   MSVCRT:MSVCR100.dll
 0001:000330a2       _free                      100340a2 f   MSVCRT:MSVCR100.dll
 0001:000330a8       _sprintf                   100340a8 f   MSVCRT:MSVCR100.dll
 0001:000330ae       _malloc                    100340ae f   MSVCRT:MSVCR100.dll
 0001:000330b4       _strcat                    100340b4 f   MSVCRT:MSVCR100.dll
 0001:000330ba       _memcpy                    100340ba f   MSVCRT:MSVCR100.dll
 0001:000330c0       _NtCurrentTeb              100340c0 f i MSVCRT:crtdll.obj
 0001:00033115       __CRT_INIT@12              10034115 f   MSVCRT:crtdll.obj
 0001:00033435       __DllMainCRTStartup@12     10034435 f   MSVCRT:crtdll.obj
 0001:00033458       _strncpy                   10034458 f   MSVCRT:MSVCR100.dll
 0001:0003345e       _longjmp                   1003445e f   MSVCRT:MSVCR100.dll
 0001:00033464       _strncmp                   10034464 f   MSVCRT:MSVCR100.dll
 0001:0003346a       _ceil                      1003446a f   MSVCRT:MSVCR100.dll
 0001:00033470       _strrchr                   10034470 f   MSVCRT:MSVCR100.dll
 0001:00033476       __setjmp3                  10034476 f   MSVCRT:MSVCR100.dll
 0001:0003347c       _ldexp                     1003447c f   MSVCRT:MSVCR100.dll
 0001:00033482       ___report_gsfailure        10034482 f   MSVCRT:gs_report.obj
 0001:00033588       ___sse2_available_init     10034588 f   MSVCRT:cpu_disp.obj
 0001:00033598       ___clean_type_info_names   10034598 f   MSVCRT:tncleanup.obj
 0001:000335a4       __onexit                   100345a4 f   MSVCRT:atonexit.obj
 0001:00033645       _atexit                    10034645 f   MSVCRT:atonexit.obj
 0001:0003365c       __RTC_Initialize           1003465c f   MSVCRT:_initsect_.obj
 0001:00033682       __RTC_Terminate            10034682 f   MSVCRT:_initsect_.obj
 0001:000336a8       __malloc_crt               100346a8 f   MSVCRT:MSVCR100.dll
 0001:000336ae       __encoded_null             100346ae f   MSVCRT:MSVCR100.dll
 0001:000336c0       __ValidateImageBase        100346c0 f   MSVCRT:pesect.obj
 0001:00033700       __FindPESection            10034700 f   MSVCRT:pesect.obj
 0001:00033750       __IsNonwritableInCurrentImage 10034750 f   MSVCRT:pesect.obj
 0001:0003380c       __initterm                 1003480c f   MSVCRT:MSVCR100.dll
 0001:00033812       __initterm_e               10034812 f   MSVCRT:MSVCR100.dll
 0001:00033818       __amsg_exit                10034818 f   MSVCRT:MSVCR100.dll
 0001:0003381e       ___CppXcptFilter           1003481e f   MSVCRT:MSVCR100.dll
 0001:00033824       _DllMain@12                10034824 f   MSVCRT:dllmain.obj
 0001:00033850       __SEH_prolog4              10034850 f   MSVCRT:sehprolg4.obj
 0001:00033895       __SEH_epilog4              10034895 f   MSVCRT:sehprolg4.obj
 0001:000338a9       __except_handler4          100348a9 f   MSVCRT:chandler4gs.obj
 0001:000338ce       ___security_init_cookie    100348ce f   MSVCRT:gs_support.obj
 0001:0003396a       __crt_debugger_hook        1003496a f   MSVCRT:MSVCR100.dll
 0001:00033970       ___clean_type_info_names_internal 10034970 f   MSVCRT:MSVCR100.dll
 0001:00033976       __unlock                   10034976 f   MSVCRT:MSVCR100.dll
 0001:0003397c       ___dllonexit               1003497c f   MSVCRT:MSVCR100.dll
 0001:00033982       __lock                     10034982 f   MSVCRT:MSVCR100.dll
 0001:00033988       __except_handler4_common   10034988 f   MSVCRT:MSVCR100.dll
 0001:0003398e       _EncodePointer@4           1003498e f   kernel32:KERNEL32.dll
 0001:00033994       _DecodePointer@4           10034994 f   kernel32:KERNEL32.dll
 0001:0003399a       _InterlockedExchange@8     1003499a f   kernel32:KERNEL32.dll
 0001:000339a0       _Sleep@4                   100349a0 f   kernel32:KERNEL32.dll
 0001:000339a6       _InterlockedCompareExchange@12 100349a6 f   kernel32:KERNEL32.dll
 0001:000339ac       _TerminateProcess@8        100349ac f   kernel32:KERNEL32.dll
 0001:000339b2       _GetCurrentProcess@0       100349b2 f   kernel32:KERNEL32.dll
 0001:000339b8       _UnhandledExceptionFilter@4 100349b8 f   kernel32:KERNEL32.dll
 0001:000339be       _SetUnhandledExceptionFilter@4 100349be f   kernel32:KERNEL32.dll
 0001:000339c4       _IsDebuggerPresent@0       100349c4 f   kernel32:KERNEL32.dll
 0001:000339ca       _IsProcessorFeaturePresent@4 100349ca f   kernel32:KERNEL32.dll
 0001:000339d0       _DisableThreadLibraryCalls@4 100349d0 f   kernel32:KERNEL32.dll
 0001:000339d6       _QueryPerformanceCounter@4 100349d6 f   kernel32:KERNEL32.dll
 0001:000339dc       _GetTickCount@0            100349dc f   kernel32:KERNEL32.dll
 0001:000339e2       _GetCurrentThreadId@0      100349e2 f   kernel32:KERNEL32.dll
 0001:000339e8       _GetCurrentProcessId@0     100349e8 f   kernel32:KERNEL32.dll
 0001:000339ee       _GetSystemTimeAsFileTime@4 100349ee f   kernel32:KERNEL32.dll
 0002:00000000       __imp__IsDebuggerPresent@0 10035000     kernel32:KERNEL32.dll
 0002:00000004       __imp__SetUnhandledExceptionFilter@4 10035004     kernel32:KERNEL32.dll
 0002:00000008       __imp__UnhandledExceptionFilter@4 10035008     kernel32:KERNEL32.dll
 0002:0000000c       __imp__GetCurrentProcess@0 1003500c     kernel32:KERNEL32.dll
 0002:00000010       __imp__TerminateProcess@8  10035010     kernel32:KERNEL32.dll
 0002:00000014       __imp__InterlockedCompareExchange@12 10035014     kernel32:KERNEL32.dll
 0002:00000018       __imp__Sleep@4             10035018     kernel32:KERNEL32.dll
 0002:0000001c       __imp__InterlockedExchange@8 1003501c     kernel32:KERNEL32.dll
 0002:00000020       __imp__DecodePointer@4     10035020     kernel32:KERNEL32.dll
 0002:00000024       __imp__EncodePointer@4     10035024     kernel32:KERNEL32.dll
 0002:00000028       __imp__DisableThreadLibraryCalls@4 10035028     kernel32:KERNEL32.dll
 0002:0000002c       __imp__QueryPerformanceCounter@4 1003502c     kernel32:KERNEL32.dll
 0002:00000030       __imp__GetTickCount@0      10035030     kernel32:KERNEL32.dll
 0002:00000034       __imp__GetCurrentThreadId@0 10035034     kernel32:KERNEL32.dll
 0002:00000038       __imp__GetCurrentProcessId@0 10035038     kernel32:KERNEL32.dll
 0002:0000003c       __imp__GetSystemTimeAsFileTime@4 1003503c     kernel32:KERNEL32.dll
 0002:00000040       __imp__IsProcessorFeaturePresent@4 10035040     kernel32:KERNEL32.dll
 0002:00000044       \177KERNEL32_NULL_THUNK_DATA 10035044     kernel32:KERNEL32.dll
 0002:00000048       __imp___except_handler4_common 10035048     MSVCRT:MSVCR100.dll
 0002:0000004c       __imp___onexit             1003504c     MSVCRT:MSVCR100.dll
 0002:00000050       __imp___lock               10035050     MSVCRT:MSVCR100.dll
 0002:00000054       __imp____dllonexit         10035054     MSVCRT:MSVCR100.dll
 0002:00000058       __imp___unlock             10035058     MSVCRT:MSVCR100.dll
 0002:0000005c       __imp____clean_type_info_names_internal 1003505c     MSVCRT:MSVCR100.dll
 0002:00000060       __imp___crt_debugger_hook  10035060     MSVCRT:MSVCR100.dll
 0002:00000064       __imp____CppXcptFilter     10035064     MSVCRT:MSVCR100.dll
 0002:00000068       __imp___amsg_exit          10035068     MSVCRT:MSVCR100.dll
 0002:0000006c       __imp___initterm_e         1003506c     MSVCRT:MSVCR100.dll
 0002:00000070       __imp___initterm           10035070     MSVCRT:MSVCR100.dll
 0002:00000074       __imp___encoded_null       10035074     MSVCRT:MSVCR100.dll
 0002:00000078       __imp___malloc_crt         10035078     MSVCRT:MSVCR100.dll
 0002:0000007c       __imp__ldexp               1003507c     MSVCRT:MSVCR100.dll
 0002:00000080       __imp___setjmp3            10035080     MSVCRT:MSVCR100.dll
 0002:00000084       __imp__strrchr             10035084     MSVCRT:MSVCR100.dll
 0002:00000088       __imp__ceil                10035088     MSVCRT:MSVCR100.dll
 0002:0000008c       __imp__strncmp             1003508c     MSVCRT:MSVCR100.dll
 0002:00000090       __imp__longjmp             10035090     MSVCRT:MSVCR100.dll
 0002:00000094       __imp__strncpy             10035094     MSVCRT:MSVCR100.dll
 0002:00000098       __imp__memcpy              10035098     MSVCRT:MSVCR100.dll
 0002:0000009c       __imp__strcat              1003509c     MSVCRT:MSVCR100.dll
 0002:000000a0       __imp__malloc              100350a0     MSVCRT:MSVCR100.dll
 0002:000000a4       __imp__sprintf             100350a4     MSVCRT:MSVCR100.dll
 0002:000000a8       __imp__free                100350a8     MSVCRT:MSVCR100.dll
 0002:000000ac       __imp__strcmp              100350ac     MSVCRT:MSVCR100.dll
 0002:000000b0       __imp__memset              100350b0     MSVCRT:MSVCR100.dll
 0002:000000b4       __imp__strlen              100350b4     MSVCRT:MSVCR100.dll
 0002:000000b8       \177MSVCR100_NULL_THUNK_DATA 100350b8     MSVCRT:MSVCR100.dll
 0002:000000bc       __imp__emlrtIsEnumR2009a   100350bc     libemlrt:libemlrt.dll
 0002:000000c0       __imp__emlrtGetEnumUnderlyingArrayR2009a 100350c0     libemlrt:libemlrt.dll
 0002:000000c4       __imp__emlrtTranslateUTF16MessagetoLCPstring 100350c4     libemlrt:libemlrt.dll
 0002:000000c8       __imp__emlrtForLoopVectorIsValidR2011b 100350c8     libemlrt:libemlrt.dll
 0002:000000cc       __imp__emlrtTranslateMessageIDtoLCPstring 100350cc     libemlrt:libemlrt.dll
 0002:000000d0       __imp__emlrtExtractMessageId 100350d0     libemlrt:libemlrt.dll
 0002:000000d4       __imp__emlrtNameCapturePostProcessR2012a 100350d4     libemlrt:libemlrt.dll
 0002:000000d8       __imp__emlrtImportVsFiArrayR2009b 100350d8     libemlrt:libemlrt.dll
 0002:000000dc       __imp__emlrtCreateReference 100350dc     libemlrt:libemlrt.dll
 0002:000000e0       __imp__emlrtGetEnumElementR2009a 100350e0     libemlrt:libemlrt.dll
 0002:000000e4       __imp__emlrtDestroyRootTLS 100350e4     libemlrt:libemlrt.dll
 0002:000000e8       __imp__emlrtCheckBuiltInR2012b 100350e8     libemlrt:libemlrt.dll
 0002:000000ec       __imp__emlrtCheckVsBuiltInR2012b 100350ec     libemlrt:libemlrt.dll
 0002:000000f0       __imp__emlrtCheckEnumR2012b 100350f0     libemlrt:libemlrt.dll
 0002:000000f4       __imp__emlrtCreateEnumR2012b 100350f4     libemlrt:libemlrt.dll
 0002:000000f8       __imp__emlrtCreateRootTLS  100350f8     libemlrt:libemlrt.dll
 0002:000000fc       \177libemlrt_NULL_THUNK_DATA 100350fc     libemlrt:libemlrt.dll
 0002:00000100       __imp__ssRegisterDataTypeFxpScaledDouble 10035100     libfixedpoint:libfixedpoint.dll
 0002:00000104       __imp__ssRegisterDataTypeFxpFSlopeFixExpBias 10035104     libfixedpoint:libfixedpoint.dll
 0002:00000108       \177libfixedpoint_NULL_THUNK_DATA 10035108     libfixedpoint:libfixedpoint.dll
 0002:0000010c       __imp__mexLock             1003510c     libmex:libmex.dll
 0002:00000110       __imp__mexMakeMemoryPersistent 10035110     libmex:libmex.dll
 0002:00000114       __imp__mexFunctionName     10035114     libmex:libmex.dll
 0002:00000118       __imp__mexErrMsgTxt        10035118     libmex:libmex.dll
 0002:0000011c       __imp__mexGetVariable      1003511c     libmex:libmex.dll
 0002:00000120       __imp__mexPutVariable      10035120     libmex:libmex.dll
 0002:00000124       __imp__mexSetTrapFlag      10035124     libmex:libmex.dll
 0002:00000128       __imp__mexCallMATLAB       10035128     libmex:libmex.dll
 0002:0000012c       __imp__mexWarnMsgTxt       1003512c     libmex:libmex.dll
 0002:00000130       __imp__mexIsLocked         10035130     libmex:libmex.dll
 0002:00000134       __imp__mexUnlock           10035134     libmex:libmex.dll
[...]
 0001:00010240       _sfrtGenSizeString         10011240 f   sfc_mexmsvc80:sfc_mex.obj
 0001:00010270       _sfIsProperVector          10011270 f   sfc_mexmsvc80:sfc_mex.obj
 0001:000102a0       _sfIsRowVector             100112a0 f   sfc_mexmsvc80:sfc_mex.obj
 0001:000103d0       _sf_ExtractMessageId       100113d0 f   sfc_mexmsvc80:sfc_mex.obj
 0001:00010620       _sf_mex_err                10011620 f   sfc_mexmsvc80:sfc_mex.obj
 0001:000106b0       _sf_error_dimension_out_of_bound 100116b0 f   sfc_mexmsvc80:sfc_mex.obj
 0001:00010750       _sf_mex_check_and_set_actual_dimensions 10011750 f   sfc_mexmsvc80:sfc_mex.obj
 0001:000108d0       _sf_mex_check_complex      100118d0 f   sfc_mexmsvc80:sfc_mex.obj
 0001:00010940       _sf_mex_check_sparse       10011940 f   sfc_mexmsvc80:sfc_mex.obj
 0001:00010980       _sf_mex_check_numerictype  10011980 f   sfc_mexmsvc80:sfc_mex.obj
 0001:00010a10       _sf_mex_check_fimath       10011a10 f   sfc_mexmsvc80:sfc_mex.obj
 0001:00011110       _size_mismatch_error       10012110 f   sfc_mexmsvc80:sfc_mex.obj
 0001:00011960       _check_array_dimensions    10012960 f   sfc_mexmsvc80:sfc_mex.obj
 0001:000119b0       _check_input_mxarray       100129b0 f   sfc_mexmsvc80:sfc_mex.obj
 0001:00012050       _sf_numeric_value_to_double 10013050 f   sfc_mexmsvc80:sfc_mex.obj
 0001:00012090       _ml_generic_out_of_bounds_check 10013090 f   sfc_mexmsvc80:sfc_mex.obj
 0001:00012220       _ml_get_element_value_from_array 10013220 f   sfc_mexmsvc80:sfc_mex.obj
 0001:000126f0       __ml_generic_castability_check 100136f0 f   sfc_mexmsvc80:sfc_mex.obj
 0001:00012f80       _ml_generic_castability_check 10013f80 f   sfc_mexmsvc80:sfc_mex.obj
 0001:00012fe0       _ml_check_mx_array_for_single_castability 10013fe0 f   sfc_mexmsvc80:sfc_mex.obj
 0001:00013050       _ml_check_mx_array_for_logical_castability 10014050 f   sfc_mexmsvc80:sfc_mex.obj
 0001:000130b0       _ml_check_mx_array_for_int8_castability 100140b0 f   sfc_mexmsvc80:sfc_mex.obj
 0001:00013140       _ml_check_mx_array_for_uint8_castability 10014140 f   sfc_mexmsvc80:sfc_mex.obj
 0001:000131b0       _ml_check_mx_array_for_int16_castability 100141b0 f   sfc_mexmsvc80:sfc_mex.obj
 0001:00013220       _ml_check_mx_array_for_uint16_castability 10014220 f   sfc_mexmsvc80:sfc_mex.obj
 0001:00013290       _ml_check_mx_array_for_int32_castability 10014290 f   sfc_mexmsvc80:sfc_mex.obj
 0001:00013300       _ml_check_mx_array_for_uint32_castability 10014300 f   sfc_mexmsvc80:sfc_mex.obj
 0001:00013370       _ml_check_mx_array_for_castability 10014370 f   sfc_mexmsvc80:sfc_mex.obj
 0001:00013a00       _set_data_value            10014a00 f   sfc_mexmsvc80:sfc_mex.obj
 0001:00013ed0       _get_data_value            10014ed0 f   sfc_mexmsvc80:sfc_mex.obj
 0001:00013fd0       _get_next_element_address  10014fd0 f   sfc_mexmsvc80:sfc_mex.obj
 0001:00014070       _sf_normalize_index        10015070 f   sfc_mexmsvc80:sfc_mex.obj
 0001:00014300       _ml_array_index_bound_check 10015300 f   sfc_mexmsvc80:sfc_mex.obj
 0001:00014bf0       _mx_value                  10015bf0 f   sfc_mexmsvc80:sfc_mex.obj
 0001:00014c40       _sf_create_numeric_array   10015c40 f   sfc_mexmsvc80:sfc_mex.obj
 0001:00014cc0       _sf_mex_assign_to_mx_array 10015cc0 f   sfc_mexmsvc80:sfc_mex.obj
 0001:00014f20       _assign_from_mx_array      10015f20 f   sfc_mexmsvc80:sfc_mex.obj
 0001:000156e0       _sf_mex_import_v           100166e0 f   sfc_mexmsvc80:sfc_mex.obj
 0001:00015ba0       _get_machine_and_chart_file_number 10016ba0 f   sfc_mexmsvc80:sfc_sf.obj
 0001:00015c60       _get_sfun_block_specialization 10016c60 f   sfc_mexmsvc80:sfc_sf.obj
 0001:00015ce0       _call_sf_machine_global_method_dispatcher 10016ce0 f   sfc_mexmsvc80:sfc_sf.obj
 0001:00015ea0       _mdl_zeroCrossings_processing 10016ea0 f   sfc_mexmsvc80:sfc_sf.obj
 0001:00015f50       _mdl_derivatives_processing 10016f50 f   sfc_mexmsvc80:sfc_sf.obj
 0001:000161d0       _mdl_outputs_continuous_legacy 100171d0 f   sfc_mexmsvc80:sfc_sf.obj
 0001:00016250       _mdl_outputs_processing    10017250 f   sfc_mexmsvc80:sfc_sf.obj
 0001:00016480       _mdl_enable_processing     10017480 f   sfc_mexmsvc80:sfc_sf.obj
 0001:00016530       _mdl_disable_processing    10017530 f   sfc_mexmsvc80:sfc_sf.obj
 0001:000170a0       _sf_call_output_fcn_enable_disable 100180a0 f   sfc_mexmsvc80:sfc_sf.obj
 0001:000172c0       _set_dwork_information_from_mx_array 100182c0 f   sfc_mexmsvc80:sfc_sf.obj
 0001:00017c60       _ptr2mxStruct              10018c60 f   sfc_mexmsvc80:sfc_sf.obj
 0001:00017e80       _SNPRINTF_WRAPPER          10018e80 f   sfc_debugmsvc80:sfcdebug.obj
 0001:00017ec0       _sf_debug_chart_instance_initialized 10018ec0 f   sfc_debugmsvc80:sfcdebug.obj
 0001:00018040       _sfrtAddSize               10019040 f   sfc_debugmsvc80:sfcdebug.obj
 0001:000180f0       _sfrtGenSizeString         100190f0 f   sfc_debugmsvc80:sfcdebug.obj
 0001:000185a0       _fill_single_message_info  100195a0 f   sfc_debugmsvc80:sfcdebug.obj
 0001:00018700       _sf_debug_sim_status_listener 10019700 f   sfc_debugmsvc80:sfcdebug.obj
 0001:00018bd0       _sf_debug_form_mask_bits   10019bd0 f   sfc_debugmsvc80:sfcdebug.obj
 0001:00018c10       _sf_debug_form_sf_data_type_offsets 10019c10 f   sfc_debugmsvc80:sfcdebug.obj
 0001:00018ca0       _sf_debug_free_all         10019ca0 f   sfc_debugmsvc80:sfcdebug.obj
 0001:00018e40       _sf_debug_append_debugger_context 10019e40 f   sfc_debugmsvc80:sfcdebug.obj
 0001:000191a0       _local_strdup              1001a1a0 f   sfc_debugmsvc80:sfcdebug.obj
 0001:00019ea0       _sf_debug_em_terminate     1001aea0 f   sfc_debugmsvc80:sfcdebug.obj
 0001:00019ee0       _sf_debug_push_eml_function 1001aee0 f   sfc_debugmsvc80:sfcdebug.obj
 0001:00019f70       _sf_debug_pop_eml_function 1001af70 f   sfc_debugmsvc80:sfcdebug.obj
 0001:0001a840       _sf_debug_get_machine_number_from_id_or_name 1001b840 f   sfc_debugmsvc80:sfcdebug.obj
 0001:0001a9a0       _sf_debug_get_chart_number_from_id 1001b9a0 f   sfc_debugmsvc80:sfcdebug.obj
 0001:0001b3b0       _sf_debug_transfer_control_to_debugger_GUI 1001c3b0 f   sfc_debugmsvc80:sfcdebug.obj
 0001:0001c200       _sf_debug_scripts_rehash   1001d200 f   sfc_debugmsvc80:sfcdebug.obj
 0001:0001c3b0       _sf_debug_get_script_line_count 1001d3b0 f   sfc_debugmsvc80:sfcdebug.obj
 0001:0001ca60       _cv_eml_state_cvId         1001da60 f   sfc_debugmsvc80:sfcdebug.obj
 0001:0001cab0       _cv_eml_trans_cvId         1001dab0 f   sfc_debugmsvc80:sfcdebug.obj
 0001:0001d920       _sf_debug_data_array_bounds_error 1001e920 f   sfc_debugmsvc80:sfcdebug.obj
 0001:0001dc30       _eml_debug_runtime_error_doclink 1001ec30 f   sfc_debugmsvc80:sfcdebug.obj
 0001:0001dd60       _sf_debug_runtime_error    1001ed60 f   sfc_debugmsvc80:sfcdebug.obj
 0001:0001ddb0       _sf_debug_matlab_error     1001edb0 f   sfc_debugmsvc80:sfcdebug.obj
 0001:0001e380       _sf_debug_data_value_error 1001f380 f   sfc_debugmsvc80:sfcdebug.obj
 0001:0001e9a0       _sf_debug_data_loss_error  1001f9a0 f   sfc_debugmsvc80:sfcdebug.obj
 0001:0001f510       _call_cv_range_check       10020510 f   sfc_debugmsvc80:sfcdebug.obj
 0001:0001fab0       _sf_debug_invoke_cycle_detection_code 10020ab0 f   sfc_debugmsvc80:sfcdebug.obj
 0001:00020430       _sf_reset_debug_info_struct 10021430 f   sfc_debugmsvc80:sfcdebug.obj
 0001:00020a90       _cv_script_cvId            10021a90 f   sfc_debugmsvc80:sfcdebug.obj
 0001:000214f0       _sfc_api_chart_visible     100224f0 f   sfc_debugmsvc80:sfc_api.obj
 0001:000215b0       _sfc_api_active_instance   100225b0 f   sfc_debugmsvc80:sfc_api.obj
 0001:00021650       _sfc_api_machine_load      10022650 f   sfc_debugmsvc80:sfc_api.obj
 0001:00021760       _sfc_api_debugger_alive    10022760 f   sfc_debugmsvc80:sfc_api.obj
 0001:00021780       _sfc_api_go                10022780 f   sfc_debugmsvc80:sfc_api.obj
 0001:000217a0       _sfc_api_step_over         100227a0 f   sfc_debugmsvc80:sfc_api.obj
 0001:000217c0       _sfc_api_step_out          100227c0 f   sfc_debugmsvc80:sfc_api.obj
 0001:000217e0       _sfc_api_resume            100227e0 f   sfc_debugmsvc80:sfc_api.obj
 0001:00021800       _sfc_api_break             10022800 f   sfc_debugmsvc80:sfc_api.obj
 0001:00021820       _sfc_api_stop_debugging    10022820 f   sfc_debugmsvc80:sfc_api.obj
 0001:00021870       _sfc_api_is_cycle_detected 10022870 f   sfc_debugmsvc80:sfc_api.obj
 0001:000218c0       _sfc_api_is_array_bounds_detected 100228c0 f   sfc_debugmsvc80:sfc_api.obj
 0001:00021910       _sfc_api_set_disable_all_breakpoints 10022910 f   sfc_debugmsvc80:sfc_api.obj
 0001:000219a0       _sfc_api_disable_all_breakpoints_and_go 100229a0 f   sfc_debugmsvc80:sfc_api.obj
 0001:000219c0       _sfc_api_close             100229c0 f   sfc_debugmsvc80:sfc_api.obj
 0001:000219e0       _sfc_api_browse_data       100229e0 f   sfc_debugmsvc80:sfc_api.obj
 0001:00021a60       _sfc_api_watch_data        10022a60 f   sfc_debugmsvc80:sfc_api.obj
 0001:00021b60       _sfc_api_extract_message_post_receive_info 10022b60 f   sfc_debugmsvc80:sfc_api.obj
 0001:00021b80       _sfc_api_assign_data       10022b80 f   sfc_debugmsvc80:sfc_api.obj
 0001:00021c00       _sfc_api_whos              10022c00 f   sfc_debugmsvc80:sfc_api.obj
 0001:00021c90       _sfc_api_get_consistency_info 10022c90 f   sfc_debugmsvc80:sfc_api.obj
 0001:00021cb0       _sfc_api_browse_trace      10022cb0 f   sfc_debugmsvc80:sfc_api.obj
 0001:00021cd0       _sfc_api_break_on_chart_entry 10022cd0 f   sfc_debugmsvc80:sfc_api.obj
 0001:00021d10       _sfc_api_break_on_event_broadcast 10022d10 f   sfc_debugmsvc80:sfc_api.obj
 0001:00021d50       _sfc_api_break_on_state_entry 10022d50 f   sfc_debugmsvc80:sfc_api.obj
 0001:00021d90       _sfc_api_set_watch         10022d90 f   sfc_debugmsvc80:sfc_api.obj
 0001:00021e70       _sfc_api_set_breakpoints   10022e70 f   sfc_debugmsvc80:sfc_api.obj
 0001:00021f50       _sfc_api_set_eml_breakpoints 10022f50 f   sfc_debugmsvc80:sfc_api.obj
 0001:00022000       _sfc_api_set_script_breakpoints 10023000 f   sfc_debugmsvc80:sfc_api.obj
 0001:00022070       _sfc_api_add_script_breakpoints 10023070 f   sfc_debugmsvc80:sfc_api.obj
 0001:000220e0       _sfc_api_clear_script_breakpoints 100230e0 f   sfc_debugmsvc80:sfc_api.obj
 0001:00022150       _sfc_api_query_script_breakpoints 10023150 f   sfc_debugmsvc80:sfc_api.obj
 0001:000221c0       _sfc_api_get_script_id     100231c0 f   sfc_debugmsvc80:sfc_api.obj
 0001:00022260       _sfc_api_get_active_states 10023260 f   sfc_debugmsvc80:sfc_api.obj
 0001:000222d0       _sfc_api_break_between_times 100232d0 f   sfc_debugmsvc80:sfc_api.obj
 0001:00022330       _sfc_api_get_instance_handle 10023330 f   sfc_debugmsvc80:sfc_api.obj
 0001:00022410       _sfc_api_set_animation     10023410 f   sfc_debugmsvc80:sfc_api.obj
 0001:00022470       _sfc_api_select_chart      10023470 f   sfc_debugmsvc80:sfc_api.obj
 0001:00022500       _sfc_api_select_charts     10023500 f   sfc_debugmsvc80:sfc_api.obj
 0001:00022530       _sfc_api_cycle_detection_check 10023530 f   sfc_debugmsvc80:sfc_api.obj
 0001:00022590       _sfc_api_data_range_check  10023590 f   sfc_debugmsvc80:sfc_api.obj
 0001:000225f0       _sfc_api_transition_conflict_check 100235f0 f   sfc_debugmsvc80:sfc_api.obj
 0001:00022650       _sfc_api_state_consistency_check 10023650 f   sfc_debugmsvc80:sfc_api.obj
 0001:000226b0       _sfc_api_set_instance_cv_ids 100236b0 f   sfc_debugmsvc80:sfc_api.obj
 0001:000227e0       _sfc_api_set_script_cv_ids 100237e0 f   sfc_debugmsvc80:sfc_api.obj
 0001:000228b0       _sfc_api_get_current_machine_id 100238b0 f   sfc_debugmsvc80:sfc_api.obj
 0001:000228f0       _sfc_api_get_current_machine_number 100238f0 f   sfc_debugmsvc80:sfc_api.obj
 0001:00022930       _sfc_api_get_current_chart_number 10023930 f   sfc_debugmsvc80:sfc_api.obj
 0001:00022970       _sfc_api_get_current_instance_number 10023970 f   sfc_debugmsvc80:sfc_api.obj
 0001:000229b0       _sfc_api_get_current_instance_handle 100239b0 f   sfc_debugmsvc80:sfc_api.obj
 0001:000229d0       _sfc_api_get_current_is_minor_time_step 100239d0 f   sfc_debugmsvc80:sfc_api.obj
 0001:00022a10       _sfc_api_get_current_machine_name 10023a10 f   sfc_debugmsvc80:sfc_api.obj
 0001:00022a30       _sfc_api_get_current_chart_id 10023a30 f   sfc_debugmsvc80:sfc_api.obj
 0001:00022a70       _sfc_api_get_current_object_type 10023a70 f   sfc_debugmsvc80:sfc_api.obj
 0001:00022ab0       _sfc_api_get_current_event_type 10023ab0 f   sfc_debugmsvc80:sfc_api.obj
 0001:00022af0       _sfc_api_get_current_object_id 10023af0 f   sfc_debugmsvc80:sfc_api.obj
 0001:00022b30       _sfc_get_current_active_event_type 10023b30 f   sfc_debugmsvc80:sfc_api.obj
 0001:00022b70       _sfc_api_get_current_active_event_id 10023b70 f   sfc_debugmsvc80:sfc_api.obj
 0001:00022bb0       _sfc_api_get_current_simulation_time 10023bb0 f   sfc_debugmsvc80:sfc_api.obj
 0001:00022bd0       _sfc_get_current_tag_type  10023bd0 f   sfc_debugmsvc80:sfc_api.obj
 0001:00022c10       _sfc_get_current_coverage_percentage 10023c10 f   sfc_debugmsvc80:sfc_api.obj
 0001:00022c30       _sfc_get_current_statement_context 10023c30 f   sfc_debugmsvc80:sfc_api.obj
 0001:00022c50       _sfc_get_current_optional_integer 10023c50 f   sfc_debugmsvc80:sfc_api.obj
 0001:00022c80       _sfc_get_current_statement_info 10023c80 f   sfc_debugmsvc80:sfc_api.obj
 0001:00022d20       _sfc_api_get               10023d20 f   sfc_debugmsvc80:sfc_api.obj
 0001:00023770       _sf_debug_sm_fill_state_activity_data 10024770 f   sfc_debugmsvc80:sfdb_animation.obj
 0001:00025a40       _void_ptr_stack_vector_free_total 10026a40 f   sfc_debugmsvc80:sfdb_data_browse.obj
 0001:00025aa0       _sf_debug_st_terminate_machine 10026aa0 f   sfc_debugmsvc80:sfdb_data_browse.obj
 0001:00025ad0       _sf_debug_st_terminate_instance 10026ad0 f   sfc_debugmsvc80:sfdb_data_browse.obj
 0001:00025c50       _push_on_to_void_ptr_stack 10026c50 f   sfc_debugmsvc80:sfdb_data_browse.obj
 0001:00025d80       _pop_from_void_ptr_stack   10026d80 f   sfc_debugmsvc80:sfdb_data_browse.obj
 0001:00025e80       _sf_debug_st_get_data_value 10026e80 f   sfc_debugmsvc80:sfdb_data_browse.obj
 0001:00026320       _mx_value                  10027320 f   sfc_debugmsvc80:sfdb_data_browse.obj
 0001:00026350       _sf_debug_st_fill_data_struct 10027350 f   sfc_debugmsvc80:sfdb_data_browse.obj
 0001:00026620       _data_type_format_strings  10027620 f   sfc_debugmsvc80:sfdb_data_browse.obj
 0001:00026690       _sf_debug_st_fill_data     10027690 f   sfc_debugmsvc80:sfdb_data_browse.obj
 0001:00027090       _sf_debug_hm_get_simulink_handle 10028090 f   sfc_debugmsvc80:sfdb_handle_management.obj
 0001:00027a10       _sf_debug_hm_initialize_globals 10028a10 f   sfc_debugmsvc80:sfdb_handle_management.obj
 0001:00027b00       _sf_debug_hm_get_machine_debug_flag 10028b00 f   sfc_debugmsvc80:sfdb_handle_management.obj
 0001:00027c50       _sf_debug_hm_get_machine_id 10028c50 f   sfc_debugmsvc80:sfdb_handle_management.obj
 0001:00027d60       _sf_debug_hm_get_chart_id  10028d60 f   sfc_debugmsvc80:sfdb_handle_management.obj
 0001:00027ed0       _sf_debug_hm_register_executing_SFunction 10028ed0 f   sfc_debugmsvc80:sfdb_handle_management.obj
 0001:000281d0       _sf_debug_hm_form_object_boolean_properties 100291d0 f   sfc_debugmsvc80:sfdb_handle_management.obj
 0001:00028440       _sf_debug_hm_form_object_properties 10029440 f   sfc_debugmsvc80:sfdb_handle_management.obj
 0001:00028640       _sf_debug_hm_terminate_charts 10029640 f   sfc_debugmsvc80:sfdb_handle_management.obj
 0001:00028c60       _sf_debug_hm_terminate_machines 10029c60 f   sfc_debugmsvc80:sfdb_handle_management.obj
 0001:0002a480       _sf_debug_ss_copy_dimension 1002b480 f   sfc_debugmsvc80:sfdb_symbol_scope.obj
 0001:0002a4f0       _sf_debug_ss_get_number_elements 1002b4f0 f   sfc_debugmsvc80:sfdb_symbol_scope.obj
 0001:0002a510       _sf_debug_ss_fill_data_struct 1002b510 f   sfc_debugmsvc80:sfdb_symbol_scope.obj
 0001:0002a700       _sf_debug_ss_reset_data_info 1002b700 f   sfc_debugmsvc80:sfdb_symbol_scope.obj
 0001:0002a750       _sf_debug_fill_data_info_by_symbol_scope_entry 1002b750 f   sfc_debugmsvc80:sfdb_symbol_scope.obj
 0001:0002a800       _sf_debug_fill_data_info_by_data_vector 1002b800 f   sfc_debugmsvc80:sfdb_symbol_scope.obj
 0001:0002a9c0       _get_data_info_helper      1002b9c0 f   sfc_debugmsvc80:sfdb_symbol_scope.obj
 0001:0002aa40       _sf_debug_ss_get_data_info 1002ba40 f   sfc_debugmsvc80:sfdb_symbol_scope.obj
 0001:0002abf0       _sf_debug_select_mex_function 1002bbf0 f   sfc_debugmsvc80:sfdb_symbol_scope.obj
 0001:0002ac20       _sf_debug_is_dyn_matrix_initialized 1002bc20 f   sfc_debugmsvc80:sfdb_symbol_scope.obj
 0001:0002ac40       _sf_debug_ss_set_data_value_try 1002bc40 f   sfc_debugmsvc80:sfdb_symbol_scope.obj
 0001:0002ad70       _sf_debug_ss_get_data_value 1002bd70 f   sfc_debugmsvc80:sfdb_symbol_scope.obj
 0001:0002b2a0       _sf_debug_ss_data_bytes_string 1002c2a0 f   sfc_debugmsvc80:sfdb_symbol_scope.obj
 0001:0002b310       _sf_debug_ss_data_class_string 1002c310 f   sfc_debugmsvc80:sfdb_symbol_scope.obj
 0001:0002b660       _sf_debug_ss_data_size_string 1002c660 f   sfc_debugmsvc80:sfdb_symbol_scope.obj
 0001:0002b720       _sf_debug_ss_data_create_data_info_struct 1002c720 f   sfc_debugmsvc80:sfdb_symbol_scope.obj
 0001:0002b980       _sf_debug_ss_data_create_name_value_pair 1002c980 f   sfc_debugmsvc80:sfdb_symbol_scope.obj
 0001:0002b9e0       _sf_debug_ss_data_get_whos_info 1002c9e0 f   sfc_debugmsvc80:sfdb_symbol_scope.obj
 0001:0002ba10       _same_named_data_in_data_array 1002ca10 f   sfc_debugmsvc80:sfdb_symbol_scope.obj
 0001:0002cea0       _sf_debug_cc_terminate_chart 1002dea0 f   sfc_debugmsvc80:sfdb_coverage.obj
 0001:0002d1b0       _sf_debug_cc_terminate_instance 1002e1b0 f   sfc_debugmsvc80:sfdb_coverage.obj
 0001:0002dbe0       _sf_debug_cc_mark_object_if_needed 1002ebe0 f   sfc_debugmsvc80:sfdb_coverage.obj
 0001:0002e360       _sf_debug_bm_initialize_eml 1002f360 f   sfc_debugmsvc80:sfdb_breakpoints.obj
 0001:0002f330       _sf_debug_bm_map_debug_tag_to_breakpoint_tag 10030330 f   sfc_debugmsvc80:sfdb_breakpoints.obj
 0001:0002f3d0       _sf_debug_bm_is_a_eml_breakpoint_impl 100303d0 f   sfc_debugmsvc80:sfdb_breakpoints.obj
 0001:00030a30       _sf_debug_sc_push_on_error_stack 10031a30 f   sfc_debugmsvc80:sfdb_state_consistency.obj
 0001:00030b30       _sf_debug_sc_reset_error_stack 10031b30 f   sfc_debugmsvc80:sfdb_state_consistency.obj
 0001:00030c80       _sf_debug_sc_is_state_inconsistent 10031c80 f   sfc_debugmsvc80:sfdb_state_consistency.obj
 0001:00030ea0       _sf_debug_sc_fill_consistency_info 10031ea0 f   sfc_debugmsvc80:sfdb_state_consistency.obj
 0001:00031330       _void_assertion_fcn        10032330 f   sfc_debugmsvc80:sfdb_call_stack.obj
 0001:00031810       _sf_debug_tm_fill_local_trace 10032810 f   sfc_debugmsvc80:sfdb_call_stack.obj
 0001:00031c90       _sf_debug_cd_terminate_instance 10032c90 f   sfc_debugmsvc80:sfdb_cycle_detection.obj
 0001:00031cf0       _sf_debug_cd_free_checksum_stack 10032cf0 f   sfc_debugmsvc80:sfdb_cycle_detection.obj
 0001:00031d20       _sf_debug_cd_reset_pack_strings 10032d20 f   sfc_debugmsvc80:sfdb_cycle_detection.obj
 0001:00032360       _md5file_clear             10033360 f   sfc_debugmsvc80:ckmd5.obj
 0001:00032390       _Encode                    10033390 f   sfc_debugmsvc80:ckmd5.obj
 0001:000323d0       _Decode                    100333d0 f   sfc_debugmsvc80:ckmd5.obj
 0001:00032450       _MD5Transform              10033450 f   sfc_debugmsvc80:ckmd5.obj
 0001:00032b10       _md5file_addn              10033b10 f   sfc_debugmsvc80:ckmd5.obj
 0001:00032bc0       _md5file_hash              10033bc0 f   sfc_debugmsvc80:ckmd5.obj
 0001:000330c7       _pre_c_init                100340c7 f   MSVCRT:crtdll.obj
 0001:0003331f       ___DllMainCRTStartup       1003431f f   MSVCRT:crtdll.obj
