 nid_skeleton_eML_sfun

 Timestamp is 52faa766 (Wed Feb 12 05:42:46 2014)

 Preferred load address is 10000000

 Start         Length     Name                   Class
 0001:00000000 00036974H .text                   CODE
 0002:00000000 00000244H .idata$5                DATA
 0002:00000244 00000004H .CRT$XCA                DATA
 0002:00000248 00000004H .CRT$XCZ                DATA
 0002:0000024c 00000004H .CRT$XIA                DATA
 0002:00000250 00000004H .CRT$XIAA               DATA
 0002:00000254 00000004H .CRT$XIC                DATA
 0002:00000258 00000004H .CRT$XIZ                DATA
 0002:00000260 00004618H .rdata                  DATA
 0002:00004880 00000004H .rdata$sxdata           DATA
 0002:00004884 00000004H .rtc$IAA                DATA
 0002:00004888 00000004H .rtc$IZZ                DATA
 0002:0000488c 00000004H .rtc$TAA                DATA
 0002:00004890 00000004H .rtc$TZZ                DATA
 0002:00004898 00000064H .xdata$x                DATA
 0002:000048fc 0000008cH .idata$2                DATA
 0002:00004988 00000014H .idata$3                DATA
 0002:0000499c 00000244H .idata$4                DATA
 0002:00004be0 00000ab0H .idata$6                DATA
 0002:00005690 0000005bH .edata                  DATA
 0003:00000000 00004b30H .data                   DATA
 0003:00004b40 000020c8H .bss                    DATA

  Address         Publics by Value              Rva+Base       Lib:Object

 0000:00000000       __except_list              00000000     <absolute>
 0000:00000001       ___safe_se_handler_count   00000001     <absolute>
 0000:00009876       __fltused                  00009876     <absolute>
 0000:00009876       __ldused                   00009876     <absolute>
 0000:00000000       ___ImageBase               10000000     <linker-defined>
 0001:00000000       _sf_c1_nid_skeleton_eML_get_eml_resolved_functions_info 10001000 f   c1_nid_skeleton_eML.obj
 0001:00000540       _sf_c1_nid_skeleton_eML_get_check_sum 10001540 f   c1_nid_skeleton_eML.obj
 0001:000005a0       _sf_c1_nid_skeleton_eML_get_autoinheritance_info 100015a0 f   c1_nid_skeleton_eML.obj
 0001:00000ac0       _sf_c1_nid_skeleton_eML_third_party_uses_info 10001ac0 f   c1_nid_skeleton_eML.obj
 0001:00000ae0       _sf_internal_get_sim_state_c1_nid_skeleton_eML 10001ae0 f   c1_nid_skeleton_eML.obj
 0001:00000e40       _sf_internal_set_sim_state_c1_nid_skeleton_eML 10001e40 f   c1_nid_skeleton_eML.obj
 0001:000011d0       _c1_nid_skeleton_eML_method_dispatcher 100021d0 f   c1_nid_skeleton_eML.obj
 0001:000029d0       _sf_c2_nid_skeleton_eML_get_eml_resolved_functions_info 100039d0 f   c2_nid_skeleton_eML.obj
 0001:00002f90       _sf_c2_nid_skeleton_eML_get_check_sum 10003f90 f   c2_nid_skeleton_eML.obj
 0001:00002ff0       _sf_c2_nid_skeleton_eML_get_autoinheritance_info 10003ff0 f   c2_nid_skeleton_eML.obj
 0001:00003510       _sf_c2_nid_skeleton_eML_third_party_uses_info 10004510 f   c2_nid_skeleton_eML.obj
 0001:00003530       _sf_internal_get_sim_state_c2_nid_skeleton_eML 10004530 f   c2_nid_skeleton_eML.obj
 0001:00003890       _sf_internal_set_sim_state_c2_nid_skeleton_eML 10004890 f   c2_nid_skeleton_eML.obj
 0001:00003c20       _c2_nid_skeleton_eML_method_dispatcher 10004c20 f   c2_nid_skeleton_eML.obj
 0001:00005410       _sf_c3_nid_skeleton_eML_get_eml_resolved_functions_info 10006410 f   c3_nid_skeleton_eML.obj
 0001:00005a60       _sf_c3_nid_skeleton_eML_get_check_sum 10006a60 f   c3_nid_skeleton_eML.obj
 0001:00005ac0       _sf_c3_nid_skeleton_eML_get_autoinheritance_info 10006ac0 f   c3_nid_skeleton_eML.obj
 0001:00005fe0       _sf_c3_nid_skeleton_eML_third_party_uses_info 10006fe0 f   c3_nid_skeleton_eML.obj
 0001:00006000       _sf_internal_get_sim_state_c3_nid_skeleton_eML 10007000 f   c3_nid_skeleton_eML.obj
 0001:00006360       _sf_internal_set_sim_state_c3_nid_skeleton_eML 10007360 f   c3_nid_skeleton_eML.obj
 0001:000066f0       _c3_nid_skeleton_eML_method_dispatcher 100076f0 f   c3_nid_skeleton_eML.obj
 0001:00007ee0       _sf_c4_nid_skeleton_eML_get_eml_resolved_functions_info 10008ee0 f   c4_nid_skeleton_eML.obj
 0001:00008420       _sf_c4_nid_skeleton_eML_get_check_sum 10009420 f   c4_nid_skeleton_eML.obj
 0001:00008480       _sf_c4_nid_skeleton_eML_get_autoinheritance_info 10009480 f   c4_nid_skeleton_eML.obj
 0001:000089a0       _sf_c4_nid_skeleton_eML_third_party_uses_info 100099a0 f   c4_nid_skeleton_eML.obj
 0001:000089c0       _sf_internal_get_sim_state_c4_nid_skeleton_eML 100099c0 f   c4_nid_skeleton_eML.obj
 0001:00008d20       _sf_internal_set_sim_state_c4_nid_skeleton_eML 10009d20 f   c4_nid_skeleton_eML.obj
 0001:000090b0       _c4_nid_skeleton_eML_method_dispatcher 1000a0b0 f   c4_nid_skeleton_eML.obj
 0001:0000a900       _sf_c5_nid_skeleton_eML_get_eml_resolved_functions_info 1000b900 f   c5_nid_skeleton_eML.obj
 0001:0000af60       _sf_c5_nid_skeleton_eML_get_check_sum 1000bf60 f   c5_nid_skeleton_eML.obj
 0001:0000afc0       _sf_c5_nid_skeleton_eML_get_autoinheritance_info 1000bfc0 f   c5_nid_skeleton_eML.obj
 0001:0000b4e0       _sf_c5_nid_skeleton_eML_third_party_uses_info 1000c4e0 f   c5_nid_skeleton_eML.obj
 0001:0000b500       _sf_internal_get_sim_state_c5_nid_skeleton_eML 1000c500 f   c5_nid_skeleton_eML.obj
 0001:0000b860       _sf_internal_set_sim_state_c5_nid_skeleton_eML 1000c860 f   c5_nid_skeleton_eML.obj
 0001:0000bbf0       _c5_nid_skeleton_eML_method_dispatcher 1000cbf0 f   c5_nid_skeleton_eML.obj
 0001:0000d440       _sf_process_check_sum_call 1000e440 f   nid_skeleton_eML_sfun_registry.obj
 0001:0000d470       _sf_process_autoinheritance_call 1000e470 f   nid_skeleton_eML_sfun_registry.obj
 0001:0000d5b0       _sf_process_get_third_party_uses_info_call 1000e5b0 f   nid_skeleton_eML_sfun_registry.obj
 0001:0000d6f0       _sf_process_get_eml_resolved_functions_info_call 1000e6f0 f   nid_skeleton_eML_sfun_registry.obj
 0001:0000d810       _sf_mex_unlock_call        1000e810 f   nid_skeleton_eML_sfun_registry.obj
 0001:0000d8a0       _sf_machine_global_initializer_called 1000e8a0 f   nid_skeleton_eML_sfun_registry.obj
 0001:0000d8c0       _sf_machine_global_method_dispatcher 1000e8c0 f   nid_skeleton_eML_sfun_registry.obj
 0001:0000d900       _sf_machine_global_terminator 1000e900 f   nid_skeleton_eML_sfun_registry.obj
 0001:0000d940       _sf_register_machine_exported_symbols 1000e940 f   nid_skeleton_eML_sfun_registry.obj
 0001:0000d960       _callCustomFcn             1000e960 f   nid_skeleton_eML_sfun_registry.obj
 0001:0000d970       _sf_machine_global_initializer 1000e970 f   nid_skeleton_eML_sfun_registry.obj
 0001:0000d9e0       __ssSetStateAbsTol         1000e9e0 f   nid_skeleton_eML_sfun_registry.obj
 0001:0000da80       __ssGetAbsTol              1000ea80 f   nid_skeleton_eML_sfun_registry.obj
 0001:0000dad0       __ssSetInputPortMatrixDimensions 1000ead0 f   nid_skeleton_eML_sfun_registry.obj
 0001:0000db80       __ssSetOutputPortMatrixDimensions 1000eb80 f   nid_skeleton_eML_sfun_registry.obj
 0001:0000dc30       __ssSetInputPortVectorDimension 1000ec30 f   nid_skeleton_eML_sfun_registry.obj
 0001:0000dcb0       __ssSetOutputPortVectorDimension 1000ecb0 f   nid_skeleton_eML_sfun_registry.obj
 0001:0000dd30       _ssIsRunTimeParamTunable   1000ed30 f   nid_skeleton_eML_sfun_registry.obj
 0001:0000dd90       _ssGetSFuncBlockHandle     1000ed90 f   nid_skeleton_eML_sfun_registry.obj
 0001:0000dde0       __ssGetCurrentInputPortWidth 1000ede0 f   nid_skeleton_eML_sfun_registry.obj
 0001:0000deb0       __ssGetCurrentOutputPortWidth 1000eeb0 f   nid_skeleton_eML_sfun_registry.obj
 0001:0000df80       __ssGetCallSystemNumFcnCallDestinations 1000ef80 f   nid_skeleton_eML_sfun_registry.obj
 0001:0000dfe0       _ssWarning                 1000efe0 f   nid_skeleton_eML_sfun_registry.obj
 0001:0000e0c0       _ssGetIsZeroCrossControlDisabled 1000f0c0 f   nid_skeleton_eML_sfun_registry.obj
 0001:0000e120       _ssSetIsInputPortUsedForContZcSignal 1000f120 f   nid_skeleton_eML_sfun_registry.obj
 0001:0000e170       _ssSetZcSignalIsZcElementDisc 1000f170 f   nid_skeleton_eML_sfun_registry.obj
 0001:0000e1f0       _ssSetZcSignalName         1000f1f0 f   nid_skeleton_eML_sfun_registry.obj
 0001:0000e240       _ssSetZcSignalWidth        1000f240 f   nid_skeleton_eML_sfun_registry.obj
 0001:0000e290       _ssSetZcSignalZcEventType  1000f290 f   nid_skeleton_eML_sfun_registry.obj
 0001:0000e2e0       _ssSetZcSignalType         1000f2e0 f   nid_skeleton_eML_sfun_registry.obj
 0001:0000e330       _ssSetZcSignalZcTol        1000f330 f   nid_skeleton_eML_sfun_registry.obj
 0001:0000e380       _ssSetZcSignalNeedsEventNotification 1000f380 f   nid_skeleton_eML_sfun_registry.obj
 0001:0000e3d0       _ssCreateAndAddZcSignalInfo 1000f3d0 f   nid_skeleton_eML_sfun_registry.obj
 0001:0000e430       _ssCloneAndAddZcSignalInfo 1000f430 f   nid_skeleton_eML_sfun_registry.obj
 0001:0000e490       _ssGetNumZcSignals         1000f490 f   nid_skeleton_eML_sfun_registry.obj
 0001:0000e4f0       _ssGetZcSignalVector       1000f4f0 f   nid_skeleton_eML_sfun_registry.obj
 0001:0000e550       _ssGetZcSignalZcEvents     1000f550 f   nid_skeleton_eML_sfun_registry.obj
 0001:0000e5b0       _ssGetZcSignalName         1000f5b0 f   nid_skeleton_eML_sfun_registry.obj
 0001:0000e610       _ssGetZcSignalWidth        1000f610 f   nid_skeleton_eML_sfun_registry.obj
 0001:0000e670       _ssGetZcSignalZcEventType  1000f670 f   nid_skeleton_eML_sfun_registry.obj
 0001:0000e6d0       _ssGetZcSignalType         1000f6d0 f   nid_skeleton_eML_sfun_registry.obj
 0001:0000e730       _ssGetZcSignalZcTol        1000f730 f   nid_skeleton_eML_sfun_registry.obj
 0001:0000e790       _ssGetZcSignalNeedsEventNotification 1000f790 f   nid_skeleton_eML_sfun_registry.obj
 0001:0000e7f0       _ssGetZcSignalIsZcElementDisc 1000f7f0 f   nid_skeleton_eML_sfun_registry.obj
 0001:0000e870       _ssGetIsInputPortElementContinuous 1000f870 f   nid_skeleton_eML_sfun_registry.obj
 0001:0000e8f0       __ssGetInputPortSignalPtrsFcn 1000f8f0 f   nid_skeleton_eML_sfun_registry.obj
 0001:0000eaf0       __ssGetInputPortSignalFcn  1000faf0 f   nid_skeleton_eML_sfun_registry.obj
 0001:0000ec80       __ssSetInputPortDirectFeedThroughFcn 1000fc80 f   nid_skeleton_eML_sfun_registry.obj
 0001:0000edb0       __ssSetInputPortReusableFcn 1000fdb0 f   nid_skeleton_eML_sfun_registry.obj
 0001:0000ee40       __ssSetOutputPortReusableFcn 1000fe40 f   nid_skeleton_eML_sfun_registry.obj
 0001:0000eed0       _ssGetDTypeIdFromMxArray   1000fed0 f   nid_skeleton_eML_sfun_registry.obj
 0001:0000efc0       _ssWriteRTWStr             1000ffc0 f   nid_skeleton_eML_sfun_registry.obj
 0001:0000f000       _ssWriteRTWMxVectParam     10010000 f   nid_skeleton_eML_sfun_registry.obj
 0001:0000f040       _ssWriteRTWMx2dMatParam    10010040 f   nid_skeleton_eML_sfun_registry.obj
 0001:0000f080       _ssWriteRTWNameValuePair   10010080 f   nid_skeleton_eML_sfun_registry.obj
 0001:0000f3f0       _ssWriteRTWParameters      100103f0 f   nid_skeleton_eML_sfun_registry.obj
 0001:0000f790       _ssWriteRTWParamSettings   10010790 f   nid_skeleton_eML_sfun_registry.obj
 0001:0000fc40       _ssWriteRTWWorkVect        10010c40 f   nid_skeleton_eML_sfun_registry.obj
 0001:0000ffd0       _mexFunction               10010fd0 f   nid_skeleton_eML_sfun_registry.obj
 0001:00011750       _ProcessMexSfunctionEveryCall 10012750 f   nid_skeleton_eML_sfun_registry.obj
 0001:00011860       _nid_skeleton_eML_initializer 10012860 f   nid_skeleton_eML_sfun.obj
 0001:00011870       _nid_skeleton_eML_terminator 10012870 f   nid_skeleton_eML_sfun.obj
 0001:00011880       _sf_nid_skeleton_eML_method_dispatcher 10012880 f   nid_skeleton_eML_sfun.obj
 0001:00011930       _sf_nid_skeleton_eML_process_check_sum_call 10012930 f   nid_skeleton_eML_sfun.obj
 0001:00011d40       _sf_nid_skeleton_eML_autoinheritance_info 10012d40 f   nid_skeleton_eML_sfun.obj
 0001:00011f70       _sf_nid_skeleton_eML_get_eml_resolved_functions_info 10012f70 f   nid_skeleton_eML_sfun.obj
 0001:00012130       _sf_nid_skeleton_eML_third_party_uses_info 10013130 f   nid_skeleton_eML_sfun.obj
 0001:00012320       _nid_skeleton_eML_debug_initialize 10013320 f   nid_skeleton_eML_sfun.obj
 0001:00012380       _nid_skeleton_eML_register_exported_symbols 10013380 f   nid_skeleton_eML_sfun.obj
 0001:00012390       _load_nid_skeleton_eML_optimization_info 10013390 f   nid_skeleton_eML_sfun.obj
 0001:000123d0       _unload_nid_skeleton_eML_optimization_info 100133d0 f   nid_skeleton_eML_sfun.obj
 0001:000124a0       _sf_mex_mx_is_numeric      100134a0 f   sfc_mexmsvc80:sfc_mex.obj
 0001:000124e0       _strcmp_ignore_ws          100134e0 f   sfc_mexmsvc80:sfc_mex.obj
 0001:00012600       _sf_mex_duplicatearraysafe 10013600 f   sfc_mexmsvc80:sfc_mex.obj
 0001:000127e0       _sf_set_error_debugger_context_message_fcn 100137e0 f   sfc_mexmsvc80:sfc_mex.obj
 0001:00012800       _sf_set_debugger_matlab_error_fcn 10013800 f   sfc_mexmsvc80:sfc_mex.obj
 0001:00012830       _sf_set_error_prefix_string 10013830 f   sfc_mexmsvc80:sfc_mex.obj
 0001:00012860       _sf_get_error_prefix_string 10013860 f   sfc_mexmsvc80:sfc_mex.obj
 0001:00012870       _sf_mex_enter_parallel_region 10013870 f   sfc_mexmsvc80:sfc_mex.obj
 0001:00012880       _sf_mex_exit_parallel_region 10013880 f   sfc_mexmsvc80:sfc_mex.obj
 0001:00012890       _sf_get_current_jmp_buf_ptr 10013890 f   sfc_mexmsvc80:sfc_mex.obj
 0001:000128a0       _sf_set_current_jmp_buf_ptr 100138a0 f   sfc_mexmsvc80:sfc_mex.obj
 0001:000128b0       _sf_mex_set_halt_simulation 100138b0 f   sfc_mexmsvc80:sfc_mex.obj
 0001:000128c0       _sf_mex_get_halt_simulation 100138c0 f   sfc_mexmsvc80:sfc_mex.obj
 0001:000128d0       _sf_mex_clear_error_message 100138d0 f   sfc_mexmsvc80:sfc_mex.obj
 0001:000128f0       _sf_mex_get_error_message_for_read 100138f0 f   sfc_mexmsvc80:sfc_mex.obj
 0001:00012900       _sf_mex_get_error_message_buffer_length 10013900 f   sfc_mexmsvc80:sfc_mex.obj
 0001:000129d0       _sf_mex_warning_message    100139d0 f   sfc_mexmsvc80:sfc_mex.obj
 0001:00012a20       _sf_mex_v_errbuf_createf   10013a20 f   sfc_mexmsvc80:sfc_mex.obj
 0001:00012a40       _sf_mex_errbuf_createf     10013a40 f   sfc_mexmsvc80:sfc_mex.obj
 0001:00012a60       _sf_mex_v_errbuf_catf      10013a60 f   sfc_mexmsvc80:sfc_mex.obj
 0001:00012aa0       _sf_mex_errbuf_catf        10013aa0 f   sfc_mexmsvc80:sfc_mex.obj
 0001:00012ae0       _sf_mex_errbuf_copy        10013ae0 f   sfc_mexmsvc80:sfc_mex.obj
 0001:00012b00       _sf_mex_errbuf_clear       10013b00 f   sfc_mexmsvc80:sfc_mex.obj
 0001:00012b10       _sf_mex_errbuf_isempty     10013b10 f   sfc_mexmsvc80:sfc_mex.obj
 0001:00012ba0       _sf_mex_set_error_status   10013ba0 f   sfc_mexmsvc80:sfc_mex.obj
 0001:00012bd0       _sf_mex_error_direct_call  10013bd0 f   sfc_mexmsvc80:sfc_mex.obj
 0001:00012bf0       _sf_mex_error_message_no_long_jump 10013bf0 f   sfc_mexmsvc80:sfc_mex.obj
 0001:00012c20       _sf_mex_long_jump_on_error 10013c20 f   sfc_mexmsvc80:sfc_mex.obj
 0001:00012c50       _sf_mex_call_matlab        10013c50 f   sfc_mexmsvc80:sfc_mex.obj
 0001:00012d20       _sf_mex_check_builtin      10013d20 f   sfc_mexmsvc80:sfc_mex.obj
 0001:00012d80       _sf_mex_check_builtin_vs   10013d80 f   sfc_mexmsvc80:sfc_mex.obj
 0001:00012de0       _sf_mex_check_enum         10013de0 f   sfc_mexmsvc80:sfc_mex.obj
 0001:00012e30       _sf_mex_create_enum        10013e30 f   sfc_mexmsvc80:sfc_mex.obj
 0001:00012e80       _sf_mex_get_enum_element   10013e80 f   sfc_mexmsvc80:sfc_mex.obj
 0001:00012e90       _sf_mex_createcellarray    10013e90 f   sfc_mexmsvc80:sfc_mex.obj
 0001:00012eb0       _sf_mex_setcell            10013eb0 f   sfc_mexmsvc80:sfc_mex.obj
 0001:00012ec0       _sf_mex_getcell            10013ec0 f   sfc_mexmsvc80:sfc_mex.obj
 0001:00012ed0       _sf_mex_dup                10013ed0 f   sfc_mexmsvc80:sfc_mex.obj
 0001:00012f00       _sf_mex_assign             10013f00 f   sfc_mexmsvc80:sfc_mex.obj
 0001:00012f50       _sf_mex_destroy            10013f50 f   sfc_mexmsvc80:sfc_mex.obj
 0001:00012f70       _mx_array_has_fi_type      10013f70 f   sfc_mexmsvc80:sfc_mex.obj
 0001:00012fc0       _sf_mex_convert_from_fi    10013fc0 f   sfc_mexmsvc80:sfc_mex.obj
 0001:000130a0       _sf_mex_convert_to_double  100140a0 f   sfc_mexmsvc80:sfc_mex.obj
 0001:000130e0       _sf_mex_import_fi_vs       100140e0 f   sfc_mexmsvc80:sfc_mex.obj
 0001:00013240       _sf_matrix_matrix_index_ok 10014240 f   sfc_mexmsvc80:sfc_mex.obj
 0001:000132b0       _sf_vector_vector_index_ok 100142b0 f   sfc_mexmsvc80:sfc_mex.obj
 0001:000132e0       _ssGetCurrentInputPortDimensions_wrapper 100142e0 f   sfc_mexmsvc80:sfc_mex.obj
 0001:00013300       _ssGetCurrentOutputPortDimensions_wrapper 10014300 f   sfc_mexmsvc80:sfc_mex.obj
 0001:00013320       _sf_mex_emlrt_context_is_debug_mode 10014320 f   sfc_mexmsvc80:sfc_mex.obj
 0001:00013330       _sf_mex_emlrt_context_set_debug_mode 10014330 f   sfc_mexmsvc80:sfc_mex.obj
 0001:00013340       _sf_mex_emlrtNameCapturePostProcessR2012a 10014340 f   sfc_mexmsvc80:sfc_mex.obj
 0001:000133a0       _sf_clear_error_manager_info 100143a0 f   sfc_mexmsvc80:sfc_mex.obj
 0001:000133f0       _sf_mex_stop_simulation_abruptly_wo_error 100143f0 f   sfc_mexmsvc80:sfc_mex.obj
 0001:00013420       _sf_mex_error_message      10014420 f   sfc_mexmsvc80:sfc_mex.obj
 0001:00013470       _sf_react_to_error_in_matlab_call 10014470 f   sfc_mexmsvc80:sfc_mex.obj
 0001:000134a0       _sf_mex_addfield           100144a0 f   sfc_mexmsvc80:sfc_mex.obj
 0001:00013520       _sf_mex_getfield           10014520 f   sfc_mexmsvc80:sfc_mex.obj
 0001:000137a0       _sf_mex_check_class        100147a0 f   sfc_mexmsvc80:sfc_mex.obj
 0001:00013820       _sf_mex_is_real            10014820 f   sfc_mexmsvc80:sfc_mex.obj
 0001:00013a30       _sf_mex_decode_encoded_mx_struct_array 10014a30 f   sfc_mexmsvc80:sfc_mex.obj
 0001:00013bd0       _sf_mex_lw_bounds_check    10014bd0 f   sfc_mexmsvc80:sfc_mex.obj
 0001:00013c00       _sf_mex_lw_size_eq_check_1d 10014c00 f   sfc_mexmsvc80:sfc_mex.obj
 0001:00013c20       _sf_mex_lw_size_eq_check_nd 10014c20 f   sfc_mexmsvc80:sfc_mex.obj
 0001:00013d00       _sf_mex_lw_dim_size_eq_check 10014d00 f   sfc_mexmsvc80:sfc_mex.obj
 0001:00013d30       _sf_mex_lw_dim_size_geq_check 10014d30 f   sfc_mexmsvc80:sfc_mex.obj
 0001:00013d60       _sf_mex_lw_sub_assign_size_check_nd 10014d60 f   sfc_mexmsvc80:sfc_mex.obj
 0001:00013e90       _sf_mex_lw_runtime_error_msgid 10014e90 f   sfc_mexmsvc80:sfc_mex.obj
 0001:00013f40       _sf_mex_lw_matrix_matrix_index_check 10014f40 f   sfc_mexmsvc80:sfc_mex.obj
 0001:00013f70       _sf_mex_lw_vector_vector_index_check 10014f70 f   sfc_mexmsvc80:sfc_mex.obj
 0001:00013fb0       _sf_mex_lw_for_loop_vector_check 10014fb0 f   sfc_mexmsvc80:sfc_mex.obj
 0001:00014010       _sf_mex_lw_non_negative_check 10015010 f   sfc_mexmsvc80:sfc_mex.obj
 0001:00014040       _sf_mex_overflow_error     10015040 f   sfc_mexmsvc80:sfc_mex.obj
 0001:00014050       _sf_mex_dividebyzero_error 10015050 f   sfc_mexmsvc80:sfc_mex.obj
 0001:00014060       _sf_mex_unsafe_enum_error  10015060 f   sfc_mexmsvc80:sfc_mex.obj
 0001:00014070       _sf_emlrtErrHandler        10015070 f   sfc_mexmsvc80:sfc_mex.obj
 0001:00014130       _sf_mex_size_one_check     10015130 f   sfc_mexmsvc80:sfc_mex.obj
 0001:00014150       _sf_mex_printf             10015150 f   sfc_mexmsvc80:sfc_mex.obj
 0001:00014230       _sf_mex_check_size         10015230 f   sfc_mexmsvc80:sfc_mex.obj
 0001:000144b0       _sf_mex_check_struct       100154b0 f   sfc_mexmsvc80:sfc_mex.obj
 0001:00014700       _sf_mex_check_struct_vs    10015700 f   sfc_mexmsvc80:sfc_mex.obj
 0001:00014740       _sf_mex_check_fi           10015740 f   sfc_mexmsvc80:sfc_mex.obj
 0001:00014810       _sf_mex_check_fi_vs        10015810 f   sfc_mexmsvc80:sfc_mex.obj
 0001:00014860       _sf_echo_expression        10015860 f   sfc_mexmsvc80:sfc_mex.obj
 0001:000148b0       _sf_assertion_failed       100158b0 f   sfc_mexmsvc80:sfc_mex.obj
 0001:00014b40       _sf_mex_evalin             10015b40 f   sfc_mexmsvc80:sfc_mex.obj
 0001:00014da0       _sf_mex_export             10015da0 f   sfc_mexmsvc80:sfc_mex.obj
 0001:00014e50       _sf_mex_get_ml_var_no_error 10015e50 f   sfc_mexmsvc80:sfc_mex.obj
 0001:00014fb0       _sf_mex_get_ml_var         10015fb0 f   sfc_mexmsvc80:sfc_mex.obj
 0001:00015480       _ml_set_element_value_in_array 10016480 f   sfc_mexmsvc80:sfc_mex.obj
 0001:000165b0       _sf_mex_call_impl          100175b0 f   sfc_mexmsvc80:sfc_mex.obj
 0001:00016950       _sf_mex_call_debug         10017950 f   sfc_mexmsvc80:sfc_mex.obj
 0001:00016970       _sf_mex_call               10017970 f   sfc_mexmsvc80:sfc_mex.obj
 0001:00017080       _sf_mex_createstruct       10018080 f   sfc_mexmsvc80:sfc_mex.obj
 0001:00017120       _sf_mex_createstructarray  10018120 f   sfc_mexmsvc80:sfc_mex.obj
 0001:00017180       _sf_mex_get_mx_datatype_from_sf_datatype 10018180 f   sfc_mexmsvc80:sfc_mex.obj
 0001:00017410       _sf_mex_ml_var_sub         10018410 f   sfc_mexmsvc80:sfc_mex.obj
 0001:00017580       _sf_mex_ml_var_subsasgn    10018580 f   sfc_mexmsvc80:sfc_mex.obj
 0001:00017890       _sf_mex_sub                10018890 f   sfc_mexmsvc80:sfc_mex.obj
 0001:00017a30       _sf_mex_subsasgn           10018a30 f   sfc_mexmsvc80:sfc_mex.obj
 0001:00017e20       _sf_mex_create             10018e20 f   sfc_mexmsvc80:sfc_mex.obj
 0001:00018710       _sf_mex_import_named       10019710 f   sfc_mexmsvc80:sfc_mex.obj
 0001:00018760       _sf_mex_import             10019760 f   sfc_mexmsvc80:sfc_mex.obj
 0001:000187a0       _sf_mex_import_vs          100197a0 f   sfc_mexmsvc80:sfc_mex.obj
 0001:00018830       _sf_mex_lower_fixpt_mx_array 10019830 f   sfc_mexmsvc80:sfc_mex.obj
 0001:00018a00       _sf_send_message_wrapper   10019a00 f   sfc_mexmsvc80:sfc_sf.obj
 0001:00018a30       _sf_receive_message_wrapper 10019a30 f   sfc_mexmsvc80:sfc_sf.obj
 0001:00018a70       _sf_check_out_message_wrapper 10019a70 f   sfc_mexmsvc80:sfc_sf.obj
 0001:00018ab0       _sf_check_in_message_wrapper 10019ab0 f   sfc_mexmsvc80:sfc_sf.obj
 0001:00018af0       _sf_no_message_wrapper     10019af0 f   sfc_mexmsvc80:sfc_sf.obj
 0001:00018d60       _sim_mode_is_rtw_gen       10019d60 f   sfc_mexmsvc80:sfc_sf.obj
 0001:00018da0       _sim_mode_is_external      10019da0 f   sfc_mexmsvc80:sfc_sf.obj
 0001:00018dc0       _sim_mode_is_modelref_sim  10019dc0 f   sfc_mexmsvc80:sfc_sf.obj
 0001:00018df0       _mdlInitializeSizes        10019df0 f   sfc_mexmsvc80:sfc_sf.obj
 0001:00018e10       _mdlInitializeSampleTimes  10019e10 f   sfc_mexmsvc80:sfc_sf.obj
 0001:00018e50       _mdlZeroCrossings          10019e50 f   sfc_mexmsvc80:sfc_sf.obj
 0001:00018f00       _mdlDerivatives            10019f00 f   sfc_mexmsvc80:sfc_sf.obj
 0001:00018fa0       _mdl_initialize_conditions_processing 10019fa0 f   sfc_mexmsvc80:sfc_sf.obj
 0001:00018fd0       _mdlInitializeConditions   10019fd0 f   sfc_mexmsvc80:sfc_sf.obj
 0001:00019070       _mdlGetSimState            1001a070 f   sfc_mexmsvc80:sfc_sf.obj
 0001:00019090       _mdlSetSimState            1001a090 f   sfc_mexmsvc80:sfc_sf.obj
 0001:000190b0       _mdl_ext_mode_exec_processing 1001a0b0 f   sfc_mexmsvc80:sfc_sf.obj
 0001:000190d0       _mdlExtModeExec            1001a0d0 f   sfc_mexmsvc80:sfc_sf.obj
 0001:00019260       _mdlTerminate              1001a260 f   sfc_mexmsvc80:sfc_sf.obj
 0001:000192c0       _mdlRTW                    1001a2c0 f   sfc_mexmsvc80:sfc_sf.obj
 0001:000192f0       _mdlSetWorkWidths          1001a2f0 f   sfc_mexmsvc80:sfc_sf.obj
 0001:00019310       _mdlProcessParameters      1001a310 f   sfc_mexmsvc80:sfc_sf.obj
 0001:00019330       _mdl_start_processing      1001a330 f   sfc_mexmsvc80:sfc_sf.obj
 0001:00019380       _mdlStart                  1001a380 f   sfc_mexmsvc80:sfc_sf.obj
 0001:00019430       _mdlEnable                 1001a430 f   sfc_mexmsvc80:sfc_sf.obj
 0001:000194e0       _mdlDisable                1001a4e0 f   sfc_mexmsvc80:sfc_sf.obj
 0001:00019570       _sf_get_chart_instance_ptr 1001a570 f   sfc_mexmsvc80:sfc_sf.obj
 0001:00019590       _sf_load_rtw_optimization_info 1001a590 f   sfc_mexmsvc80:sfc_sf.obj
 0001:00019630       _sf_update_buildInfo       1001a630 f   sfc_mexmsvc80:sfc_sf.obj
 0001:000196f0       _sf_rtw_info_uint_prop     1001a6f0 f   sfc_mexmsvc80:sfc_sf.obj
 0001:00019810       _sf_is_chart_inlinable     1001a810 f   sfc_mexmsvc80:sfc_sf.obj
 0001:00019840       _sf_mark_output_events_with_multiple_callers 1001a840 f   sfc_mexmsvc80:sfc_sf.obj
 0001:000199a0       _sf_mark_chart_reusable_outputs 1001a9a0 f   sfc_mexmsvc80:sfc_sf.obj
 0001:00019b00       _sf_mark_chart_expressionable_inputs 1001ab00 f   sfc_mexmsvc80:sfc_sf.obj
 0001:00019c60       _sf_get_subchart_simstruct 1001ac60 f   sfc_mexmsvc80:sfc_sf.obj
 0001:00019ca0       _sf_get_fixpt_data_type_id 1001aca0 f   sfc_mexmsvc80:sfc_sf.obj
 0001:00019ce0       _sf_get_enum_data_type_id  1001ace0 f   sfc_mexmsvc80:sfc_sf.obj
 0001:00019d20       _sf_get_param_data_type_id 1001ad20 f   sfc_mexmsvc80:sfc_sf.obj
 0001:00019d50       _sf_mex_listen_for_ctrl_c_force 1001ad50 f   sfc_mexmsvc80:sfc_sf.obj
 0001:00019e50       _sf_mex_draw_now           1001ae50 f   sfc_mexmsvc80:sfc_sf.obj
 0001:00019e90       _sf_mex_set_debugger_sim_status_listener_fcn 1001ae90 f   sfc_mexmsvc80:sfc_sf.obj
 0001:00019ea0       _sf_mex_listen_for_ctrl_c  1001aea0 f   sfc_mexmsvc80:sfc_sf.obj
 0001:00019f30       _sf_mex_get_sfun_param     1001af30 f   sfc_mexmsvc80:sfc_sf.obj
 0001:00019f80       _sf_get_runtime_param_data 1001af80 f   sfc_mexmsvc80:sfc_sf.obj
 0001:00019fc0       _sf_call_output_fcn_call   1001afc0 f   sfc_mexmsvc80:sfc_sf.obj
 0001:0001a0e0       _sf_call_output_fcn_enable 1001b0e0 f   sfc_mexmsvc80:sfc_sf.obj
 0001:0001a160       _sf_call_output_fcn_disable 1001b160 f   sfc_mexmsvc80:sfc_sf.obj
 0001:0001a1e0       _sf_clear_rtw_identifier   1001b1e0 f   sfc_mexmsvc80:sfc_sf.obj
 0001:0001aad0       _sf_set_encoded_dwork_info 1001bad0 f   sfc_mexmsvc80:sfc_sf.obj
 0001:0001ab10       _sf_get_dwork_info_from_mat_file 1001bb10 f   sfc_mexmsvc80:sfc_sf.obj
 0001:0001ac60       _sf_set_rtw_dwork_info     1001bc60 f   sfc_mexmsvc80:sfc_sf.obj
 0001:0001ad90       _mdlOutputs                1001bd90 f   sfc_mexmsvc80:sfc_sf.obj
 0001:0001ae30       _sf_debug_chart_instance_initialized_quick 1001be30 f   sfc_debugmsvc80:sfcdebug.obj
 0001:0001aeb0       _sf_debug_disp             1001beb0 f   sfc_debugmsvc80:sfcdebug.obj
 0001:0001b0b0       _sf_debug_data_runtime_size_mismatch_error_check 1001c0b0 f   sfc_debugmsvc80:sfcdebug.obj
 0001:0001b100       _sf_debug_try_loading_machine 1001c100 f   sfc_debugmsvc80:sfcdebug.obj
 0001:0001b1e0       _sf_debug_reset_current_state_configuration 1001c1e0 f   sfc_debugmsvc80:sfcdebug.obj
 0001:0001b220       _sf_debug_store_current_state_configuration 1001c220 f   sfc_debugmsvc80:sfcdebug.obj
 0001:0001b260       _sf_debug_restore_previous_state_configuration 1001c260 f   sfc_debugmsvc80:sfcdebug.obj
 0001:0001b2a0       _sf_debug_restore_previous_state_configuration2 1001c2a0 f   sfc_debugmsvc80:sfcdebug.obj
 0001:0001b2e0       _sf_debug_get_event_scope  1001c2e0 f   sfc_debugmsvc80:sfcdebug.obj
 0001:0001b400       _use_debugger_step_animation 1001c400 f   sfc_debugmsvc80:sfcdebug.obj
 0001:0001b430       _sf_debug_get_script_id    1001c430 f   sfc_debugmsvc80:sfcdebug.obj
 0001:0001b4c0       _sf_debug_set_script_translation 1001c4c0 f   sfc_debugmsvc80:sfcdebug.obj
 0001:0001b5f0       _sf_debug_extract_message_post_receive_info 1001c5f0 f   sfc_debugmsvc80:sfcdebug.obj
 0001:0001b6b0       _sf_debug_get_current_machine_id 1001c6b0 f   sfc_debugmsvc80:sfcdebug.obj
 0001:0001b6d0       _sf_debug_get_current_optional_integer 1001c6d0 f   sfc_debugmsvc80:sfcdebug.obj
 0001:0001b6e0       _sf_debug_get_current_machine_number 1001c6e0 f   sfc_debugmsvc80:sfcdebug.obj
 0001:0001b700       _sf_debug_get_current_machine_name 1001c700 f   sfc_debugmsvc80:sfcdebug.obj
 0001:0001b720       _sf_debug_get_current_chart_id 1001c720 f   sfc_debugmsvc80:sfcdebug.obj
 0001:0001b760       _sf_debug_get_current_chart_number 1001c760 f   sfc_debugmsvc80:sfcdebug.obj
 0001:0001b770       _sf_debug_get_current_instance_number 1001c770 f   sfc_debugmsvc80:sfcdebug.obj
 0001:0001b780       _sf_debug_get_current_is_minor_time_step 1001c780 f   sfc_debugmsvc80:sfcdebug.obj
 0001:0001b800       _sf_debug_get_current_object_type 1001c800 f   sfc_debugmsvc80:sfcdebug.obj
 0001:0001b810       _sf_debug_get_current_instance_handle 1001c810 f   sfc_debugmsvc80:sfcdebug.obj
 0001:0001b870       _sf_debug_get_current_event_type 1001c870 f   sfc_debugmsvc80:sfcdebug.obj
 0001:0001b880       _sf_debug_get_current_object_id 1001c880 f   sfc_debugmsvc80:sfcdebug.obj
 0001:0001b8b0       _sf_debug_get_current_active_event_type 1001c8b0 f   sfc_debugmsvc80:sfcdebug.obj
 0001:0001b8c0       _sf_debug_get_current_active_event_id 1001c8c0 f   sfc_debugmsvc80:sfcdebug.obj
 0001:0001b8f0       _sf_debug_get_current_tag_type 1001c8f0 f   sfc_debugmsvc80:sfcdebug.obj
 0001:0001b900       _sf_debug_get_current_simulation_time 1001c900 f   sfc_debugmsvc80:sfcdebug.obj
 0001:0001b910       _sf_debug_get_current_coverage_percentage 1001c910 f   sfc_debugmsvc80:sfcdebug.obj
 0001:0001b920       _sf_debug_current_statement_context 1001c920 f   sfc_debugmsvc80:sfcdebug.obj
 0001:0001b9b0       _sf_debug_get_current_statement_info 1001c9b0 f   sfc_debugmsvc80:sfcdebug.obj
 0001:0001bb00       _sf_debug_terminate_instance 1001cb00 f   sfc_debugmsvc80:sfcdebug.obj
 0001:0001bdb0       _sf_debug_assertion_failed 1001cdb0 f   sfc_debugmsvc80:sfcdebug.obj
 0001:0001bf80       _sf_debug_create_debug_instance_struct 1001cf80 f   sfc_debugmsvc80:sfcdebug.obj
 0001:0001bfc0       _sf_debug_set_number_of_data_with_change_event_for_machine 1001cfc0 f   sfc_debugmsvc80:sfcdebug.obj
 0001:0001c010       _sf_debug_set_machine_event_thresholds 1001d010 f   sfc_debugmsvc80:sfcdebug.obj
 0001:0001c040       _sf_debug_set_machine_event_scope 1001d040 f   sfc_debugmsvc80:sfcdebug.obj
 0001:0001c090       _sf_debug_set_machine_data_thresholds 1001d090 f   sfc_debugmsvc80:sfcdebug.obj
 0001:0001c0e0       _sf_debug_set_machine_data_scope 1001d0e0 f   sfc_debugmsvc80:sfcdebug.obj
 0001:0001c170       _sf_debug_set_machine_data_name 1001d170 f   sfc_debugmsvc80:sfcdebug.obj
 0001:0001c1c0       _sf_debug_set_machine_data_size 1001d1c0 f   sfc_debugmsvc80:sfcdebug.obj
 0001:0001c2c0       _sf_debug_set_machine_data_type 1001d2c0 f   sfc_debugmsvc80:sfcdebug.obj
 0001:0001c3f0       _sf_debug_get_chart_data_number 1001d3f0 f   sfc_debugmsvc80:sfcdebug.obj
 0001:0001c420       _sf_debug_get_chart_event_number 1001d420 f   sfc_debugmsvc80:sfcdebug.obj
 0001:0001c450       _sf_debug_set_chart_state_info 1001d450 f   sfc_debugmsvc80:sfcdebug.obj
 0001:0001c4d0       _sf_debug_set_chart_decomposition 1001d4d0 f   sfc_debugmsvc80:sfcdebug.obj
 0001:0001c540       _sf_debug_set_chart_substate_count 1001d540 f   sfc_debugmsvc80:sfcdebug.obj
 0001:0001c610       _sf_debug_set_chart_substate_index 1001d610 f   sfc_debugmsvc80:sfcdebug.obj
 0001:0001c690       _sf_debug_set_chart_state_substate_count 1001d690 f   sfc_debugmsvc80:sfcdebug.obj
 0001:0001c780       _sf_debug_set_chart_state_substate_index 1001d780 f   sfc_debugmsvc80:sfcdebug.obj
 0001:0001c800       _sf_debug_set_number_of_data_with_change_event_for_chart 1001d800 f   sfc_debugmsvc80:sfcdebug.obj
 0001:0001c880       _sf_debug_set_number_of_states_with_entry_event_for_chart 1001d880 f   sfc_debugmsvc80:sfcdebug.obj
 0001:0001c900       _sf_debug_set_number_of_states_with_exit_event_for_chart 1001d900 f   sfc_debugmsvc80:sfcdebug.obj
 0001:0001c980       _sf_debug_set_chart_disable_implicit_casting 1001d980 f   sfc_debugmsvc80:sfcdebug.obj
 0001:0001c9f0       _sf_debug_set_chart_event_thresholds 1001d9f0 f   sfc_debugmsvc80:sfcdebug.obj
 0001:0001ca70       _sf_debug_set_chart_data_compiled_props 1001da70 f   sfc_debugmsvc80:sfcdebug.obj
 0001:0001ccf0       _sf_debug_set_chart_data_props 1001dcf0 f   sfc_debugmsvc80:sfcdebug.obj
 0001:0001cf80       _sf_debug_check_fi_license 1001df80 f   sfc_debugmsvc80:sfcdebug.obj
 0001:0001d110       _sf_debug_symbol_scope_push 1001e110 f   sfc_debugmsvc80:sfcdebug.obj
 0001:0001d140       _sf_debug_symbol_scope_push_eml 1001e140 f   sfc_debugmsvc80:sfcdebug.obj
 0001:0001d180       _sf_debug_symbol_scope_pop 1001e180 f   sfc_debugmsvc80:sfcdebug.obj
 0001:0001d1c0       _sf_debug_symbol_scope_add_importable 1001e1c0 f   sfc_debugmsvc80:sfcdebug.obj
 0001:0001d220       _sf_debug_symbol_scope_add 1001e220 f   sfc_debugmsvc80:sfcdebug.obj
 0001:0001d270       _sf_debug_symbol_scope_add_dyn_importable 1001e270 f   sfc_debugmsvc80:sfcdebug.obj
 0001:0001d2e0       _sf_debug_symbol_scope_add_dyn 1001e2e0 f   sfc_debugmsvc80:sfcdebug.obj
 0001:0001d310       _sf_debug_symbol_scope_add_eml_importable 1001e310 f   sfc_debugmsvc80:sfcdebug.obj
 0001:0001d340       _sf_debug_symbol_scope_add_eml 1001e340 f   sfc_debugmsvc80:sfcdebug.obj
 0001:0001d370       _sf_debug_symbol_scope_add_eml_dyn_importable 1001e370 f   sfc_debugmsvc80:sfcdebug.obj
 0001:0001d3c0       _sf_debug_symbol_scope_add_eml_dyn 1001e3c0 f   sfc_debugmsvc80:sfcdebug.obj
 0001:0001d410       _sf_debug_symbol_switch    1001e410 f   sfc_debugmsvc80:sfcdebug.obj
 0001:0001d430       _sf_debug_symbol_scope_add_verbose 1001e430 f   sfc_debugmsvc80:sfcdebug.obj
 0001:0001d4a0       _sf_debug_set_machine_data_value_ptr 1001e4a0 f   sfc_debugmsvc80:sfcdebug.obj
 0001:0001d4e0       _sf_debug_set_instance_data_value_ptr 1001e4e0 f   sfc_debugmsvc80:sfcdebug.obj
 0001:0001d540       _sf_debug_unset_instance_data_value_ptr 1001e540 f   sfc_debugmsvc80:sfcdebug.obj
 0001:0001d590       _sf_debug_set_chart_event_scope 1001e590 f   sfc_debugmsvc80:sfcdebug.obj
 0001:0001d610       _sf_debug_set_chart_transition_coverage_maps 1001e610 f   sfc_debugmsvc80:sfcdebug.obj
 0001:0001d6a0       _sf_debug_set_chart_state_coverage_maps 1001e6a0 f   sfc_debugmsvc80:sfcdebug.obj
 0001:0001d720       _sf_debug_set_instance_transition_coverage_weights 1001e720 f   sfc_debugmsvc80:sfcdebug.obj
 0001:0001d790       _sf_debug_set_instance_state_coverage_weights 1001e790 f   sfc_debugmsvc80:sfcdebug.obj
 0001:0001d990       _sf_debug_unload_machine   1001e990 f   sfc_debugmsvc80:sfcdebug.obj
 0001:0001d9e0       _sf_debug_load_machine     1001e9e0 f   sfc_debugmsvc80:sfcdebug.obj
 0001:0001da80       _sf_debug_set_active_instance_in_data_dictionary 1001ea80 f   sfc_debugmsvc80:sfcdebug.obj
 0001:0001dc00       _sf_debug_set_active_instance 1001ec00 f   sfc_debugmsvc80:sfcdebug.obj
 0001:0001dd00       _sf_debug_chart_visiblity_change 1001ed00 f   sfc_debugmsvc80:sfcdebug.obj
 0001:0001dda0       _sf_debug_select_chart     1001eda0 f   sfc_debugmsvc80:sfcdebug.obj
 0001:0001de90       _sf_debug_set_instance_cv_ids 1001ee90 f   sfc_debugmsvc80:sfcdebug.obj
 0001:0001e050       _sf_debug_select_charts    1001f050 f   sfc_debugmsvc80:sfcdebug.obj
 0001:0001e1a0       _sf_debug_initialized      1001f1a0 f   sfc_debugmsvc80:sfcdebug.obj
 0001:0001e1c0       _sf_debug_is_uninterruptible 1001f1c0 f   sfc_debugmsvc80:sfcdebug.obj
 0001:0001e200       _sf_debug_initialize_debugger_gui 1001f200 f   sfc_debugmsvc80:sfcdebug.obj
 0001:0001e590       _sf_debug_resume           1001f590 f   sfc_debugmsvc80:sfcdebug.obj
 0001:0001e5c0       _sf_debug_go               1001f5c0 f   sfc_debugmsvc80:sfcdebug.obj
 0001:0001e5e0       _sf_debug_break            1001f5e0 f   sfc_debugmsvc80:sfcdebug.obj
 0001:0001e600       _sf_debug_step_over        1001f600 f   sfc_debugmsvc80:sfcdebug.obj
 0001:0001e620       _sf_debug_step_out         1001f620 f   sfc_debugmsvc80:sfcdebug.obj
 0001:0001e640       _sf_debug_set_disable_all_breakpoints 1001f640 f   sfc_debugmsvc80:sfcdebug.obj
 0001:0001e660       _sf_debug_disable_all_breakpoints_and_go 1001f660 f   sfc_debugmsvc80:sfcdebug.obj
 0001:0001e680       _sf_debug_break_on_chart_entry 1001f680 f   sfc_debugmsvc80:sfcdebug.obj
 0001:0001e6a0       _sf_debug_break_on_event_broadcast 1001f6a0 f   sfc_debugmsvc80:sfcdebug.obj
 0001:0001e6c0       _sf_debug_break_on_state_entry 1001f6c0 f   sfc_debugmsvc80:sfcdebug.obj
 0001:0001e6e0       _sf_debug_break_between_times 1001f6e0 f   sfc_debugmsvc80:sfcdebug.obj
 0001:0001e710       _sf_debug_browse_data      1001f710 f   sfc_debugmsvc80:sfcdebug.obj
 0001:0001e720       _sf_debug_watch_data       1001f720 f   sfc_debugmsvc80:sfcdebug.obj
 0001:0001e750       _sf_debug_assign_data      1001f750 f   sfc_debugmsvc80:sfcdebug.obj
 0001:0001e760       _sf_debug_whos             1001f760 f   sfc_debugmsvc80:sfcdebug.obj
 0001:0001e780       _sf_debug_get_consistency_info 1001f780 f   sfc_debugmsvc80:sfcdebug.obj
 0001:0001e790       _sf_debug_browse_trace     1001f790 f   sfc_debugmsvc80:sfcdebug.obj
 0001:0001e7a0       _sf_debug_set_breakpoints  1001f7a0 f   sfc_debugmsvc80:sfcdebug.obj
 0001:0001e860       _sf_debug_set_eml_breakpoints 1001f860 f   sfc_debugmsvc80:sfcdebug.obj
 0001:0001e970       _sf_debug_set_script_breakpoints 1001f970 f   sfc_debugmsvc80:sfcdebug.obj
 0001:0001e9f0       _sf_debug_add_script_breakpoints 1001f9f0 f   sfc_debugmsvc80:sfcdebug.obj
 0001:0001ea60       _sf_debug_clear_script_breakpoints 1001fa60 f   sfc_debugmsvc80:sfcdebug.obj
 0001:0001ead0       _sf_debug_query_script_breakpoints 1001fad0 f   sfc_debugmsvc80:sfcdebug.obj
 0001:0001eb60       _sf_debug_get_eml_script_id 1001fb60 f   sfc_debugmsvc80:sfcdebug.obj
 0001:0001ebb0       _sf_debug_set_watch        1001fbb0 f   sfc_debugmsvc80:sfcdebug.obj
 0001:0001ed40       _sf_debug_get_instance_handle 1001fd40 f   sfc_debugmsvc80:sfcdebug.obj
 0001:0001edc0       _sf_debug_get_active_states 1001fdc0 f   sfc_debugmsvc80:sfcdebug.obj
 0001:0001ede0       _sf_debug_set_honor_breakpoints 1001fde0 f   sfc_debugmsvc80:sfcdebug.obj
 0001:0001ee00       _sf_debug_get_animation    1001fe00 f   sfc_debugmsvc80:sfcdebug.obj
 0001:0001ee10       _sf_debug_set_animation    1001fe10 f   sfc_debugmsvc80:sfcdebug.obj
 0001:0001ee30       _sf_debug_animate          1001fe30 f   sfc_debugmsvc80:sfcdebug.obj
 0001:0001ee60       _sf_debug_cycle_detection_check 1001fe60 f   sfc_debugmsvc80:sfcdebug.obj
 0001:0001ee80       _sf_debug_data_range_check 1001fe80 f   sfc_debugmsvc80:sfcdebug.obj
 0001:0001eea0       _sf_debug_transition_conflict_check 1001fea0 f   sfc_debugmsvc80:sfcdebug.obj
 0001:0001eec0       _sf_debug_state_consistency_check 1001fec0 f   sfc_debugmsvc80:sfcdebug.obj
 0001:0001eee0       _sf_debug_data_range_check_enabled 1001fee0 f   sfc_debugmsvc80:sfcdebug.obj
 0001:0001ef00       _sf_debug_transition_conflict_check_enabled 1001ff00 f   sfc_debugmsvc80:sfcdebug.obj
 0001:0001ef20       _sf_debug_transition_conflict_check_begin 1001ff20 f   sfc_debugmsvc80:sfcdebug.obj
 0001:0001ef40       _sf_debug_transition_conflict_check_end 1001ff40 f   sfc_debugmsvc80:sfcdebug.obj
 0001:0001ef60       _sf_debug_stop_debugging   1001ff60 f   sfc_debugmsvc80:sfcdebug.obj
 0001:0001ef90       _sf_debug_is_cycle_detected 1001ff90 f   sfc_debugmsvc80:sfcdebug.obj
 0001:0001efa0       _sf_debug_is_array_bounds_detected 1001ffa0 f   sfc_debugmsvc80:sfcdebug.obj
 0001:0001efb0       _sf_debug_get_state_vectors_data_size 1001ffb0 f   sfc_debugmsvc80:sfcdebug.obj
 0001:0001f000       _sf_debug_get_state_vectors_data 10020000 f   sfc_debugmsvc80:sfcdebug.obj
 0001:0001f0d0       _sf_debug_set_state_vectors_data 100200d0 f   sfc_debugmsvc80:sfcdebug.obj
 0001:0001f300       _sf_debug_get_script_index 10020300 f   sfc_debugmsvc80:sfcdebug.obj
 0001:0001f430       _sf_debug_add_script       10020430 f   sfc_debugmsvc80:sfcdebug.obj
 0001:0001f580       _cv_eval_point             10020580 f   sfc_debugmsvc80:sfcdebug.obj
 0001:0001f650       _cv_eval_testobjective     10020650 f   sfc_debugmsvc80:sfcdebug.obj
 0001:0001f710       _sf_debug_cv_init_state    10020710 f   sfc_debugmsvc80:sfcdebug.obj
 0001:0001f7b0       _sf_debug_cv_init_chart    100207b0 f   sfc_debugmsvc80:sfcdebug.obj
 0001:0001f830       _sf_debug_cv_init_trans    10020830 f   sfc_debugmsvc80:sfcdebug.obj
 0001:0001f8c0       _sf_debug_cv_init_saturation 100208c0 f   sfc_debugmsvc80:sfcdebug.obj
 0001:0001f960       _sf_debug_cv_init_testobjectives 10020960 f   sfc_debugmsvc80:sfcdebug.obj
 0001:0001faa0       _cv_eml_init_script        10020aa0 f   sfc_debugmsvc80:sfcdebug.obj
 0001:0001fb30       _cv_eml_init_fcn           10020b30 f   sfc_debugmsvc80:sfcdebug.obj
 0001:0001fb90       _cv_eml_init_testobjective 10020b90 f   sfc_debugmsvc80:sfcdebug.obj
 0001:0001fc10       _cv_eml_init_saturation    10020c10 f   sfc_debugmsvc80:sfcdebug.obj
 0001:0001fc90       _cv_eml_init_if            10020c90 f   sfc_debugmsvc80:sfcdebug.obj
 0001:0001fd10       _cv_eml_init_for           10020d10 f   sfc_debugmsvc80:sfcdebug.obj
 0001:0001fd90       _cv_eml_init_while         10020d90 f   sfc_debugmsvc80:sfcdebug.obj
 0001:0001fe10       _cv_eml_init_mcdc          10020e10 f   sfc_debugmsvc80:sfcdebug.obj
 0001:0001fea0       _cv_eml_init_switch        10020ea0 f   sfc_debugmsvc80:sfcdebug.obj
 0001:0001ff30       _cv_eml_eval               10020f30 f   sfc_debugmsvc80:sfcdebug.obj
 0001:0001ffc0       _sf_debug_bm_is_a_eml_breakpoint 10020fc0 f   sfc_debugmsvc80:sfcdebug.obj
 0001:000200f0       _sf_debug_temporal_threshold 100210f0 f   sfc_debugmsvc80:sfcdebug.obj
 0001:000203e0       _sf_debug_transition_conflict_error 100213e0 f   sfc_debugmsvc80:sfcdebug.obj
 0001:00020680       _sf_debug_state_inconsistency_error 10021680 f   sfc_debugmsvc80:sfcdebug.obj
 0001:00020780       _sf_debug_check_for_state_inconsistency 10021780 f   sfc_debugmsvc80:sfcdebug.obj
 0001:000207c0       _sf_debug_cycle_detecton_error 100217c0 f   sfc_debugmsvc80:sfcdebug.obj
 0001:00020e00       _sf_debug_size_eq_check_1d 10021e00 f   sfc_debugmsvc80:sfcdebug.obj
 0001:00020e30       _sf_debug_size_eq_check_nd 10021e30 f   sfc_debugmsvc80:sfcdebug.obj
 0001:00020f10       _sf_debug_dim_size_eq_check 10021f10 f   sfc_debugmsvc80:sfcdebug.obj
 0001:00020f40       _sf_debug_dim_size_geq_check 10021f40 f   sfc_debugmsvc80:sfcdebug.obj
 0001:00020f70       _sf_debug_sub_assign_size_check_nd 10021f70 f   sfc_debugmsvc80:sfcdebug.obj
 0001:000210b0       _sf_debug_matrix_matrix_index_check 100220b0 f   sfc_debugmsvc80:sfcdebug.obj
 0001:000210f0       _sf_debug_vector_vector_index_check 100220f0 f   sfc_debugmsvc80:sfcdebug.obj
 0001:00021130       _sf_debug_for_loop_vector_check 10022130 f   sfc_debugmsvc80:sfcdebug.obj
 0001:00021190       _sf_debug_runtime_error_msgid 10022190 f   sfc_debugmsvc80:sfcdebug.obj
 0001:00021220       _sf_debug_data_array_bounds_error_check 10022220 f   sfc_debugmsvc80:sfcdebug.obj
 0001:00021290       _sf_debug_eml_data_array_bounds_error_check 10022290 f   sfc_debugmsvc80:sfcdebug.obj
 0001:00021590       _sf_debug_integer_check    10022590 f   sfc_debugmsvc80:sfcdebug.obj
 0001:00021610       _sf_debug_not_nan_check    10022610 f   sfc_debugmsvc80:sfcdebug.obj
 0001:00021670       _sf_debug_non_negative_check 10022670 f   sfc_debugmsvc80:sfcdebug.obj
 0001:000216d0       _sf_debug_overflow_detection 100226d0 f   sfc_debugmsvc80:sfcdebug.obj
 0001:00021c10       _sf_debug_cast_to_real32_T 10022c10 f   sfc_debugmsvc80:sfcdebug.obj
 0001:00021c80       _sf_debug_cast_to_int8_T   10022c80 f   sfc_debugmsvc80:sfcdebug.obj
 0001:00021d00       _sf_debug_cast_to_uint8_T  10022d00 f   sfc_debugmsvc80:sfcdebug.obj
 0001:00021d90       _sf_debug_cast_to_int16_T  10022d90 f   sfc_debugmsvc80:sfcdebug.obj
 0001:00021e10       _sf_debug_cast_to_uint16_T 10022e10 f   sfc_debugmsvc80:sfcdebug.obj
 0001:00021eb0       _sf_debug_cast_to_int32_T  10022eb0 f   sfc_debugmsvc80:sfcdebug.obj
 0001:00021f20       _sf_debug_cast_to_uint32_T 10022f20 f   sfc_debugmsvc80:sfcdebug.obj
 0001:00021fc0       _sf_debug_data_range_error 10022fc0 f   sfc_debugmsvc80:sfcdebug.obj
 0001:00022240       _sf_debug_read_before_write_check 10023240 f   sfc_debugmsvc80:sfcdebug.obj
 0001:000225a0       _sf_debug_data_range_error_wrapper_min_max 100235a0 f   sfc_debugmsvc80:sfcdebug.obj
 0001:00022620       _sf_debug_data_range_error_wrapper_min 10023620 f   sfc_debugmsvc80:sfcdebug.obj
 0001:00022690       _sf_debug_data_range_error_wrapper_max 10023690 f   sfc_debugmsvc80:sfcdebug.obj
 0001:00022700       _sf_debug_data_range_wrapper 10023700 f   sfc_debugmsvc80:sfcdebug.obj
 0001:00022750       _sf_debug_set_current_status_info 10023750 f   sfc_debugmsvc80:sfcdebug.obj
 0001:00022ab0       _sf_debug_register_message_post_receive_info 10023ab0 f   sfc_debugmsvc80:sfcdebug.obj
 0001:00022c70       _sf_debug_call             10023c70 f   sfc_debugmsvc80:sfcdebug.obj
 0001:00023470       _sf_debug_initialize_machine 10024470 f   sfc_debugmsvc80:sfcdebug.obj
 0001:000236f0       _sf_debug_initialize_chart 100246f0 f   sfc_debugmsvc80:sfcdebug.obj
 0001:000239f0       _sf_debug_ensure_script    100249f0 f   sfc_debugmsvc80:sfcdebug.obj
 0001:00023a90       _cv_eval_saturation        10024a90 f   sfc_debugmsvc80:sfcdebug.obj
 0001:00023b70       _cv_saturation_accum       10024b70 f   sfc_debugmsvc80:sfcdebug.obj
 0001:00023c30       _cv_script_init_script     10024c30 f   sfc_debugmsvc80:sfcdebug.obj
 0001:00023ca0       _cv_script_init_fcn        10024ca0 f   sfc_debugmsvc80:sfcdebug.obj
 0001:00023d00       _cv_script_init_testobjective 10024d00 f   sfc_debugmsvc80:sfcdebug.obj
 0001:00023d60       _cv_script_init_saturation 10024d60 f   sfc_debugmsvc80:sfcdebug.obj
 0001:00023dc0       _cv_script_init_if         10024dc0 f   sfc_debugmsvc80:sfcdebug.obj
 0001:00023e20       _cv_script_init_for        10024e20 f   sfc_debugmsvc80:sfcdebug.obj
 0001:00023e80       _cv_script_init_while      10024e80 f   sfc_debugmsvc80:sfcdebug.obj
 0001:00023ee0       _cv_script_init_mcdc       10024ee0 f   sfc_debugmsvc80:sfcdebug.obj
 0001:00023f50       _cv_script_init_switch     10024f50 f   sfc_debugmsvc80:sfcdebug.obj
 0001:00023fc0       _cv_script_eval            10024fc0 f   sfc_debugmsvc80:sfcdebug.obj
 0001:00024030       _eml_debug_line_call       10025030 f   sfc_debugmsvc80:sfcdebug.obj
 0001:00024120       _sf_debug_terminate        10025120 f   sfc_debugmsvc80:sfcdebug.obj
 0001:00024260       _sf_debug_set_script_cv_ids 10025260 f   sfc_debugmsvc80:sfcdebug.obj
 0001:00024360       _sf_debug_api              10025360 f   sfc_debugmsvc80:sfc_api.obj
 0001:00025de0       _sf_debug_sm_terminate     10026de0 f   sfc_debugmsvc80:sfdb_animation.obj
 0001:00025f40       _sf_debug_reset_path_objects 10026f40 f   sfc_debugmsvc80:sfdb_animation.obj
 0001:00025fb0       _sf_debug_sm_reset_object_selection_status 10026fb0 f   sfc_debugmsvc80:sfdb_animation.obj
 0001:00026050       _sf_debug_sm_reset_state_buffer 10027050 f   sfc_debugmsvc80:sfdb_animation.obj
 0001:00026110       _sf_debug_sm_store_state_buffer 10027110 f   sfc_debugmsvc80:sfdb_animation.obj
 0001:00026190       _sf_debug_sm_restore_state_buffer1 10027190 f   sfc_debugmsvc80:sfdb_animation.obj
 0001:000261f0       _sf_debug_sm_restore_state_buffer2 100271f0 f   sfc_debugmsvc80:sfdb_animation.obj
 0001:00026250       _sf_debug_sm_chart_active  10027250 f   sfc_debugmsvc80:sfdb_animation.obj
 0001:000262a0       _sf_debug_sm_select_active_objects 100272a0 f   sfc_debugmsvc80:sfdb_animation.obj
 0001:00026660       _sf_debug_sm_is_chart_active 10027660 f   sfc_debugmsvc80:sfdb_animation.obj
 0001:000266a0       _sf_debug_sm_is_state_active 100276a0 f   sfc_debugmsvc80:sfdb_animation.obj
 0001:00026850       _sf_debug_sm_get_active_states 10027850 f   sfc_debugmsvc80:sfdb_animation.obj
 0001:00026c80       _sf_debug_sm_initialize_instance 10027c80 f   sfc_debugmsvc80:sfdb_animation.obj
 0001:00026e90       _sf_debug_sm_change_object_selection_status 10027e90 f   sfc_debugmsvc80:sfdb_animation.obj
 0001:00027080       _cv_create_interface       10028080 f   sfc_debugmsvc80:cv_sfinterface.obj
 0001:00027370       _cv_init_trans             10028370 f   sfc_debugmsvc80:cv_sfinterface.obj
 0001:000273c0       _cv_init_saturation        100283c0 f   sfc_debugmsvc80:cv_sfinterface.obj
 0001:00027410       _cv_init_testobjective     10028410 f   sfc_debugmsvc80:cv_sfinterface.obj
 0001:00027460       _cv_init_state             10028460 f   sfc_debugmsvc80:cv_sfinterface.obj
 0001:000274c0       _cv_init_chart             100284c0 f   sfc_debugmsvc80:cv_sfinterface.obj
 0001:00027510       _cv_dec_update_call        10028510 f   sfc_debugmsvc80:cv_sfinterface.obj
 0001:00027550       _cv_cond_update_call       10028550 f   sfc_debugmsvc80:cv_sfinterface.obj
 0001:00027590       _cv_saturation_update_call 10028590 f   sfc_debugmsvc80:cv_sfinterface.obj
 0001:000275d0       _cv_saturation_update_accum 100285d0 f   sfc_debugmsvc80:cv_sfinterface.obj
 0001:00027610       _cv_testobjective_update_call 10028610 f   sfc_debugmsvc80:cv_sfinterface.obj
 0001:00027650       _cv_sigrange_update        10028650 f   sfc_debugmsvc80:cv_sfinterface.obj
 0001:000276a0       _cvsf_eml_eval             100286a0 f   sfc_debugmsvc80:cv_sfinterface.obj
 0001:00027780       _cvsf_eml_init_script      10028780 f   sfc_debugmsvc80:cv_sfinterface.obj
 0001:000277f0       _cvsf_eml_init_fcn         100287f0 f   sfc_debugmsvc80:cv_sfinterface.obj
 0001:00027850       _cvsf_eml_init_testobjective 10028850 f   sfc_debugmsvc80:cv_sfinterface.obj
 0001:000278b0       _cvsf_eml_init_saturation  100288b0 f   sfc_debugmsvc80:cv_sfinterface.obj
 0001:00027910       _cvsf_eml_init_if          10028910 f   sfc_debugmsvc80:cv_sfinterface.obj
 0001:00027970       _cvsf_eml_init_for         10028970 f   sfc_debugmsvc80:cv_sfinterface.obj
 0001:000279d0       _cvsf_eml_init_while       100289d0 f   sfc_debugmsvc80:cv_sfinterface.obj
 0001:00027a30       _cvsf_eml_init_mcdc        10028a30 f   sfc_debugmsvc80:cv_sfinterface.obj
 0001:00027aa0       _cvsf_eml_init_switch      10028aa0 f   sfc_debugmsvc80:cv_sfinterface.obj
 0001:00027b00       _cvsf_script_eval          10028b00 f   sfc_debugmsvc80:cv_sfinterface.obj
 0001:00027be0       _cvsf_script_init_script   10028be0 f   sfc_debugmsvc80:cv_sfinterface.obj
 0001:00027c50       _cvsf_script_init_fcn      10028c50 f   sfc_debugmsvc80:cv_sfinterface.obj
 0001:00027cb0       _cvsf_script_init_testobjective 10028cb0 f   sfc_debugmsvc80:cv_sfinterface.obj
 0001:00027d10       _cvsf_script_init_saturation 10028d10 f   sfc_debugmsvc80:cv_sfinterface.obj
 0001:00027d70       _cvsf_script_init_if       10028d70 f   sfc_debugmsvc80:cv_sfinterface.obj
 0001:00027dd0       _cvsf_script_init_for      10028dd0 f   sfc_debugmsvc80:cv_sfinterface.obj
 0001:00027e20       _cvsf_script_init_while    10028e20 f   sfc_debugmsvc80:cv_sfinterface.obj
 0001:00027e70       _cvsf_script_init_mcdc     10028e70 f   sfc_debugmsvc80:cv_sfinterface.obj
 0001:00027ee0       _cvsf_script_init_switch   10028ee0 f   sfc_debugmsvc80:cv_sfinterface.obj
 0001:00027f40       _cv_destroy_interface      10028f40 f   sfc_debugmsvc80:cv_sfinterface.obj
 0001:00027f60       _cv_create_instance_objects 10028f60 f   sfc_debugmsvc80:cv_sfinterface.obj
 0001:00028290       _cv_is_enabled             10029290 f   sfc_debugmsvc80:cv_sfinterface.obj
 0001:000282a0       _sf_debug_cv_initialize_script 100292a0 f   sfc_debugmsvc80:cv_sfinterface.obj
 0001:00028420       _sf_debug_cv_initialize_instance 10029420 f   sfc_debugmsvc80:cv_sfinterface.obj
 0001:00028710       _sf_debug_cv_terminate_chart 10029710 f   sfc_debugmsvc80:cv_sfinterface.obj
 0001:00028810       _cv_call_trans_test        10029810 f   sfc_debugmsvc80:cv_sfinterface.obj
 0001:00028820       _cv_call_sub_cond_test     10029820 f   sfc_debugmsvc80:cv_sfinterface.obj
 0001:00028860       _sf_debug_st_initialize_machine 10029860 f   sfc_debugmsvc80:sfdb_data_browse.obj
 0001:00028910       _sf_debug_st_initialize_instance 10029910 f   sfc_debugmsvc80:sfdb_data_browse.obj
 0001:00028ac0       _sf_debug_st_terminate     10029ac0 f   sfc_debugmsvc80:sfdb_data_browse.obj
 0001:00028c20       _sf_debug_st_set_data_value_ptr_in_machine 10029c20 f   sfc_debugmsvc80:sfdb_data_browse.obj
 0001:00028c90       _sf_debug_st_set_data_value_ptr_in_instance 10029c90 f   sfc_debugmsvc80:sfdb_data_browse.obj
 0001:00028d40       _sf_debug_st_unset_data_value_ptr_in_machine 10029d40 f   sfc_debugmsvc80:sfdb_data_browse.obj
 0001:00028da0       _sf_debug_st_unset_data_value_ptr_in_instance 10029da0 f   sfc_debugmsvc80:sfdb_data_browse.obj
 0001:000290b0       _sf_debug_mx_value         1002a0b0 f   sfc_debugmsvc80:sfdb_data_browse.obj
 0001:00029100       _sf_debug_mx_packed_vector 1002a100 f   sfc_debugmsvc80:sfdb_data_browse.obj
 0001:000291a0       _sf_debug_mx_uint_vector   1002a1a0 f   sfc_debugmsvc80:sfdb_data_browse.obj
 0001:00029220       _sf_debug_st_get_double_value_from_void_ptr_vector 1002a220 f   sfc_debugmsvc80:sfdb_data_browse.obj
 0001:00029a20       _sf_debug_st_browse_data   1002aa20 f   sfc_debugmsvc80:sfdb_data_browse.obj
 0001:0002a100       _sf_debug_hm_initialize_instance 1002b100 f   sfc_debugmsvc80:sfdb_handle_management.obj
 0001:0002a5a0       _sf_debug_hm_get_object_id 1002b5a0 f   sfc_debugmsvc80:sfdb_handle_management.obj
 0001:0002afc0       _sf_debug_hm_update_chart_visibility 1002bfc0 f   sfc_debugmsvc80:sfdb_handle_management.obj
 0001:0002bfc0       _sf_debug_object_is_eml_function 1002cfc0 f   sfc_debugmsvc80:sfdb_handle_management.obj
 0001:0002c020       _sf_debug_hm_initialize_ids_in_machine 1002d020 f   sfc_debugmsvc80:sfdb_handle_management.obj
 0001:0002c170       _sf_debug_hm_initialize_ids_in_chart 1002d170 f   sfc_debugmsvc80:sfdb_handle_management.obj
 0001:0002c260       _sf_debug_hm_initialize_chart 1002d260 f   sfc_debugmsvc80:sfdb_handle_management.obj
 0001:0002c920       _sf_debug_hm_terminate     1002d920 f   sfc_debugmsvc80:sfdb_handle_management.obj
 0001:0002c980       _sf_debug_hm_initialize_machine 1002d980 f   sfc_debugmsvc80:sfdb_handle_management.obj
 0001:0002d050       _sf_debug_ss_initialize    1002e050 f   sfc_debugmsvc80:sfdb_symbol_scope.obj
 0001:0002d070       _sf_debug_ss_terminate     1002e070 f   sfc_debugmsvc80:sfdb_symbol_scope.obj
 0001:0002d0f0       _sf_debug_ss_push_symbol_scope 1002e0f0 f   sfc_debugmsvc80:sfdb_symbol_scope.obj
 0001:0002d1b0       _sf_debug_ss_push_symbol_scope_eml 1002e1b0 f   sfc_debugmsvc80:sfdb_symbol_scope.obj
 0001:0002d200       _sf_debug_ss_pop_symbol_scope 1002e200 f   sfc_debugmsvc80:sfdb_symbol_scope.obj
 0001:0002d2a0       _sf_debug_ss_add_symbol    1002e2a0 f   sfc_debugmsvc80:sfdb_symbol_scope.obj
 0001:0002d390       _sf_debug_ss_add_symbol_eml 1002e390 f   sfc_debugmsvc80:sfdb_symbol_scope.obj
 0001:0002dca0       _sf_debug_ss_set_data_value 1002eca0 f   sfc_debugmsvc80:sfdb_symbol_scope.obj
 0001:0002dff0       _getInstanceNumber         1002eff0 f   sfc_debugmsvc80:sfdb_symbol_scope.obj
 0001:0002e0c0       _sf_debug_ss_watch_data    1002f0c0 f   sfc_debugmsvc80:sfdb_symbol_scope.obj
 0001:0002e1b0       _sf_debug_ss_assign_data   1002f1b0 f   sfc_debugmsvc80:sfdb_symbol_scope.obj
 0001:0002ea50       _get_data_entry_name       1002fa50 f   sfc_debugmsvc80:sfdb_symbol_scope.obj
 0001:0002eaa0       _sf_debug_ss_whos          1002faa0 f   sfc_debugmsvc80:sfdb_symbol_scope.obj
 0001:0002ef50       _sf_debug_cc_initialize_chart 1002ff50 f   sfc_debugmsvc80:sfdb_coverage.obj
 0001:0002f8b0       _sf_debug_cc_initialize_instance 100308b0 f   sfc_debugmsvc80:sfdb_coverage.obj
 0001:000304e0       _sf_debug_cc_terminate     100314e0 f   sfc_debugmsvc80:sfdb_coverage.obj
 0001:000305b0       _sf_debug_cc_set_transition_maps 100315b0 f   sfc_debugmsvc80:sfdb_coverage.obj
 0001:000306b0       _sf_debug_cc_set_state_maps 100316b0 f   sfc_debugmsvc80:sfdb_coverage.obj
 0001:00030780       _sf_debug_cc_set_transition_weights 10031780 f   sfc_debugmsvc80:sfdb_coverage.obj
 0001:000309b0       _sf_debug_cc_set_state_weights 100319b0 f   sfc_debugmsvc80:sfdb_coverage.obj
 0001:00030be0       _sf_debug_cc_mark_transition_guard 10031be0 f   sfc_debugmsvc80:sfdb_coverage.obj
 0001:00030c60       _sf_debug_cc_mark_transition_trigger 10031c60 f   sfc_debugmsvc80:sfdb_coverage.obj
 0001:00030ce0       _sf_debug_cc_mark_transition_decision 10031ce0 f   sfc_debugmsvc80:sfdb_coverage.obj
 0001:00030d40       _sf_debug_cc_mark_transition_condition_action 10031d40 f   sfc_debugmsvc80:sfdb_coverage.obj
 0001:00030d90       _sf_debug_cc_mark_transition_transition_action 10031d90 f   sfc_debugmsvc80:sfdb_coverage.obj
 0001:00030de0       _sf_debug_cc_mark_state_entry 10031de0 f   sfc_debugmsvc80:sfdb_coverage.obj
 0001:00030e30       _sf_debug_cc_mark_state_during 10031e30 f   sfc_debugmsvc80:sfdb_coverage.obj
 0001:00030e80       _sf_debug_cc_mark_state_exit 10031e80 f   sfc_debugmsvc80:sfdb_coverage.obj
 0001:00030ed0       _sf_debug_bm_clear_script_breakpoints 10031ed0 f   sfc_debugmsvc80:sfdb_breakpoints.obj
 0001:00030f10       _sf_debug_bm_set_script_breakpoint 10031f10 f   sfc_debugmsvc80:sfdb_breakpoints.obj
 0001:00030f80       _sf_debug_bm_clear_single_script_breakpoint 10031f80 f   sfc_debugmsvc80:sfdb_breakpoints.obj
 0001:00030ff0       _sf_debug_bm_query_script_breakpoint 10031ff0 f   sfc_debugmsvc80:sfdb_breakpoints.obj
 0001:00031040       _sf_debug_bm_initialize_scripts 10032040 f   sfc_debugmsvc80:sfdb_breakpoints.obj
 0001:000315e0       _sf_debug_bm_terminate     100325e0 f   sfc_debugmsvc80:sfdb_breakpoints.obj
 0001:00031890       _sf_debug_bm_remove_all_breakpoints_in_machine 10032890 f   sfc_debugmsvc80:sfdb_breakpoints.obj
 0001:000318e0       _sf_debug_bm_remove_all_breakpoints_in_chart 100328e0 f   sfc_debugmsvc80:sfdb_breakpoints.obj
 0001:00031a10       _sf_debug_bm_initialize_global_breakpoints 10032a10 f   sfc_debugmsvc80:sfdb_breakpoints.obj
 0001:00031bc0       _sf_debug_bm_set_breakpoint 10032bc0 f   sfc_debugmsvc80:sfdb_breakpoints.obj
 0001:00032120       _sf_debug_bm_set_eml_breakpoint 10033120 f   sfc_debugmsvc80:sfdb_breakpoints.obj
 0001:000321a0       _sf_debug_bm_initialize_machine_breakpoint_map 100331a0 f   sfc_debugmsvc80:sfdb_breakpoints.obj
 0001:00032540       _sf_debug_bm_is_a_breakpoint 10033540 f   sfc_debugmsvc80:sfdb_breakpoints.obj
 0001:00032a20       _sf_debug_bm_get_all_breakpoints_in_machine 10033a20 f   sfc_debugmsvc80:sfdb_breakpoints.obj
 0001:00032cc0       _sf_debug_bm_get_all_breakpoints_in_chart 10033cc0 f   sfc_debugmsvc80:sfdb_breakpoints.obj
 0001:000336f0       _sf_debug_bm_initialize_machine 100346f0 f   sfc_debugmsvc80:sfdb_breakpoints.obj
 0001:00033790       _sf_debug_bm_initialize_chart 10034790 f   sfc_debugmsvc80:sfdb_breakpoints.obj
 0001:00033b10       _sf_debug_sc_terminate     10034b10 f   sfc_debugmsvc80:sfdb_state_consistency.obj
 0001:00033d90       _sf_debug_sc_is_chart_consistent 10034d90 f   sfc_debugmsvc80:sfdb_state_consistency.obj
 0001:00033f70       _sf_debug_sc_get_consistency_error_info 10034f70 f   sfc_debugmsvc80:sfdb_state_consistency.obj
 0001:000342e0       _sf_debug_tm_terminate     100352e0 f   sfc_debugmsvc80:sfdb_call_stack.obj
 0001:00034380       _sf_debug_tm_push_chart_instance 10035380 f   sfc_debugmsvc80:sfdb_call_stack.obj
 0001:000344a0       _sf_debug_tm_pop_chart_instance 100354a0 f   sfc_debugmsvc80:sfdb_call_stack.obj
 0001:00034500       _sf_debug_tm_push_trace_node 10035500 f   sfc_debugmsvc80:sfdb_call_stack.obj
 0001:00034610       _sf_debug_tm_pop_trace_node 10035610 f   sfc_debugmsvc80:sfdb_call_stack.obj
 0001:00034690       _sf_debug_tm_get_current_global_trace_index 10035690 f   sfc_debugmsvc80:sfdb_call_stack.obj
 0001:000346b0       _sf_debug_tm_get_current_local_trace_index 100356b0 f   sfc_debugmsvc80:sfdb_call_stack.obj
 0001:000346e0       _sf_debug_tm_set_cycle_detected_flag 100356e0 f   sfc_debugmsvc80:sfdb_call_stack.obj
 0001:00034730       _sf_debug_tm_set_cycle_started_flag 10035730 f   sfc_debugmsvc80:sfdb_call_stack.obj
 0001:00034780       _sf_debug_tm_get_chart_number_from_stack 10035780 f   sfc_debugmsvc80:sfdb_call_stack.obj
 0001:00034920       _sf_debug_tm_browse_trace  10035920 f   sfc_debugmsvc80:sfdb_call_stack.obj
 0001:00034b90       _sf_debug_cd_initialize_instance 10035b90 f   sfc_debugmsvc80:sfdb_cycle_detection.obj
 0001:00034dc0       _sf_debug_cd_mark_processed_transition_in_instance 10035dc0 f   sfc_debugmsvc80:sfdb_cycle_detection.obj
 0001:00034e40       _sf_debug_cd_checksum_push 10035e40 f   sfc_debugmsvc80:sfdb_cycle_detection.obj
 0001:00035140       _sf_debug_cd_checksum_pop  10036140 f   sfc_debugmsvc80:sfdb_cycle_detection.obj
 0001:000351a0       _sf_debug_cd_turn_off_cycle_detection 100361a0 f   sfc_debugmsvc80:sfdb_cycle_detection.obj
 0001:000351e0       _sf_debug_cd_terminate     100361e0 f   sfc_debugmsvc80:sfdb_cycle_detection.obj
 0001:000353b0       _md5_initialize_state      100363b0 f   sfc_debugmsvc80:ckmd5.obj
 0001:00035c40       _md5_update_state          10036c40 f   sfc_debugmsvc80:ckmd5.obj
 0001:00035c60       _md5_get_hash              10036c60 f   sfc_debugmsvc80:ckmd5.obj
 0001:00035c80       _md5_get_hash_for_a_single_string 10036c80 f   sfc_debugmsvc80:ckmd5.obj
 0001:00035cea       _mxGetPr                   10036cea f   libmx:libmx.dll
 0001:00035cf0       _mxCreateDoubleScalar      10036cf0 f   libmx:libmx.dll
 0001:00035cf6       _mxCreateDoubleMatrix_730  10036cf6 f   libmx:libmx.dll
 0001:00035cfc       _mxSetField_730            10036cfc f   libmx:libmx.dll
 0001:00035d02       _mxCreateString            10036d02 f   libmx:libmx.dll
 0001:00035d08       _mxCreateStructMatrix_730  10036d08 f   libmx:libmx.dll
 0001:00035d0e       _mxCreateCellMatrix_730    10036d0e f   libmx:libmx.dll
 0001:00035d14       _mxDestroyArray            10036d14 f   libmx:libmx.dll
 0001:00035d1a       _mxDuplicateArray          10036d1a f   libmx:libmx.dll
 0001:00035d20       _mxGetString_730           10036d20 f   libmx:libmx.dll
 0001:00035d26       _mxIsChar                  10036d26 f   libmx:libmx.dll
 0001:00035d2c       _mxGetClassID              10036d2c f   libmx:libmx.dll
 0001:00035d32       _mxIsNumeric               10036d32 f   libmx:libmx.dll
 0001:00035d38       _mxIsComplex               10036d38 f   libmx:libmx.dll
 0001:00035d3e       _mxGetN                    10036d3e f   libmx:libmx.dll
 0001:00035d44       _mxGetM                    10036d44 f   libmx:libmx.dll
 0001:00035d4a       _mxCalloc                  10036d4a f   libmx:libmx.dll
 0001:00035d50       _mxGetScalar               10036d50 f   libmx:libmx.dll
 0001:00035d56       _mxIsLogical               10036d56 f   libmx:libmx.dll
 0001:00035d5c       _mxCreateDoubleMatrix_700  10036d5c f   libmx:libmx.dll
 0001:00035d62       _mxFree                    10036d62 f   libmx:libmx.dll
 0001:00035d68       _mxArrayToString           10036d68 f   libmx:libmx.dll
 0001:00035d6e       _mxCreateCellMatrix_700    10036d6e f   libmx:libmx.dll
 0001:00035d74       _mxSetCell_700             10036d74 f   libmx:libmx.dll
 0001:00035d7a       _mxGetCell_700             10036d7a f   libmx:libmx.dll
 0001:00035d80       _mxGetClassName            10036d80 f   libmx:libmx.dll
 0001:00035d86       _mxSetField_700            10036d86 f   libmx:libmx.dll
 0001:00035d8c       _mxAddField                10036d8c f   libmx:libmx.dll
 0001:00035d92       _mxGetField_700            10036d92 f   libmx:libmx.dll
 0001:00035d98       _mxGetNumberOfElements     10036d98 f   libmx:libmx.dll
 0001:00035d9e       _mxIsStruct                10036d9e f   libmx:libmx.dll
 0001:00035da4       _mxIsA                     10036da4 f   libmx:libmx.dll
 0001:00035daa       _mxIsClass                 10036daa f   libmx:libmx.dll
 0001:00035db0       _mxGetLogicals             10036db0 f   libmx:libmx.dll
 0001:00035db6       _mxIsSparse                10036db6 f   libmx:libmx.dll
 0001:00035dbc       _mxSetFieldByNumber_700    10036dbc f   libmx:libmx.dll
 0001:00035dc2       _mxGetFieldByNumber_700    10036dc2 f   libmx:libmx.dll
 0001:00035dc8       _mxGetFieldNameByNumber    10036dc8 f   libmx:libmx.dll
 0001:00035dce       _mxGetNumberOfFields       10036dce f   libmx:libmx.dll
 0001:00035dd4       _mxCreateStructMatrix_700  10036dd4 f   libmx:libmx.dll
 0001:00035dda       _mxGetFieldNumber          10036dda f   libmx:libmx.dll
 0001:00035de0       _mxIsNaN                   10036de0 f   libmx:libmx.dll
 0001:00035de6       _mxIsEmpty                 10036de6 f   libmx:libmx.dll
 0001:00035dec       _mxGetData                 10036dec f   libmx:libmx.dll
 0001:00035df2       _mxGetImagData             10036df2 f   libmx:libmx.dll
 0001:00035df8       _mxArrayClassIDName        10036df8 f   libmx:libmx.dll
 0001:00035dfe       _mxCreateNumericMatrix_700 10036dfe f   libmx:libmx.dll
 0001:00035e04       _mxCreateStructArray_700   10036e04 f   libmx:libmx.dll
 0001:00035e0a       _mxCalcSingleSubscript_700 10036e0a f   libmx:libmx.dll
 0001:00035e10       _mxGetDimensions_700       10036e10 f   libmx:libmx.dll
 0001:00035e16       _mxGetNumberOfDimensions_700 10036e16 f   libmx:libmx.dll
 0001:00035e1c       _mxCreateNumericArray_700  10036e1c f   libmx:libmx.dll
 0001:00035e22       _mxGetElementSize          10036e22 f   libmx:libmx.dll
 0001:00035e28       _mxCreateStringFromNChars_700 10036e28 f   libmx:libmx.dll
 0001:00035e2e       _mxGetString_700           10036e2e f   libmx:libmx.dll
 0001:00035e34       _mxIsLogicalScalarTrue     10036e34 f   libmx:libmx.dll
 0001:00035e3a       _mxCreateLogicalScalar     10036e3a f   libmx:libmx.dll
 0001:00035e40       _mexUnlock                 10036e40 f   libmex:libmex.dll
 0001:00035e46       _mexIsLocked               10036e46 f   libmex:libmex.dll
 0001:00035e4c       _mexWarnMsgTxt             10036e4c f   libmex:libmex.dll
 0001:00035e52       _mexCallMATLAB             10036e52 f   libmex:libmex.dll
 0001:00035e58       _mexErrMsgTxt              10036e58 f   libmex:libmex.dll
 0001:00035e5e       _mexMakeArrayPersistent    10036e5e f   libmex:libmex.dll
 0001:00035e64       _mexSetTrapFlag            10036e64 f   libmex:libmex.dll
 0001:00035e6a       _mexPutVariable            10036e6a f   libmex:libmex.dll
 0001:00035e70       _mexGetVariable            10036e70 f   libmex:libmex.dll
 0001:00035e76       _mexLock                   10036e76 f   libmex:libmex.dll
 0001:00035e7c       _mexMakeMemoryPersistent   10036e7c f   libmex:libmex.dll
 0001:00035e82       _mexFunctionName           10036e82 f   libmex:libmex.dll
 0001:00035e88       _ssRegisterDataTypeFxpFSlopeFixExpBias 10036e88 f   libfixedpoint:libfixedpoint.dll
 0001:00035e8e       _ssRegisterDataTypeFxpScaledDouble 10036e8e f   libfixedpoint:libfixedpoint.dll
 0001:00035e94       _utMalloc                  10036e94 f   libut:libut.dll
 0001:00035e9a       _utFree                    10036e9a f   libut:libut.dll
 0001:00035ea0       _utVSNprintf               10036ea0 f   libut:libut.dll
 0001:00035ea6       _utCPUtime                 10036ea6 f   libut:libut.dll
 0001:00035eac       _utCalloc                  10036eac f   libut:libut.dll
 0001:00035eb2       _utRealloc                 10036eb2 f   libut:libut.dll
 0001:00035eb8       _emlrtCreateRootTLS        10036eb8 f   libemlrt:libemlrt.dll
 0001:00035ebe       _emlrtDestroyRootTLS       10036ebe f   libemlrt:libemlrt.dll
 0001:00035ec4       _emlrtCheckBuiltInR2012b   10036ec4 f   libemlrt:libemlrt.dll
 0001:00035eca       _emlrtCheckVsBuiltInR2012b 10036eca f   libemlrt:libemlrt.dll
 0001:00035ed0       _emlrtCheckEnumR2012b      10036ed0 f   libemlrt:libemlrt.dll
 0001:00035ed6       _emlrtCreateEnumR2012b     10036ed6 f   libemlrt:libemlrt.dll
 0001:00035edc       _emlrtGetEnumElementR2009a 10036edc f   libemlrt:libemlrt.dll
 0001:00035ee2       _emlrtCreateReference      10036ee2 f   libemlrt:libemlrt.dll
 0001:00035ee8       _emlrtImportVsFiArrayR2009b 10036ee8 f   libemlrt:libemlrt.dll
 0001:00035eee       _emlrtNameCapturePostProcessR2012a 10036eee f   libemlrt:libemlrt.dll
 0001:00035ef4       _emlrtExtractMessageId     10036ef4 f   libemlrt:libemlrt.dll
 0001:00035efa       _emlrtTranslateMessageIDtoLCPstring 10036efa f   libemlrt:libemlrt.dll
 0001:00035f00       _emlrtForLoopVectorIsValidR2011b 10036f00 f   libemlrt:libemlrt.dll
 0001:00035f06       _emlrtTranslateUTF16MessagetoLCPstring 10036f06 f   libemlrt:libemlrt.dll
 0001:00035f0c       _emlrtGetEnumUnderlyingArrayR2009a 10036f0c f   libemlrt:libemlrt.dll
 0001:00035f12       _emlrtIsEnumR2009a         10036f12 f   libemlrt:libemlrt.dll
 0001:00035f18       _strlen                    10036f18 f   MSVCRT:MSVCR100.dll
 0001:00035f1e       @__security_check_cookie@4 10036f1e f   MSVCRT:secchk.obj
 0001:00035f30       _memset                    10036f30 f   MSVCRT:MSVCR100.dll
 0001:00035f36       _strcmp                    10036f36 f   MSVCRT:MSVCR100.dll
 0001:00035f3c       _free                      10036f3c f   MSVCRT:MSVCR100.dll
 0001:00035f42       _sprintf                   10036f42 f   MSVCRT:MSVCR100.dll
 0001:00035f48       _malloc                    10036f48 f   MSVCRT:MSVCR100.dll
 0001:00035f4e       _strcat                    10036f4e f   MSVCRT:MSVCR100.dll
 0001:00035f60       __ftol2_sse                10036f60 f   MSVCRT:ftol2.obj
 0001:00035f69       __ftol2_pentium4           10036f69 f   MSVCRT:ftol2.obj
 0001:00035f7c       __ftol2_sse_excpt          10036f7c f   MSVCRT:ftol2.obj
 0001:00035f96       __ftol2                    10036f96 f   MSVCRT:ftol2.obj
 0001:0003600c       _memcpy                    1003700c f   MSVCRT:MSVCR100.dll
 0001:00036012       _NtCurrentTeb              10037012 f i MSVCRT:crtdll.obj
 0001:00036067       __CRT_INIT@12              10037067 f   MSVCRT:crtdll.obj
 0001:00036387       __DllMainCRTStartup@12     10037387 f   MSVCRT:crtdll.obj
 0001:000363aa       _strncpy                   100373aa f   MSVCRT:MSVCR100.dll
 0001:000363b0       __alloca_probe             100373b0     MSVCRT:chkstk.obj
 0001:000363b0       __chkstk                   100373b0 f   MSVCRT:chkstk.obj
 0001:000363dc       _longjmp                   100373dc f   MSVCRT:MSVCR100.dll
 0001:000363e2       _strncmp                   100373e2 f   MSVCRT:MSVCR100.dll
 0001:000363e8       _ceil                      100373e8 f   MSVCRT:MSVCR100.dll
 0001:000363ee       _strrchr                   100373ee f   MSVCRT:MSVCR100.dll
 0001:000363f4       __setjmp3                  100373f4 f   MSVCRT:MSVCR100.dll
 0001:000363fa       _ldexp                     100373fa f   MSVCRT:MSVCR100.dll
 0001:00036400       ___report_gsfailure        10037400 f   MSVCRT:gs_report.obj
 0001:00036506       ___sse2_available_init     10037506 f   MSVCRT:cpu_disp.obj
 0001:00036516       ___clean_type_info_names   10037516 f   MSVCRT:tncleanup.obj
 0001:00036522       __onexit                   10037522 f   MSVCRT:atonexit.obj
 0001:000365c3       _atexit                    100375c3 f   MSVCRT:atonexit.obj
 0001:000365da       __RTC_Initialize           100375da f   MSVCRT:_initsect_.obj
 0001:00036600       __RTC_Terminate            10037600 f   MSVCRT:_initsect_.obj
 0001:00036626       __malloc_crt               10037626 f   MSVCRT:MSVCR100.dll
 0001:0003662c       __encoded_null             1003762c f   MSVCRT:MSVCR100.dll
 0001:00036640       __ValidateImageBase        10037640 f   MSVCRT:pesect.obj
 0001:00036680       __FindPESection            10037680 f   MSVCRT:pesect.obj
 0001:000366d0       __IsNonwritableInCurrentImage 100376d0 f   MSVCRT:pesect.obj
 0001:0003678c       __initterm                 1003778c f   MSVCRT:MSVCR100.dll
 0001:00036792       __initterm_e               10037792 f   MSVCRT:MSVCR100.dll
 0001:00036798       __amsg_exit                10037798 f   MSVCRT:MSVCR100.dll
 0001:0003679e       ___CppXcptFilter           1003779e f   MSVCRT:MSVCR100.dll
 0001:000367a4       _DllMain@12                100377a4 f   MSVCRT:dllmain.obj
 0001:000367d0       __SEH_prolog4              100377d0 f   MSVCRT:sehprolg4.obj
 0001:00036815       __SEH_epilog4              10037815 f   MSVCRT:sehprolg4.obj
 0001:00036829       __except_handler4          10037829 f   MSVCRT:chandler4gs.obj
 0001:0003684e       ___security_init_cookie    1003784e f   MSVCRT:gs_support.obj
 0001:000368ea       __crt_debugger_hook        100378ea f   MSVCRT:MSVCR100.dll
 0001:000368f0       ___clean_type_info_names_internal 100378f0 f   MSVCRT:MSVCR100.dll
 0001:000368f6       __unlock                   100378f6 f   MSVCRT:MSVCR100.dll
 0001:000368fc       ___dllonexit               100378fc f   MSVCRT:MSVCR100.dll
 0001:00036902       __lock                     10037902 f   MSVCRT:MSVCR100.dll
 0001:00036908       __except_handler4_common   10037908 f   MSVCRT:MSVCR100.dll
 0001:0003690e       _EncodePointer@4           1003790e f   kernel32:KERNEL32.dll
 0001:00036914       _DecodePointer@4           10037914 f   kernel32:KERNEL32.dll
 0001:0003691a       _InterlockedExchange@8     1003791a f   kernel32:KERNEL32.dll
 0001:00036920       _Sleep@4                   10037920 f   kernel32:KERNEL32.dll
 0001:00036926       _InterlockedCompareExchange@12 10037926 f   kernel32:KERNEL32.dll
 0001:0003692c       _TerminateProcess@8        1003792c f   kernel32:KERNEL32.dll
 0001:00036932       _GetCurrentProcess@0       10037932 f   kernel32:KERNEL32.dll
 0001:00036938       _UnhandledExceptionFilter@4 10037938 f   kernel32:KERNEL32.dll
 0001:0003693e       _SetUnhandledExceptionFilter@4 1003793e f   kernel32:KERNEL32.dll
 0001:00036944       _IsDebuggerPresent@0       10037944 f   kernel32:KERNEL32.dll
 0001:0003694a       _IsProcessorFeaturePresent@4 1003794a f   kernel32:KERNEL32.dll
 0001:00036950       _DisableThreadLibraryCalls@4 10037950 f   kernel32:KERNEL32.dll
 0001:00036956       _QueryPerformanceCounter@4 10037956 f   kernel32:KERNEL32.dll
 0001:0003695c       _GetTickCount@0            1003795c f   kernel32:KERNEL32.dll
 0001:00036962       _GetCurrentThreadId@0      10037962 f   kernel32:KERNEL32.dll
 0001:00036968       _GetCurrentProcessId@0     10037968 f   kernel32:KERNEL32.dll
 0001:0003696e       _GetSystemTimeAsFileTime@4 1003796e f   kernel32:KERNEL32.dll
 0002:00000000       __imp__GetSystemTimeAsFileTime@4 10038000     kernel32:KERNEL32.dll
 0002:00000004       __imp__GetCurrentProcessId@0 10038004     kernel32:KERNEL32.dll
 0002:00000008       __imp__GetCurrentThreadId@0 10038008     kernel32:KERNEL32.dll
 0002:0000000c       __imp__GetTickCount@0      1003800c     kernel32:KERNEL32.dll
 0002:00000010       __imp__QueryPerformanceCounter@4 10038010     kernel32:KERNEL32.dll
 0002:00000014       __imp__DisableThreadLibraryCalls@4 10038014     kernel32:KERNEL32.dll
 0002:00000018       __imp__IsProcessorFeaturePresent@4 10038018     kernel32:KERNEL32.dll
 0002:0000001c       __imp__IsDebuggerPresent@0 1003801c     kernel32:KERNEL32.dll
 0002:00000020       __imp__SetUnhandledExceptionFilter@4 10038020     kernel32:KERNEL32.dll
 0002:00000024       __imp__UnhandledExceptionFilter@4 10038024     kernel32:KERNEL32.dll
 0002:00000028       __imp__GetCurrentProcess@0 10038028     kernel32:KERNEL32.dll
 0002:0000002c       __imp__TerminateProcess@8  1003802c     kernel32:KERNEL32.dll
 0002:00000030       __imp__InterlockedCompareExchange@12 10038030     kernel32:KERNEL32.dll
 0002:00000034       __imp__Sleep@4             10038034     kernel32:KERNEL32.dll
 0002:00000038       __imp__InterlockedExchange@8 10038038     kernel32:KERNEL32.dll
 0002:0000003c       __imp__DecodePointer@4     1003803c     kernel32:KERNEL32.dll
 0002:00000040       __imp__EncodePointer@4     10038040     kernel32:KERNEL32.dll
 0002:00000044       \177KERNEL32_NULL_THUNK_DATA 10038044     kernel32:KERNEL32.dll
 0002:00000048       __imp___except_handler4_common 10038048     MSVCRT:MSVCR100.dll
 0002:0000004c       __imp___onexit             1003804c     MSVCRT:MSVCR100.dll
 0002:00000050       __imp___lock               10038050     MSVCRT:MSVCR100.dll
 0002:00000054       __imp____dllonexit         10038054     MSVCRT:MSVCR100.dll
 0002:00000058       __imp___unlock             10038058     MSVCRT:MSVCR100.dll
 0002:0000005c       __imp____clean_type_info_names_internal 1003805c     MSVCRT:MSVCR100.dll
 0002:00000060       __imp___crt_debugger_hook  10038060     MSVCRT:MSVCR100.dll
 0002:00000064       __imp____CppXcptFilter     10038064     MSVCRT:MSVCR100.dll
 0002:00000068       __imp___amsg_exit          10038068     MSVCRT:MSVCR100.dll
 0002:0000006c       __imp___initterm_e         1003806c     MSVCRT:MSVCR100.dll
 0002:00000070       __imp___initterm           10038070     MSVCRT:MSVCR100.dll
 0002:00000074       __imp___encoded_null       10038074     MSVCRT:MSVCR100.dll
 0002:00000078       __imp___malloc_crt         10038078     MSVCRT:MSVCR100.dll
 0002:0000007c       __imp__ldexp               1003807c     MSVCRT:MSVCR100.dll
 0002:00000080       __imp___setjmp3            10038080     MSVCRT:MSVCR100.dll
 0002:00000084       __imp__strrchr             10038084     MSVCRT:MSVCR100.dll
 0002:00000088       __imp__ceil                10038088     MSVCRT:MSVCR100.dll
 0002:0000008c       __imp__strncmp             1003808c     MSVCRT:MSVCR100.dll
 0002:00000090       __imp__longjmp             10038090     MSVCRT:MSVCR100.dll
 0002:00000094       __imp__strncpy             10038094     MSVCRT:MSVCR100.dll
 0002:00000098       __imp__memcpy              10038098     MSVCRT:MSVCR100.dll
 0002:0000009c       __imp__strcat              1003809c     MSVCRT:MSVCR100.dll
 0002:000000a0       __imp__malloc              100380a0     MSVCRT:MSVCR100.dll
 0002:000000a4       __imp__sprintf             100380a4     MSVCRT:MSVCR100.dll
 0002:000000a8       __imp__free                100380a8     MSVCRT:MSVCR100.dll
 0002:000000ac       __imp__strcmp              100380ac     MSVCRT:MSVCR100.dll
 0002:000000b0       __imp__memset              100380b0     MSVCRT:MSVCR100.dll
 0002:000000b4       __imp__strlen              100380b4     MSVCRT:MSVCR100.dll
 0002:000000b8       \177MSVCR100_NULL_THUNK_DATA 100380b8     MSVCRT:MSVCR100.dll
 0002:000000bc       __imp__emlrtIsEnumR2009a   100380bc     libemlrt:libemlrt.dll
 0002:000000c0       __imp__emlrtGetEnumUnderlyingArrayR2009a 100380c0     libemlrt:libemlrt.dll
 0002:000000c4       __imp__emlrtTranslateUTF16MessagetoLCPstring 100380c4     libemlrt:libemlrt.dll
 0002:000000c8       __imp__emlrtForLoopVectorIsValidR2011b 100380c8     libemlrt:libemlrt.dll
 0002:000000cc       __imp__emlrtTranslateMessageIDtoLCPstring 100380cc     libemlrt:libemlrt.dll
 0002:000000d0       __imp__emlrtExtractMessageId 100380d0     libemlrt:libemlrt.dll
 0002:000000d4       __imp__emlrtNameCapturePostProcessR2012a 100380d4     libemlrt:libemlrt.dll
 0002:000000d8       __imp__emlrtImportVsFiArrayR2009b 100380d8     libemlrt:libemlrt.dll
 0002:000000dc       __imp__emlrtCreateReference 100380dc     libemlrt:libemlrt.dll
 0002:000000e0       __imp__emlrtGetEnumElementR2009a 100380e0     libemlrt:libemlrt.dll
 0002:000000e4       __imp__emlrtCreateEnumR2012b 100380e4     libemlrt:libemlrt.dll
 0002:000000e8       __imp__emlrtCheckEnumR2012b 100380e8     libemlrt:libemlrt.dll
 0002:000000ec       __imp__emlrtCheckVsBuiltInR2012b 100380ec     libemlrt:libemlrt.dll
 0002:000000f0       __imp__emlrtCheckBuiltInR2012b 100380f0     libemlrt:libemlrt.dll
 0002:000000f4       __imp__emlrtDestroyRootTLS 100380f4     libemlrt:libemlrt.dll
 0002:000000f8       __imp__emlrtCreateRootTLS  100380f8     libemlrt:libemlrt.dll
 0002:000000fc       \177libemlrt_NULL_THUNK_DATA 100380fc     libemlrt:libemlrt.dll
 0002:00000100       __imp__ssRegisterDataTypeFxpScaledDouble 10038100     libfixedpoint:libfixedpoint.dll
 0002:00000104       __imp__ssRegisterDataTypeFxpFSlopeFixExpBias 10038104     libfixedpoint:libfixedpoint.dll
[...]
 0001:000131d0       _sfrtGenSizeString         100141d0 f   sfc_mexmsvc80:sfc_mex.obj
 0001:00013200       _sfIsProperVector          10014200 f   sfc_mexmsvc80:sfc_mex.obj
 0001:00013230       _sfIsRowVector             10014230 f   sfc_mexmsvc80:sfc_mex.obj
 0001:00013360       _sf_ExtractMessageId       10014360 f   sfc_mexmsvc80:sfc_mex.obj
 0001:000135b0       _sf_mex_err                100145b0 f   sfc_mexmsvc80:sfc_mex.obj
 0001:00013640       _sf_error_dimension_out_of_bound 10014640 f   sfc_mexmsvc80:sfc_mex.obj
 0001:000136e0       _sf_mex_check_and_set_actual_dimensions 100146e0 f   sfc_mexmsvc80:sfc_mex.obj
 0001:00013860       _sf_mex_check_complex      10014860 f   sfc_mexmsvc80:sfc_mex.obj
 0001:000138d0       _sf_mex_check_sparse       100148d0 f   sfc_mexmsvc80:sfc_mex.obj
 0001:00013910       _sf_mex_check_numerictype  10014910 f   sfc_mexmsvc80:sfc_mex.obj
 0001:000139a0       _sf_mex_check_fimath       100149a0 f   sfc_mexmsvc80:sfc_mex.obj
 0001:000140a0       _size_mismatch_error       100150a0 f   sfc_mexmsvc80:sfc_mex.obj
 0001:000148f0       _check_array_dimensions    100158f0 f   sfc_mexmsvc80:sfc_mex.obj
 0001:00014940       _check_input_mxarray       10015940 f   sfc_mexmsvc80:sfc_mex.obj
 0001:00014fe0       _sf_numeric_value_to_double 10015fe0 f   sfc_mexmsvc80:sfc_mex.obj
 0001:00015020       _ml_generic_out_of_bounds_check 10016020 f   sfc_mexmsvc80:sfc_mex.obj
 0001:000151b0       _ml_get_element_value_from_array 100161b0 f   sfc_mexmsvc80:sfc_mex.obj
 0001:00015680       __ml_generic_castability_check 10016680 f   sfc_mexmsvc80:sfc_mex.obj
 0001:00015f10       _ml_generic_castability_check 10016f10 f   sfc_mexmsvc80:sfc_mex.obj
 0001:00015f70       _ml_check_mx_array_for_single_castability 10016f70 f   sfc_mexmsvc80:sfc_mex.obj
 0001:00015fe0       _ml_check_mx_array_for_logical_castability 10016fe0 f   sfc_mexmsvc80:sfc_mex.obj
 0001:00016040       _ml_check_mx_array_for_int8_castability 10017040 f   sfc_mexmsvc80:sfc_mex.obj
 0001:000160d0       _ml_check_mx_array_for_uint8_castability 100170d0 f   sfc_mexmsvc80:sfc_mex.obj
 0001:00016140       _ml_check_mx_array_for_int16_castability 10017140 f   sfc_mexmsvc80:sfc_mex.obj
 0001:000161b0       _ml_check_mx_array_for_uint16_castability 100171b0 f   sfc_mexmsvc80:sfc_mex.obj
 0001:00016220       _ml_check_mx_array_for_int32_castability 10017220 f   sfc_mexmsvc80:sfc_mex.obj
 0001:00016290       _ml_check_mx_array_for_uint32_castability 10017290 f   sfc_mexmsvc80:sfc_mex.obj
 0001:00016300       _ml_check_mx_array_for_castability 10017300 f   sfc_mexmsvc80:sfc_mex.obj
 0001:00016990       _set_data_value            10017990 f   sfc_mexmsvc80:sfc_mex.obj
 0001:00016e60       _get_data_value            10017e60 f   sfc_mexmsvc80:sfc_mex.obj
 0001:00016f60       _get_next_element_address  10017f60 f   sfc_mexmsvc80:sfc_mex.obj
 0001:00017000       _sf_normalize_index        10018000 f   sfc_mexmsvc80:sfc_mex.obj
 0001:00017290       _ml_array_index_bound_check 10018290 f   sfc_mexmsvc80:sfc_mex.obj
 0001:00017b80       _mx_value                  10018b80 f   sfc_mexmsvc80:sfc_mex.obj
 0001:00017bd0       _sf_create_numeric_array   10018bd0 f   sfc_mexmsvc80:sfc_mex.obj
 0001:00017c50       _sf_mex_assign_to_mx_array 10018c50 f   sfc_mexmsvc80:sfc_mex.obj
 0001:00017eb0       _assign_from_mx_array      10018eb0 f   sfc_mexmsvc80:sfc_mex.obj
 0001:00018670       _sf_mex_import_v           10019670 f   sfc_mexmsvc80:sfc_mex.obj
 0001:00018b30       _get_machine_and_chart_file_number 10019b30 f   sfc_mexmsvc80:sfc_sf.obj
 0001:00018bf0       _get_sfun_block_specialization 10019bf0 f   sfc_mexmsvc80:sfc_sf.obj
 0001:00018c70       _call_sf_machine_global_method_dispatcher 10019c70 f   sfc_mexmsvc80:sfc_sf.obj
 0001:00018e30       _mdl_zeroCrossings_processing 10019e30 f   sfc_mexmsvc80:sfc_sf.obj
 0001:00018ee0       _mdl_derivatives_processing 10019ee0 f   sfc_mexmsvc80:sfc_sf.obj
 0001:00019160       _mdl_outputs_continuous_legacy 1001a160 f   sfc_mexmsvc80:sfc_sf.obj
 0001:000191e0       _mdl_outputs_processing    1001a1e0 f   sfc_mexmsvc80:sfc_sf.obj
 0001:00019410       _mdl_enable_processing     1001a410 f   sfc_mexmsvc80:sfc_sf.obj
 0001:000194c0       _mdl_disable_processing    1001a4c0 f   sfc_mexmsvc80:sfc_sf.obj
 0001:0001a030       _sf_call_output_fcn_enable_disable 1001b030 f   sfc_mexmsvc80:sfc_sf.obj
 0001:0001a250       _set_dwork_information_from_mx_array 1001b250 f   sfc_mexmsvc80:sfc_sf.obj
 0001:0001abf0       _ptr2mxStruct              1001bbf0 f   sfc_mexmsvc80:sfc_sf.obj
 0001:0001ae10       _SNPRINTF_WRAPPER          1001be10 f   sfc_debugmsvc80:sfcdebug.obj
 0001:0001ae50       _sf_debug_chart_instance_initialized 1001be50 f   sfc_debugmsvc80:sfcdebug.obj
 0001:0001afd0       _sfrtAddSize               1001bfd0 f   sfc_debugmsvc80:sfcdebug.obj
 0001:0001b080       _sfrtGenSizeString         1001c080 f   sfc_debugmsvc80:sfcdebug.obj
 0001:0001b530       _fill_single_message_info  1001c530 f   sfc_debugmsvc80:sfcdebug.obj
 0001:0001b690       _sf_debug_sim_status_listener 1001c690 f   sfc_debugmsvc80:sfcdebug.obj
 0001:0001bb60       _sf_debug_form_mask_bits   1001cb60 f   sfc_debugmsvc80:sfcdebug.obj
 0001:0001bba0       _sf_debug_form_sf_data_type_offsets 1001cba0 f   sfc_debugmsvc80:sfcdebug.obj
 0001:0001bc30       _sf_debug_free_all         1001cc30 f   sfc_debugmsvc80:sfcdebug.obj
 0001:0001bdd0       _sf_debug_append_debugger_context 1001cdd0 f   sfc_debugmsvc80:sfcdebug.obj
 0001:0001c130       _local_strdup              1001d130 f   sfc_debugmsvc80:sfcdebug.obj
 0001:0001ce30       _sf_debug_em_terminate     1001de30 f   sfc_debugmsvc80:sfcdebug.obj
 0001:0001ce70       _sf_debug_push_eml_function 1001de70 f   sfc_debugmsvc80:sfcdebug.obj
 0001:0001cf00       _sf_debug_pop_eml_function 1001df00 f   sfc_debugmsvc80:sfcdebug.obj
 0001:0001d7e0       _sf_debug_get_machine_number_from_id_or_name 1001e7e0 f   sfc_debugmsvc80:sfcdebug.obj
 0001:0001d940       _sf_debug_get_chart_number_from_id 1001e940 f   sfc_debugmsvc80:sfcdebug.obj
 0001:0001e350       _sf_debug_transfer_control_to_debugger_GUI 1001f350 f   sfc_debugmsvc80:sfcdebug.obj
 0001:0001f1a0       _sf_debug_scripts_rehash   100201a0 f   sfc_debugmsvc80:sfcdebug.obj
 0001:0001f350       _sf_debug_get_script_line_count 10020350 f   sfc_debugmsvc80:sfcdebug.obj
 0001:0001fa00       _cv_eml_state_cvId         10020a00 f   sfc_debugmsvc80:sfcdebug.obj
 0001:0001fa50       _cv_eml_trans_cvId         10020a50 f   sfc_debugmsvc80:sfcdebug.obj
 0001:000208c0       _sf_debug_data_array_bounds_error 100218c0 f   sfc_debugmsvc80:sfcdebug.obj
 0001:00020bd0       _eml_debug_runtime_error_doclink 10021bd0 f   sfc_debugmsvc80:sfcdebug.obj
 0001:00020d00       _sf_debug_runtime_error    10021d00 f   sfc_debugmsvc80:sfcdebug.obj
 0001:00020d50       _sf_debug_matlab_error     10021d50 f   sfc_debugmsvc80:sfcdebug.obj
 0001:00021320       _sf_debug_data_value_error 10022320 f   sfc_debugmsvc80:sfcdebug.obj
 0001:00021940       _sf_debug_data_loss_error  10022940 f   sfc_debugmsvc80:sfcdebug.obj
 0001:000224b0       _call_cv_range_check       100234b0 f   sfc_debugmsvc80:sfcdebug.obj
 0001:00022a50       _sf_debug_invoke_cycle_detection_code 10023a50 f   sfc_debugmsvc80:sfcdebug.obj
 0001:000233d0       _sf_reset_debug_info_struct 100243d0 f   sfc_debugmsvc80:sfcdebug.obj
 0001:00023a30       _cv_script_cvId            10024a30 f   sfc_debugmsvc80:sfcdebug.obj
 0001:00024490       _sfc_api_chart_visible     10025490 f   sfc_debugmsvc80:sfc_api.obj
 0001:00024550       _sfc_api_active_instance   10025550 f   sfc_debugmsvc80:sfc_api.obj
 0001:000245f0       _sfc_api_machine_load      100255f0 f   sfc_debugmsvc80:sfc_api.obj
 0001:00024700       _sfc_api_debugger_alive    10025700 f   sfc_debugmsvc80:sfc_api.obj
 0001:00024720       _sfc_api_go                10025720 f   sfc_debugmsvc80:sfc_api.obj
 0001:00024740       _sfc_api_step_over         10025740 f   sfc_debugmsvc80:sfc_api.obj
 0001:00024760       _sfc_api_step_out          10025760 f   sfc_debugmsvc80:sfc_api.obj
 0001:00024780       _sfc_api_resume            10025780 f   sfc_debugmsvc80:sfc_api.obj
 0001:000247a0       _sfc_api_break             100257a0 f   sfc_debugmsvc80:sfc_api.obj
 0001:000247c0       _sfc_api_stop_debugging    100257c0 f   sfc_debugmsvc80:sfc_api.obj
 0001:00024810       _sfc_api_is_cycle_detected 10025810 f   sfc_debugmsvc80:sfc_api.obj
 0001:00024860       _sfc_api_is_array_bounds_detected 10025860 f   sfc_debugmsvc80:sfc_api.obj
 0001:000248b0       _sfc_api_set_disable_all_breakpoints 100258b0 f   sfc_debugmsvc80:sfc_api.obj
 0001:00024940       _sfc_api_disable_all_breakpoints_and_go 10025940 f   sfc_debugmsvc80:sfc_api.obj
 0001:00024960       _sfc_api_close             10025960 f   sfc_debugmsvc80:sfc_api.obj
 0001:00024980       _sfc_api_browse_data       10025980 f   sfc_debugmsvc80:sfc_api.obj
 0001:00024a00       _sfc_api_watch_data        10025a00 f   sfc_debugmsvc80:sfc_api.obj
 0001:00024b00       _sfc_api_extract_message_post_receive_info 10025b00 f   sfc_debugmsvc80:sfc_api.obj
 0001:00024b20       _sfc_api_assign_data       10025b20 f   sfc_debugmsvc80:sfc_api.obj
 0001:00024ba0       _sfc_api_whos              10025ba0 f   sfc_debugmsvc80:sfc_api.obj
 0001:00024c30       _sfc_api_get_consistency_info 10025c30 f   sfc_debugmsvc80:sfc_api.obj
 0001:00024c50       _sfc_api_browse_trace      10025c50 f   sfc_debugmsvc80:sfc_api.obj
 0001:00024c70       _sfc_api_break_on_chart_entry 10025c70 f   sfc_debugmsvc80:sfc_api.obj
 0001:00024cb0       _sfc_api_break_on_event_broadcast 10025cb0 f   sfc_debugmsvc80:sfc_api.obj
 0001:00024cf0       _sfc_api_break_on_state_entry 10025cf0 f   sfc_debugmsvc80:sfc_api.obj
 0001:00024d30       _sfc_api_set_watch         10025d30 f   sfc_debugmsvc80:sfc_api.obj
 0001:00024e10       _sfc_api_set_breakpoints   10025e10 f   sfc_debugmsvc80:sfc_api.obj
 0001:00024ef0       _sfc_api_set_eml_breakpoints 10025ef0 f   sfc_debugmsvc80:sfc_api.obj
 0001:00024fa0       _sfc_api_set_script_breakpoints 10025fa0 f   sfc_debugmsvc80:sfc_api.obj
 0001:00025010       _sfc_api_add_script_breakpoints 10026010 f   sfc_debugmsvc80:sfc_api.obj
 0001:00025080       _sfc_api_clear_script_breakpoints 10026080 f   sfc_debugmsvc80:sfc_api.obj
 0001:000250f0       _sfc_api_query_script_breakpoints 100260f0 f   sfc_debugmsvc80:sfc_api.obj
 0001:00025160       _sfc_api_get_script_id     10026160 f   sfc_debugmsvc80:sfc_api.obj
 0001:00025200       _sfc_api_get_active_states 10026200 f   sfc_debugmsvc80:sfc_api.obj
 0001:00025270       _sfc_api_break_between_times 10026270 f   sfc_debugmsvc80:sfc_api.obj
 0001:000252d0       _sfc_api_get_instance_handle 100262d0 f   sfc_debugmsvc80:sfc_api.obj
 0001:000253b0       _sfc_api_set_animation     100263b0 f   sfc_debugmsvc80:sfc_api.obj
 0001:00025410       _sfc_api_select_chart      10026410 f   sfc_debugmsvc80:sfc_api.obj
 0001:000254a0       _sfc_api_select_charts     100264a0 f   sfc_debugmsvc80:sfc_api.obj
 0001:000254d0       _sfc_api_cycle_detection_check 100264d0 f   sfc_debugmsvc80:sfc_api.obj
 0001:00025530       _sfc_api_data_range_check  10026530 f   sfc_debugmsvc80:sfc_api.obj
 0001:00025590       _sfc_api_transition_conflict_check 10026590 f   sfc_debugmsvc80:sfc_api.obj
 0001:000255f0       _sfc_api_state_consistency_check 100265f0 f   sfc_debugmsvc80:sfc_api.obj
 0001:00025650       _sfc_api_set_instance_cv_ids 10026650 f   sfc_debugmsvc80:sfc_api.obj
 0001:00025780       _sfc_api_set_script_cv_ids 10026780 f   sfc_debugmsvc80:sfc_api.obj
 0001:00025850       _sfc_api_get_current_machine_id 10026850 f   sfc_debugmsvc80:sfc_api.obj
 0001:00025890       _sfc_api_get_current_machine_number 10026890 f   sfc_debugmsvc80:sfc_api.obj
 0001:000258d0       _sfc_api_get_current_chart_number 100268d0 f   sfc_debugmsvc80:sfc_api.obj
 0001:00025910       _sfc_api_get_current_instance_number 10026910 f   sfc_debugmsvc80:sfc_api.obj
 0001:00025950       _sfc_api_get_current_instance_handle 10026950 f   sfc_debugmsvc80:sfc_api.obj
 0001:00025970       _sfc_api_get_current_is_minor_time_step 10026970 f   sfc_debugmsvc80:sfc_api.obj
 0001:000259b0       _sfc_api_get_current_machine_name 100269b0 f   sfc_debugmsvc80:sfc_api.obj
 0001:000259d0       _sfc_api_get_current_chart_id 100269d0 f   sfc_debugmsvc80:sfc_api.obj
 0001:00025a10       _sfc_api_get_current_object_type 10026a10 f   sfc_debugmsvc80:sfc_api.obj
 0001:00025a50       _sfc_api_get_current_event_type 10026a50 f   sfc_debugmsvc80:sfc_api.obj
 0001:00025a90       _sfc_api_get_current_object_id 10026a90 f   sfc_debugmsvc80:sfc_api.obj
 0001:00025ad0       _sfc_get_current_active_event_type 10026ad0 f   sfc_debugmsvc80:sfc_api.obj
 0001:00025b10       _sfc_api_get_current_active_event_id 10026b10 f   sfc_debugmsvc80:sfc_api.obj
 0001:00025b50       _sfc_api_get_current_simulation_time 10026b50 f   sfc_debugmsvc80:sfc_api.obj
 0001:00025b70       _sfc_get_current_tag_type  10026b70 f   sfc_debugmsvc80:sfc_api.obj
 0001:00025bb0       _sfc_get_current_coverage_percentage 10026bb0 f   sfc_debugmsvc80:sfc_api.obj
 0001:00025bd0       _sfc_get_current_statement_context 10026bd0 f   sfc_debugmsvc80:sfc_api.obj
 0001:00025bf0       _sfc_get_current_optional_integer 10026bf0 f   sfc_debugmsvc80:sfc_api.obj
 0001:00025c20       _sfc_get_current_statement_info 10026c20 f   sfc_debugmsvc80:sfc_api.obj
 0001:00025cc0       _sfc_api_get               10026cc0 f   sfc_debugmsvc80:sfc_api.obj
 0001:00026710       _sf_debug_sm_fill_state_activity_data 10027710 f   sfc_debugmsvc80:sfdb_animation.obj
 0001:000289e0       _void_ptr_stack_vector_free_total 100299e0 f   sfc_debugmsvc80:sfdb_data_browse.obj
 0001:00028a40       _sf_debug_st_terminate_machine 10029a40 f   sfc_debugmsvc80:sfdb_data_browse.obj
 0001:00028a70       _sf_debug_st_terminate_instance 10029a70 f   sfc_debugmsvc80:sfdb_data_browse.obj
 0001:00028bf0       _push_on_to_void_ptr_stack 10029bf0 f   sfc_debugmsvc80:sfdb_data_browse.obj
 0001:00028d20       _pop_from_void_ptr_stack   10029d20 f   sfc_debugmsvc80:sfdb_data_browse.obj
 0001:00028e20       _sf_debug_st_get_data_value 10029e20 f   sfc_debugmsvc80:sfdb_data_browse.obj
 0001:000292c0       _mx_value                  1002a2c0 f   sfc_debugmsvc80:sfdb_data_browse.obj
 0001:000292f0       _sf_debug_st_fill_data_struct 1002a2f0 f   sfc_debugmsvc80:sfdb_data_browse.obj
 0001:000295c0       _data_type_format_strings  1002a5c0 f   sfc_debugmsvc80:sfdb_data_browse.obj
 0001:00029630       _sf_debug_st_fill_data     1002a630 f   sfc_debugmsvc80:sfdb_data_browse.obj
 0001:0002a030       _sf_debug_hm_get_simulink_handle 1002b030 f   sfc_debugmsvc80:sfdb_handle_management.obj
 0001:0002a9b0       _sf_debug_hm_initialize_globals 1002b9b0 f   sfc_debugmsvc80:sfdb_handle_management.obj
 0001:0002aaa0       _sf_debug_hm_get_machine_debug_flag 1002baa0 f   sfc_debugmsvc80:sfdb_handle_management.obj
 0001:0002abf0       _sf_debug_hm_get_machine_id 1002bbf0 f   sfc_debugmsvc80:sfdb_handle_management.obj
 0001:0002ad00       _sf_debug_hm_get_chart_id  1002bd00 f   sfc_debugmsvc80:sfdb_handle_management.obj
 0001:0002ae70       _sf_debug_hm_register_executing_SFunction 1002be70 f   sfc_debugmsvc80:sfdb_handle_management.obj
 0001:0002b170       _sf_debug_hm_form_object_boolean_properties 1002c170 f   sfc_debugmsvc80:sfdb_handle_management.obj
 0001:0002b3e0       _sf_debug_hm_form_object_properties 1002c3e0 f   sfc_debugmsvc80:sfdb_handle_management.obj
 0001:0002b5e0       _sf_debug_hm_terminate_charts 1002c5e0 f   sfc_debugmsvc80:sfdb_handle_management.obj
 0001:0002bc00       _sf_debug_hm_terminate_machines 1002cc00 f   sfc_debugmsvc80:sfdb_handle_management.obj
 0001:0002d420       _sf_debug_ss_copy_dimension 1002e420 f   sfc_debugmsvc80:sfdb_symbol_scope.obj
 0001:0002d490       _sf_debug_ss_get_number_elements 1002e490 f   sfc_debugmsvc80:sfdb_symbol_scope.obj
 0001:0002d4b0       _sf_debug_ss_fill_data_struct 1002e4b0 f   sfc_debugmsvc80:sfdb_symbol_scope.obj
 0001:0002d6a0       _sf_debug_ss_reset_data_info 1002e6a0 f   sfc_debugmsvc80:sfdb_symbol_scope.obj
 0001:0002d6f0       _sf_debug_fill_data_info_by_symbol_scope_entry 1002e6f0 f   sfc_debugmsvc80:sfdb_symbol_scope.obj
 0001:0002d7a0       _sf_debug_fill_data_info_by_data_vector 1002e7a0 f   sfc_debugmsvc80:sfdb_symbol_scope.obj
 0001:0002d960       _get_data_info_helper      1002e960 f   sfc_debugmsvc80:sfdb_symbol_scope.obj
 0001:0002d9e0       _sf_debug_ss_get_data_info 1002e9e0 f   sfc_debugmsvc80:sfdb_symbol_scope.obj
 0001:0002db90       _sf_debug_select_mex_function 1002eb90 f   sfc_debugmsvc80:sfdb_symbol_scope.obj
 0001:0002dbc0       _sf_debug_is_dyn_matrix_initialized 1002ebc0 f   sfc_debugmsvc80:sfdb_symbol_scope.obj
 0001:0002dbe0       _sf_debug_ss_set_data_value_try 1002ebe0 f   sfc_debugmsvc80:sfdb_symbol_scope.obj
 0001:0002dd10       _sf_debug_ss_get_data_value 1002ed10 f   sfc_debugmsvc80:sfdb_symbol_scope.obj
 0001:0002e240       _sf_debug_ss_data_bytes_string 1002f240 f   sfc_debugmsvc80:sfdb_symbol_scope.obj
 0001:0002e2b0       _sf_debug_ss_data_class_string 1002f2b0 f   sfc_debugmsvc80:sfdb_symbol_scope.obj
 0001:0002e600       _sf_debug_ss_data_size_string 1002f600 f   sfc_debugmsvc80:sfdb_symbol_scope.obj
 0001:0002e6c0       _sf_debug_ss_data_create_data_info_struct 1002f6c0 f   sfc_debugmsvc80:sfdb_symbol_scope.obj
 0001:0002e920       _sf_debug_ss_data_create_name_value_pair 1002f920 f   sfc_debugmsvc80:sfdb_symbol_scope.obj
 0001:0002e980       _sf_debug_ss_data_get_whos_info 1002f980 f   sfc_debugmsvc80:sfdb_symbol_scope.obj
 0001:0002e9b0       _same_named_data_in_data_array 1002f9b0 f   sfc_debugmsvc80:sfdb_symbol_scope.obj
 0001:0002fe40       _sf_debug_cc_terminate_chart 10030e40 f   sfc_debugmsvc80:sfdb_coverage.obj
 0001:00030150       _sf_debug_cc_terminate_instance 10031150 f   sfc_debugmsvc80:sfdb_coverage.obj
 0001:00030b80       _sf_debug_cc_mark_object_if_needed 10031b80 f   sfc_debugmsvc80:sfdb_coverage.obj
 0001:00031300       _sf_debug_bm_initialize_eml 10032300 f   sfc_debugmsvc80:sfdb_breakpoints.obj
 0001:000322d0       _sf_debug_bm_map_debug_tag_to_breakpoint_tag 100332d0 f   sfc_debugmsvc80:sfdb_breakpoints.obj
 0001:00032370       _sf_debug_bm_is_a_eml_breakpoint_impl 10033370 f   sfc_debugmsvc80:sfdb_breakpoints.obj
 0001:000339d0       _sf_debug_sc_push_on_error_stack 100349d0 f   sfc_debugmsvc80:sfdb_state_consistency.obj
 0001:00033ad0       _sf_debug_sc_reset_error_stack 10034ad0 f   sfc_debugmsvc80:sfdb_state_consistency.obj
 0001:00033c20       _sf_debug_sc_is_state_inconsistent 10034c20 f   sfc_debugmsvc80:sfdb_state_consistency.obj
 0001:00033e40       _sf_debug_sc_fill_consistency_info 10034e40 f   sfc_debugmsvc80:sfdb_state_consistency.obj
 0001:000342d0       _void_assertion_fcn        100352d0 f   sfc_debugmsvc80:sfdb_call_stack.obj
 0001:000347b0       _sf_debug_tm_fill_local_trace 100357b0 f   sfc_debugmsvc80:sfdb_call_stack.obj
 0001:00034c30       _sf_debug_cd_terminate_instance 10035c30 f   sfc_debugmsvc80:sfdb_cycle_detection.obj
 0001:00034c90       _sf_debug_cd_free_checksum_stack 10035c90 f   sfc_debugmsvc80:sfdb_cycle_detection.obj
 0001:00034cc0       _sf_debug_cd_reset_pack_strings 10035cc0 f   sfc_debugmsvc80:sfdb_cycle_detection.obj
 0001:00035300       _md5file_clear             10036300 f   sfc_debugmsvc80:ckmd5.obj
 0001:00035330       _Encode                    10036330 f   sfc_debugmsvc80:ckmd5.obj
 0001:00035370       _Decode                    10036370 f   sfc_debugmsvc80:ckmd5.obj
 0001:000353f0       _MD5Transform              100363f0 f   sfc_debugmsvc80:ckmd5.obj
 0001:00035ab0       _md5file_addn              10036ab0 f   sfc_debugmsvc80:ckmd5.obj
 0001:00035b60       _md5file_hash              10036b60 f   sfc_debugmsvc80:ckmd5.obj
 0001:00036019       _pre_c_init                10037019 f   MSVCRT:crtdll.obj
 0001:00036271       ___DllMainCRTStartup       10037271 f   MSVCRT:crtdll.obj
